Archive member included because of file (symbol)

c:/users/balazs/.platformio/packages/toolchain-gccarmnoneeabi/bin/../lib/gcc/arm-none-eabi/4.8.4/../../../../arm-none-eabi/lib/armv6-m\libc.a(lib_a-exit.o)
                              c:/users/balazs/.platformio/packages/toolchain-gccarmnoneeabi/bin/../lib/gcc/arm-none-eabi/4.8.4/../../../../arm-none-eabi/lib/armv6-m/crt0.o (exit)
c:/users/balazs/.platformio/packages/toolchain-gccarmnoneeabi/bin/../lib/gcc/arm-none-eabi/4.8.4/../../../../arm-none-eabi/lib/armv6-m\libc.a(lib_a-impure.o)
                              c:/users/balazs/.platformio/packages/toolchain-gccarmnoneeabi/bin/../lib/gcc/arm-none-eabi/4.8.4/../../../../arm-none-eabi/lib/armv6-m\libc.a(lib_a-exit.o) (_global_impure_ptr)
c:/users/balazs/.platformio/packages/toolchain-gccarmnoneeabi/bin/../lib/gcc/arm-none-eabi/4.8.4/../../../../arm-none-eabi/lib/armv6-m\libc.a(lib_a-init.o)
                              c:/users/balazs/.platformio/packages/toolchain-gccarmnoneeabi/bin/../lib/gcc/arm-none-eabi/4.8.4/../../../../arm-none-eabi/lib/armv6-m/crt0.o (__libc_init_array)
c:/users/balazs/.platformio/packages/toolchain-gccarmnoneeabi/bin/../lib/gcc/arm-none-eabi/4.8.4/../../../../arm-none-eabi/lib/armv6-m\libc.a(lib_a-memset.o)
                              c:/users/balazs/.platformio/packages/toolchain-gccarmnoneeabi/bin/../lib/gcc/arm-none-eabi/4.8.4/../../../../arm-none-eabi/lib/armv6-m/crt0.o (memset)
c:/users/balazs/.platformio/packages/toolchain-gccarmnoneeabi/bin/../lib/gcc/arm-none-eabi/4.8.4/../../../../arm-none-eabi/lib/armv6-m\libc.a(lib_a-__call_atexit.o)
                              c:/users/balazs/.platformio/packages/toolchain-gccarmnoneeabi/bin/../lib/gcc/arm-none-eabi/4.8.4/../../../../arm-none-eabi/lib/armv6-m\libc.a(lib_a-exit.o) (__call_exitprocs)
c:/users/balazs/.platformio/packages/toolchain-gccarmnoneeabi/bin/../lib/gcc/arm-none-eabi/4.8.4/../../../../arm-none-eabi/lib/armv6-m\libc.a(lib_a-atexit.o)
                              c:/users/balazs/.platformio/packages/toolchain-gccarmnoneeabi/bin/../lib/gcc/arm-none-eabi/4.8.4/../../../../arm-none-eabi/lib/armv6-m\libc.a(lib_a-__call_atexit.o) (atexit)
c:/users/balazs/.platformio/packages/toolchain-gccarmnoneeabi/bin/../lib/gcc/arm-none-eabi/4.8.4/../../../../arm-none-eabi/lib/armv6-m\libc.a(lib_a-fini.o)
                              c:/users/balazs/.platformio/packages/toolchain-gccarmnoneeabi/bin/../lib/gcc/arm-none-eabi/4.8.4/../../../../arm-none-eabi/lib/armv6-m\libc.a(lib_a-__call_atexit.o) (__libc_fini_array)
c:/users/balazs/.platformio/packages/toolchain-gccarmnoneeabi/bin/../lib/gcc/arm-none-eabi/4.8.4/../../../../arm-none-eabi/lib/armv6-m\libc.a(lib_a-__atexit.o)
                              c:/users/balazs/.platformio/packages/toolchain-gccarmnoneeabi/bin/../lib/gcc/arm-none-eabi/4.8.4/../../../../arm-none-eabi/lib/armv6-m\libc.a(lib_a-atexit.o) (__register_exitproc)
c:/users/balazs/.platformio/packages/toolchain-gccarmnoneeabi/bin/../lib/gcc/arm-none-eabi/4.8.4/armv6-m\libgcc.a(_udivsi3.o)
                              .pioenvs\nucleo_f030r8\src\main.o (__aeabi_uidiv)
c:/users/balazs/.platformio/packages/toolchain-gccarmnoneeabi/bin/../lib/gcc/arm-none-eabi/4.8.4/armv6-m\libgcc.a(_dvmd_tls.o)
                              c:/users/balazs/.platformio/packages/toolchain-gccarmnoneeabi/bin/../lib/gcc/arm-none-eabi/4.8.4/armv6-m\libgcc.a(_udivsi3.o) (__aeabi_idiv0)
c:/users/balazs/.platformio/packages/toolchain-gccarmnoneeabi/bin/../lib/gcc/arm-none-eabi/4.8.4/../../../../arm-none-eabi/lib/armv6-m\libnosys.a(_exit.o)
                              c:/users/balazs/.platformio/packages/toolchain-gccarmnoneeabi/bin/../lib/gcc/arm-none-eabi/4.8.4/../../../../arm-none-eabi/lib/armv6-m\libc.a(lib_a-exit.o) (_exit)
.pioenvs\nucleo_f030r8\libFrameworkHALDriver.a(stm32f0xx_hal.o)
                              .pioenvs\nucleo_f030r8\src\main.o (HAL_Init)
.pioenvs\nucleo_f030r8\libFrameworkHALDriver.a(stm32f0xx_hal_cortex.o)
                              .pioenvs\nucleo_f030r8\src\main.o (HAL_NVIC_SetPriority)
.pioenvs\nucleo_f030r8\libFrameworkHALDriver.a(stm32f0xx_hal_gpio.o)
                              .pioenvs\nucleo_f030r8\src\gpio.o (HAL_GPIO_Init)
.pioenvs\nucleo_f030r8\libFrameworkHALDriver.a(stm32f0xx_hal_rcc.o)
                              .pioenvs\nucleo_f030r8\src\main.o (HAL_RCC_OscConfig)
.pioenvs\nucleo_f030r8\libFrameworkHALDriver.a(stm32f0xx_hal_rcc_ex.o)
                              .pioenvs\nucleo_f030r8\src\main.o (HAL_RCCEx_PeriphCLKConfig)
.pioenvs\nucleo_f030r8\libFrameworkHALDriver.a(stm32f0xx_hal_spi.o)
                              .pioenvs\nucleo_f030r8\src\spi.o (HAL_SPI_Init)
.pioenvs\nucleo_f030r8\libFrameworkHALDriver.a(stm32f0xx_hal_tim.o)
                              .pioenvs\nucleo_f030r8\src\main.o (HAL_TIM_Base_Start_IT)
.pioenvs\nucleo_f030r8\libFrameworkHALDriver.a(stm32f0xx_hal_tim_ex.o)
[...]
Memory Configuration

Name             Origin             Length             Attributes
RAM              0x20000000         0x00001000         xrw
FLASH            0x08000000         0x00004000         xr
*default*        0x00000000         0xffffffff

Linker script and memory map

LOAD c:/users/balazs/.platformio/packages/toolchain-gccarmnoneeabi/bin/../lib/gcc/arm-none-eabi/4.8.4/armv6-m/crti.o
LOAD c:/users/balazs/.platformio/packages/toolchain-gccarmnoneeabi/bin/../lib/gcc/arm-none-eabi/4.8.4/armv6-m/crtbegin.o
LOAD c:/users/balazs/.platformio/packages/toolchain-gccarmnoneeabi/bin/../lib/gcc/arm-none-eabi/4.8.4/../../../../arm-none-eabi/lib/armv6-m/crt0.o
                0x20001000                _estack = 0x20001000
                0x00000200                _Min_Heap_Size = 0x200
                0x00000400                _Min_Stack_Size = 0x400

.isr_vector     0x08000000       0xc0
                0x08000000                . = ALIGN (0x4)
 *(.isr_vector)
 .isr_vector    0x08000000       0xc0 .pioenvs\nucleo_f030r8\libFrameworkCMSISDevice.a(startup_stm32f030x4.o)
                0x08000000                g_pfnVectors
                0x080000c0                . = ALIGN (0x4)

.text           0x080000c0     0x26f4
                0x080000c0                . = ALIGN (0x4)
 *(.text)
 .text          0x080000c0       0x60 c:/users/balazs/.platformio/packages/toolchain-gccarmnoneeabi/bin/../lib/gcc/arm-none-eabi/4.8.4/armv6-m/crtbegin.o
 .text          0x08000120       0x9c c:/users/balazs/.platformio/packages/toolchain-gccarmnoneeabi/bin/../lib/gcc/arm-none-eabi/4.8.4/armv6-m\libgcc.a(_udivsi3.o)
                0x08000120                __aeabi_uidiv
                0x08000120                __udivsi3
                0x080001a8                __aeabi_uidivmod
 .text          0x080001bc        0x4 c:/users/balazs/.platformio/packages/toolchain-gccarmnoneeabi/bin/../lib/gcc/arm-none-eabi/4.8.4/armv6-m\libgcc.a(_dvmd_tls.o)
                0x080001bc                __aeabi_idiv0
                0x080001bc                __aeabi_ldiv0
 .text          0x080001c0       0x14 c:/users/balazs/.platformio/packages/toolchain-gccarmnoneeabi/bin/../lib/gcc/arm-none-eabi/4.8.4/armv6-m\libgcc.a(_thumb1_case_uqi.o)
                0x080001c0                __gnu_thumb1_case_uqi
 *(.text*)
 .text.__libc_init_array
                0x080001d4       0x48 c:/users/balazs/.platformio/packages/toolchain-gccarmnoneeabi/bin/../lib/gcc/arm-none-eabi/4.8.4/../../../../arm-none-eabi/lib/armv6-m\libc.a(lib_a-init.o)
                0x080001d4                __libc_init_array
 .text.startup.register_fini
                0x0800021c       0x18 c:/users/balazs/.platformio/packages/toolchain-gccarmnoneeabi/bin/../lib/gcc/arm-none-eabi/4.8.4/../../../../arm-none-eabi/lib/armv6-m\libc.a(lib_a-__call_atexit.o)
 .text.atexit   0x08000234       0x10 c:/users/balazs/.platformio/packages/toolchain-gccarmnoneeabi/bin/../lib/gcc/arm-none-eabi/4.8.4/../../../../arm-none-eabi/lib/armv6-m\libc.a(lib_a-atexit.o)
                0x08000234                atexit
 .text.__libc_fini_array
                0x08000244       0x30 c:/users/balazs/.platformio/packages/toolchain-gccarmnoneeabi/bin/../lib/gcc/arm-none-eabi/4.8.4/../../../../arm-none-eabi/lib/armv6-m\libc.a(lib_a-fini.o)
                0x08000244                __libc_fini_array
 .text.__register_exitproc
                0x08000274       0xc0 c:/users/balazs/.platformio/packages/toolchain-gccarmnoneeabi/bin/../lib/gcc/arm-none-eabi/4.8.4/../../../../arm-none-eabi/lib/armv6-m\libc.a(lib_a-__atexit.o)
                0x08000274                __register_exitproc
 .text.MX_GPIO_Init
                0x08000334       0xbc .pioenvs\nucleo_f030r8\src\gpio.o
                0x08000334                MX_GPIO_Init
 .text.SystemClock_Config
                0x080003f0       0x7e .pioenvs\nucleo_f030r8\src\main.o
                0x080003f0                SystemClock_Config
 *fill*         0x0800046e        0x2 
 .text.Start_Timer_IT
                0x08000470       0x20 .pioenvs\nucleo_f030r8\src\main.o
                0x08000470                Start_Timer_IT
 .text.HLW_Update_Power
                0x08000490       0x34 .pioenvs\nucleo_f030r8\src\main.o
                0x08000490                HLW_Update_Power
 .text.HLW_Update_Current
                0x080004c4       0x30 .pioenvs\nucleo_f030r8\src\main.o
                0x080004c4                HLW_Update_Current
 .text.HLW_Update_Voltage
                0x080004f4       0x30 .pioenvs\nucleo_f030r8\src\main.o
                0x080004f4                HLW_Update_Voltage
 .text.HLW_calculateDefaultMultipliers
                0x08000524       0x3c .pioenvs\nucleo_f030r8\src\main.o
                0x08000524                HLW_calculateDefaultMultipliers
 .text.NRF24_Init
                0x08000560       0xd4 .pioenvs\nucleo_f030r8\src\main.o
                0x08000560                NRF24_Init
 .text.startup.main
                0x08000634       0x4c .pioenvs\nucleo_f030r8\src\main.o
                0x08000634                main
 .text.HAL_TIM_PeriodElapsedCallback
                0x08000680       0x28 .pioenvs\nucleo_f030r8\src\main.o
                0x08000680                HAL_TIM_PeriodElapsedCallback
 .text.HAL_TIM_IC_CaptureCallback
                0x080006a8       0xd4 .pioenvs\nucleo_f030r8\src\main.o
                0x080006a8                HAL_TIM_IC_CaptureCallback
 .text.Error_Handler
                0x0800077c        0x2 .pioenvs\nucleo_f030r8\src\main.o
                0x0800077c                Error_Handler
 *fill*         0x0800077e        0x2 
 .text.NRF24L01_CE_LOW
                0x08000780       0x14 .pioenvs\nucleo_f030r8\src\nrf24l01.o
                0x08000780                NRF24L01_CE_LOW
 .text.NRF24L01_CE_HIGH
                0x08000794       0x14 .pioenvs\nucleo_f030r8\src\nrf24l01.o
                0x08000794                NRF24L01_CE_HIGH
 .text.NRF24L01_CSN_LOW
                0x080007a8       0x14 .pioenvs\nucleo_f030r8\src\nrf24l01.o
                0x080007a8                NRF24L01_CSN_LOW
 .text.NRF24L01_CSN_HIGH
                0x080007bc       0x14 .pioenvs\nucleo_f030r8\src\nrf24l01.o
                0x080007bc                NRF24L01_CSN_HIGH
 .text.NRF24L01_FlushRx
                0x080007d0       0x24 .pioenvs\nucleo_f030r8\src\nrf24l01.o
                0x080007d0                NRF24L01_FlushRx
 .text.NRF24L01_FlushTx
                0x080007f4       0x24 .pioenvs\nucleo_f030r8\src\nrf24l01.o
                0x080007f4                NRF24L01_FlushTx
 .text.NRF24L01_SwitchBank
                0x08000818       0x28 .pioenvs\nucleo_f030r8\src\nrf24l01.o
                0x08000818                NRF24L01_SwitchBank
 .text.NRF24L01_ReadRegister
                0x08000840       0x38 .pioenvs\nucleo_f030r8\src\nrf24l01.o
                0x08000840                NRF24L01_ReadRegister
 .text.NRF24L01_WriteRegister
                0x08000878       0x28 .pioenvs\nucleo_f030r8\src\nrf24l01.o
                0x08000878                NRF24L01_WriteRegister
 .text.NRF24L01_ClearInterrupts
                0x080008a0        0xc .pioenvs\nucleo_f030r8\src\nrf24l01.o
                0x080008a0                NRF24L01_ClearInterrupts
 .text.NRF24L01_WriteRegisterMulti
                0x080008ac       0x4c .pioenvs\nucleo_f030r8\src\nrf24l01.o
                0x080008ac                NRF24L01_WriteRegisterMulti
 .text.NRF24L01_SoftwareReset_RFM75
                0x080008f8      0x130 .pioenvs\nucleo_f030r8\src\nrf24l01.o
                0x080008f8                NRF24L01_SoftwareReset_RFM75
 .text.NRF24L01_SetTxAddress
                0x08000a28       0x1a .pioenvs\nucleo_f030r8\src\nrf24l01.o
                0x08000a28                NRF24L01_SetTxAddress
 .text.NRF24L01_PowerUpRx
                0x08000a42       0x20 .pioenvs\nucleo_f030r8\src\nrf24l01.o
                0x08000a42                NRF24L01_PowerUpRx
 *fill*         0x08000a62        0x2 
 .text.NRF24L01_SoftwareReset
                0x08000a64      0x180 .pioenvs\nucleo_f030r8\src\nrf24l01.o
                0x08000a64                NRF24L01_SoftwareReset
 .text.NRF24L01_PowerUpTx
                0x08000be4       0x2a .pioenvs\nucleo_f030r8\src\nrf24l01.o
                0x08000be4                NRF24L01_PowerUpTx
 *fill*         0x08000c0e        0x2 
 .text.NRF24L01_GetStatus
                0x08000c10       0x30 .pioenvs\nucleo_f030r8\src\nrf24l01.o
                0x08000c10                NRF24L01_GetStatus
 .text.NRF24L01_GetTransmissionStatus
                0x08000c40       0x18 .pioenvs\nucleo_f030r8\src\nrf24l01.o
                0x08000c40                NRF24L01_GetTransmissionStatus
 .text.NRF24L01_Transmit
                0x08000c58       0x90 .pioenvs\nucleo_f030r8\src\nrf24l01.o
                0x08000c58                NRF24L01_Transmit
 .text.NRF24L01_SetChannel
                0x08000ce8       0x20 .pioenvs\nucleo_f030r8\src\nrf24l01.o
                0x08000ce8                NRF24L01_SetChannel
 .text.NRF24L01_Init
                0x08000d08       0xbc .pioenvs\nucleo_f030r8\src\nrf24l01.o
                0x08000d08                NRF24L01_Init
 .text.NRF24L01_OpenWritingPipe
                0x08000dc4       0x18 .pioenvs\nucleo_f030r8\src\nrf24l01.o
                0x08000dc4                NRF24L01_OpenWritingPipe
 .text.NRF24L01_StartListening
                0x08000ddc       0x2c .pioenvs\nucleo_f030r8\src\nrf24l01.o
                0x08000ddc                NRF24L01_StartListening
 .text.MX_SPI1_Init
                0x08000e08       0x58 .pioenvs\nucleo_f030r8\src\spi.o
                0x08000e08                MX_SPI1_Init
 .text.HAL_SPI_MspInit
                0x08000e60       0x48 .pioenvs\nucleo_f030r8\src\spi.o
                0x08000e60                HAL_SPI_MspInit
 .text.HAL_MspInit
                0x08000ea8       0x40 .pioenvs\nucleo_f030r8\src\stm32f0xx_hal_msp.o
                0x08000ea8                HAL_MspInit
 .text.NMI_Handler
                0x08000ee8        0x2 .pioenvs\nucleo_f030r8\src\stm32f0xx_it.o
                0x08000ee8                NMI_Handler
 .text.HardFault_Handler
                0x08000eea        0x2 .pioenvs\nucleo_f030r8\src\stm32f0xx_it.o
                0x08000eea                HardFault_Handler
 .text.SVC_Handler
                0x08000eec        0x2 .pioenvs\nucleo_f030r8\src\stm32f0xx_it.o
                0x08000eec                SVC_Handler
 .text.PendSV_Handler
                0x08000eee        0x2 .pioenvs\nucleo_f030r8\src\stm32f0xx_it.o
                0x08000eee                PendSV_Handler
 .text.SysTick_Handler
                0x08000ef0        0xc .pioenvs\nucleo_f030r8\src\stm32f0xx_it.o
                0x08000ef0                SysTick_Handler
 .text.TIM1_BRK_UP_TRG_COM_IRQHandler
                0x08000efc       0x10 .pioenvs\nucleo_f030r8\src\stm32f0xx_it.o
                0x08000efc                TIM1_BRK_UP_TRG_COM_IRQHandler
 .text.TIM1_CC_IRQHandler
                0x08000f0c       0x10 .pioenvs\nucleo_f030r8\src\stm32f0xx_it.o
                0x08000f0c                TIM1_CC_IRQHandler
 .text.SystemInit
                0x08000f1c       0x60 .pioenvs\nucleo_f030r8\src\system_stm32f0xx.o
                0x08000f1c                SystemInit
 .text.MX_TIM1_Init
                0x08000f7c       0x84 .pioenvs\nucleo_f030r8\src\tim.o
                0x08000f7c                MX_TIM1_Init
 .text.HAL_TIM_IC_MspInit
                0x08001000       0x7c .pioenvs\nucleo_f030r8\src\tim.o
                0x08001000                HAL_TIM_IC_MspInit
 .text.MX_USART1_UART_Init
                0x0800107c       0x38 .pioenvs\nucleo_f030r8\src\usart.o
                0x0800107c                MX_USART1_UART_Init
 .text.HAL_UART_MspInit
                0x080010b4       0x48 .pioenvs\nucleo_f030r8\src\usart.o
                0x080010b4                HAL_UART_MspInit
 .text.HAL_InitTick
                0x080010fc       0x24 .pioenvs\nucleo_f030r8\libFrameworkHALDriver.a(stm32f0xx_hal.o)
                0x080010fc                HAL_InitTick
 .text.HAL_Init
                0x08001120       0x20 .pioenvs\nucleo_f030r8\libFrameworkHALDriver.a(stm32f0xx_hal.o)
                0x08001120                HAL_Init
 .text.HAL_IncTick
                0x08001140       0x10 .pioenvs\nucleo_f030r8\libFrameworkHALDriver.a(stm32f0xx_hal.o)
                0x08001140                HAL_IncTick
 .text.HAL_GetTick
                0x08001150        0xc .pioenvs\nucleo_f030r8\libFrameworkHALDriver.a(stm32f0xx_hal.o)
                0x08001150                HAL_GetTick
 .text.HAL_Delay
                0x0800115c       0x18 .pioenvs\nucleo_f030r8\libFrameworkHALDriver.a(stm32f0xx_hal.o)
                0x0800115c                HAL_Delay
 .text.HAL_NVIC_SetPriority
                0x08001174       0x64 .pioenvs\nucleo_f030r8\libFrameworkHALDriver.a(stm32f0xx_hal_cortex.o)
                0x08001174                HAL_NVIC_SetPriority
 .text.HAL_NVIC_EnableIRQ
                0x080011d8       0x14 .pioenvs\nucleo_f030r8\libFrameworkHALDriver.a(stm32f0xx_hal_cortex.o)
                0x080011d8                HAL_NVIC_EnableIRQ
 .text.HAL_SYSTICK_Config
                0x080011ec       0x34 .pioenvs\nucleo_f030r8\libFrameworkHALDriver.a(stm32f0xx_hal_cortex.o)
                0x080011ec                HAL_SYSTICK_Config
 .text.HAL_SYSTICK_CLKSourceConfig
                0x08001220       0x1c .pioenvs\nucleo_f030r8\libFrameworkHALDriver.a(stm32f0xx_hal_cortex.o)
                0x08001220                HAL_SYSTICK_CLKSourceConfig
 .text.HAL_SYSTICK_Callback
                0x0800123c        0x2 .pioenvs\nucleo_f030r8\libFrameworkHALDriver.a(stm32f0xx_hal_cortex.o)
                0x0800123c                HAL_SYSTICK_Callback
 .text.HAL_SYSTICK_IRQHandler
                0x0800123e        0x8 .pioenvs\nucleo_f030r8\libFrameworkHALDriver.a(stm32f0xx_hal_cortex.o)
                0x0800123e                HAL_SYSTICK_IRQHandler
 *fill*         0x08001246        0x2 
 .text.HAL_GPIO_Init
                0x08001248      0x164 .pioenvs\nucleo_f030r8\libFrameworkHALDriver.a(stm32f0xx_hal_gpio.o)
                0x08001248                HAL_GPIO_Init
 .text.HAL_GPIO_ReadPin
                0x080013ac        0xc .pioenvs\nucleo_f030r8\libFrameworkHALDriver.a(stm32f0xx_hal_gpio.o)
                0x080013ac                HAL_GPIO_ReadPin
 .text.HAL_GPIO_WritePin
                0x080013b8        0xc .pioenvs\nucleo_f030r8\libFrameworkHALDriver.a(stm32f0xx_hal_gpio.o)
                0x080013b8                HAL_GPIO_WritePin
 .text.HAL_GPIO_TogglePin
                0x080013c4        0x8 .pioenvs\nucleo_f030r8\libFrameworkHALDriver.a(stm32f0xx_hal_gpio.o)
                0x080013c4                HAL_GPIO_TogglePin
 .text.HAL_RCC_OscConfig
                0x080013cc      0x3a0 .pioenvs\nucleo_f030r8\libFrameworkHALDriver.a(stm32f0xx_hal_rcc.o)
                0x080013cc                HAL_RCC_OscConfig
 .text.HAL_RCC_GetSysClockFreq
                0x0800176c       0x64 .pioenvs\nucleo_f030r8\libFrameworkHALDriver.a(stm32f0xx_hal_rcc.o)
                0x0800176c                HAL_RCC_GetSysClockFreq
 .text.HAL_RCC_ClockConfig
                0x080017d0      0x12c .pioenvs\nucleo_f030r8\libFrameworkHALDriver.a(stm32f0xx_hal_rcc.o)
                0x080017d0                HAL_RCC_ClockConfig
 .text.HAL_RCC_GetHCLKFreq
                0x080018fc        0xc .pioenvs\nucleo_f030r8\libFrameworkHALDriver.a(stm32f0xx_hal_rcc.o)
                0x080018fc                HAL_RCC_GetHCLKFreq
 .text.HAL_RCC_GetPCLK1Freq
                0x08001908       0x20 .pioenvs\nucleo_f030r8\libFrameworkHALDriver.a(stm32f0xx_hal_rcc.o)
                0x08001908                HAL_RCC_GetPCLK1Freq
 .text.HAL_RCCEx_PeriphCLKConfig
                0x08001928      0x10c .pioenvs\nucleo_f030r8\libFrameworkHALDriver.a(stm32f0xx_hal_rcc_ex.o)
                0x08001928                HAL_RCCEx_PeriphCLKConfig
 .text.SPI_WaitFifoStateUntilTimeout.constprop.6
                0x08001a34       0x98 .pioenvs\nucleo_f030r8\libFrameworkHALDriver.a(stm32f0xx_hal_spi.o)
 .text.SPI_WaitFlagStateUntilTimeout.constprop.7
                0x08001acc       0x88 .pioenvs\nucleo_f030r8\libFrameworkHALDriver.a(stm32f0xx_hal_spi.o)
 .text.SPI_EndRxTxTransaction
                0x08001b54       0x32 .pioenvs\nucleo_f030r8\libFrameworkHALDriver.a(stm32f0xx_hal_spi.o)
 *fill*         0x08001b86        0x2 
 .text.HAL_SPI_Init
                0x08001b88       0xbc .pioenvs\nucleo_f030r8\libFrameworkHALDriver.a(stm32f0xx_hal_spi.o)
                0x08001b88                HAL_SPI_Init
 .text.HAL_SPI_Transmit
                0x08001c44      0x16c .pioenvs\nucleo_f030r8\libFrameworkHALDriver.a(stm32f0xx_hal_spi.o)
                0x08001c44                HAL_SPI_Transmit
 .text.HAL_SPI_TransmitReceive
                0x08001db0      0x264 .pioenvs\nucleo_f030r8\libFrameworkHALDriver.a(stm32f0xx_hal_spi.o)
                0x08001db0                HAL_SPI_TransmitReceive
 .text.HAL_TIM_Base_Start_IT
                0x08002014       0x14 .pioenvs\nucleo_f030r8\libFrameworkHALDriver.a(stm32f0xx_hal_tim.o)
                0x08002014                HAL_TIM_Base_Start_IT
 .text.HAL_TIM_OC_DelayElapsedCallback
                0x08002028        0x2 .pioenvs\nucleo_f030r8\libFrameworkHALDriver.a(stm32f0xx_hal_tim.o)
                0x08002028                HAL_TIM_OC_DelayElapsedCallback
 .text.HAL_TIM_PWM_PulseFinishedCallback
                0x0800202a        0x2 .pioenvs\nucleo_f030r8\libFrameworkHALDriver.a(stm32f0xx_hal_tim.o)
                0x0800202a                HAL_TIM_PWM_PulseFinishedCallback
 .text.HAL_TIM_TriggerCallback
                0x0800202c        0x2 .pioenvs\nucleo_f030r8\libFrameworkHALDriver.a(stm32f0xx_hal_tim.o)
                0x0800202c                HAL_TIM_TriggerCallback
 .text.HAL_TIM_IRQHandler
                0x0800202e      0x154 .pioenvs\nucleo_f030r8\libFrameworkHALDriver.a(stm32f0xx_hal_tim.o)
                0x0800202e                HAL_TIM_IRQHandler
 *fill*         0x08002182        0x2 
 .text.TIM_Base_SetConfig
                0x08002184       0x80 .pioenvs\nucleo_f030r8\libFrameworkHALDriver.a(stm32f0xx_hal_tim.o)
                0x08002184                TIM_Base_SetConfig
 .text.HAL_TIM_IC_Init
                0x08002204       0x34 .pioenvs\nucleo_f030r8\libFrameworkHALDriver.a(stm32f0xx_hal_tim.o)
                0x08002204                HAL_TIM_IC_Init
 .text.TIM_TI1_SetConfig
                0x08002238       0x48 .pioenvs\nucleo_f030r8\libFrameworkHALDriver.a(stm32f0xx_hal_tim.o)
                0x08002238                TIM_TI1_SetConfig
 .text.HAL_TIM_IC_ConfigChannel
                0x08002280      0x148 .pioenvs\nucleo_f030r8\libFrameworkHALDriver.a(stm32f0xx_hal_tim.o)
                0x08002280                HAL_TIM_IC_ConfigChannel
 .text.TIM_CCxChannelCmd
                0x080023c8       0x18 .pioenvs\nucleo_f030r8\libFrameworkHALDriver.a(stm32f0xx_hal_tim.o)
                0x080023c8                TIM_CCxChannelCmd
 .text.HAL_TIM_IC_Start_IT
                0x080023e0       0x4e .pioenvs\nucleo_f030r8\libFrameworkHALDriver.a(stm32f0xx_hal_tim.o)
                0x080023e0                HAL_TIM_IC_Start_IT
 .text.HAL_TIMEx_MasterConfigSynchronization
                0x0800242e       0x42 .pioenvs\nucleo_f030r8\libFrameworkHALDriver.a(stm32f0xx_hal_tim_ex.o)
                0x0800242e                HAL_TIMEx_MasterConfigSynchronization
 .text.HAL_TIMEx_CommutationCallback
                0x08002470        0x2 .pioenvs\nucleo_f030r8\libFrameworkHALDriver.a(stm32f0xx_hal_tim_ex.o)
                0x08002470                HAL_TIMEx_CommutationCallback
 .text.HAL_TIMEx_BreakCallback
                0x08002472        0x2 .pioenvs\nucleo_f030r8\libFrameworkHALDriver.a(stm32f0xx_hal_tim_ex.o)
                0x08002472                HAL_TIMEx_BreakCallback
 .text.UART_SetConfig
                0x08002474      0x108 .pioenvs\nucleo_f030r8\libFrameworkHALDriver.a(stm32f0xx_hal_uart.o)
                0x08002474                UART_SetConfig
 .text.UART_AdvFeatureConfig
                0x0800257c       0xd0 .pioenvs\nucleo_f030r8\libFrameworkHALDriver.a(stm32f0xx_hal_uart.o)
                0x0800257c                UART_AdvFeatureConfig
 .text.HAL_UART_Init
                0x0800264c       0x78 .pioenvs\nucleo_f030r8\libFrameworkHALDriver.a(stm32f0xx_hal_uart.o)
                0x0800264c                HAL_UART_Init
 .text.Reset_Handler
                0x080026c4       0x50 .pioenvs\nucleo_f030r8\libFrameworkCMSISDevice.a(startup_stm32f030x4.o)
                0x080026c4                Reset_Handler
 .text.Default_Handler
                0x08002714        0x2 .pioenvs\nucleo_f030r8\libFrameworkCMSISDevice.a(startup_stm32f030x4.o)
                0x08002714                I2C1_IRQHandler
                0x08002714                SPI1_IRQHandler
                0x08002714                EXTI2_3_IRQHandler
                0x08002714                ADC1_IRQHandler
                0x08002714                TIM17_IRQHandler
                0x08002714                RTC_IRQHandler
                0x08002714                TIM16_IRQHandler
                0x08002714                TIM3_IRQHandler
                0x08002714                EXTI4_15_IRQHandler
                0x08002714                RCC_IRQHandler
                0x08002714                DMA1_Channel1_IRQHandler
                0x08002714                Default_Handler
                0x08002714                TIM14_IRQHandler
                0x08002714                DMA1_Channel4_5_IRQHandler
                0x08002714                EXTI0_1_IRQHandler
                0x08002714                WWDG_IRQHandler
                0x08002714                DMA1_Channel2_3_IRQHandler
                0x08002714                FLASH_IRQHandler
                0x08002714                USART1_IRQHandler
 *fill*         0x08002716        0x2 
 .text.memcpy   0x08002718       0x84 c:/users/balazs/.platformio/packages/toolchain-gccarmnoneeabi/bin/../lib/gcc/arm-none-eabi/4.8.4/../../../../arm-none-eabi/lib/armv6-m\libc.a(lib_a-memcpy-stub.o)
                0x08002718                memcpy
 *(.glue_7)
 .glue_7        0x00000000        0x0 linker stubs
 *(.glue_7t)
 .glue_7t       0x00000000        0x0 linker stubs
 *(.eh_frame)
 .eh_frame      0x0800279c        0x0 c:/users/balazs/.platformio/packages/toolchain-gccarmnoneeabi/bin/../lib/gcc/arm-none-eabi/4.8.4/armv6-m/crtbegin.o
 *(.init)
 .init          0x0800279c        0x4 c:/users/balazs/.platformio/packages/toolchain-gccarmnoneeabi/bin/../lib/gcc/arm-none-eabi/4.8.4/armv6-m/crti.o
                0x0800279c                _init
 .init          0x080027a0        0x8 c:/users/balazs/.platformio/packages/toolchain-gccarmnoneeabi/bin/../lib/gcc/arm-none-eabi/4.8.4/armv6-m/crtn.o
 *(.fini)
 .fini          0x080027a8        0x4 c:/users/balazs/.platformio/packages/toolchain-gccarmnoneeabi/bin/../lib/gcc/arm-none-eabi/4.8.4/armv6-m/crti.o
                0x080027a8                _fini
 .fini          0x080027ac        0x8 c:/users/balazs/.platformio/packages/toolchain-gccarmnoneeabi/bin/../lib/gcc/arm-none-eabi/4.8.4/armv6-m/crtn.o
                0x080027b4                . = ALIGN (0x4)
                0x080027b4                _etext = .

.vfp11_veneer   0x080027b4        0x0
 .vfp11_veneer  0x00000000        0x0 linker stubs

.v4_bx          0x080027b4        0x0
 .v4_bx         0x00000000        0x0 linker stubs

.iplt           0x080027b4        0x0
 .iplt          0x00000000        0x0 c:/users/balazs/.platformio/packages/toolchain-gccarmnoneeabi/bin/../lib/gcc/arm-none-eabi/4.8.4/armv6-m/crtbegin.o

.rodata         0x080027b4       0x44
                0x080027b4                . = ALIGN (0x4)
 *(.rodata)
 .rodata        0x080027b4       0x20 .pioenvs\nucleo_f030r8\libFrameworkHALDriver.a(stm32f0xx_hal_rcc.o)
 *(.rodata*)
 .rodata.str1.4
                0x080027d4        0x4 c:/users/balazs/.platformio/packages/toolchain-gccarmnoneeabi/bin/../lib/gcc/arm-none-eabi/4.8.4/../../../../arm-none-eabi/lib/armv6-m\libc.a(lib_a-impure.o)
 .rodata._global_impure_ptr
                0x080027d8        0x4 c:/users/balazs/.platformio/packages/toolchain-gccarmnoneeabi/bin/../lib/gcc/arm-none-eabi/4.8.4/../../../../arm-none-eabi/lib/armv6-m\libc.a(lib_a-impure.o)
                0x080027d8                _global_impure_ptr
 .rodata.AHBPrescTable
                0x080027dc       0x10 .pioenvs\nucleo_f030r8\src\system_stm32f0xx.o
                0x080027dc                AHBPrescTable
 .rodata.APBPrescTable
                0x080027ec        0x8 .pioenvs\nucleo_f030r8\src\system_stm32f0xx.o
                0x080027ec                APBPrescTable
 .rodata.CSWTCH.50
                0x080027f4        0x4 .pioenvs\nucleo_f030r8\libFrameworkHALDriver.a(stm32f0xx_hal_uart.o)
                0x080027f8                . = ALIGN (0x4)

.rel.dyn        0x080027f8        0x0
 .rel.iplt      0x00000000        0x0 c:/users/balazs/.platformio/packages/toolchain-gccarmnoneeabi/bin/../lib/gcc/arm-none-eabi/4.8.4/armv6-m/crtbegin.o

.ARM.extab
 *(.ARM.extab* .gnu.linkonce.armextab.*)

.ARM            0x080027f8        0x0
                0x080027f8                __exidx_start = .
 *(.ARM.exidx*)
                0x080027f8                __exidx_end = .

.preinit_array  0x080027f8        0x0
                0x080027f8                PROVIDE (__preinit_array_start, .)
 *(.preinit_array*)
                0x080027f8                PROVIDE (__preinit_array_end, .)

.init_array     0x080027f8        0x8
                0x080027f8                PROVIDE (__init_array_start, .)
 *(SORT(.init_array.*))
 .init_array.00000
                0x080027f8        0x4 c:/users/balazs/.platformio/packages/toolchain-gccarmnoneeabi/bin/../lib/gcc/arm-none-eabi/4.8.4/../../../../arm-none-eabi/lib/armv6-m\libc.a(lib_a-__call_atexit.o)
 *(.init_array*)
 .init_array    0x080027fc        0x4 c:/users/balazs/.platformio/packages/toolchain-gccarmnoneeabi/bin/../lib/gcc/arm-none-eabi/4.8.4/armv6-m/crtbegin.o
                0x08002800                PROVIDE (__init_array_end, .)

.fini_array     0x08002800        0x4
                0x08002800                PROVIDE (__fini_array_start, .)
 *(SORT(.fini_array.*))
 *(.fini_array*)
 .fini_array    0x08002800        0x4 c:/users/balazs/.platformio/packages/toolchain-gccarmnoneeabi/bin/../lib/gcc/arm-none-eabi/4.8.4/armv6-m/crtbegin.o
                0x08002804                PROVIDE (__fini_array_end, .)
                0x08002804                _sidata = LOADADDR (.data)

.data           0x20000000      0x434 load address 0x08002804
                0x20000000                . = ALIGN (0x4)
                0x20000000                _sdata = .
 *(.data)
 *(.data*)
 .data.impure_data
                0x20000000      0x428 c:/users/balazs/.platformio/packages/toolchain-gccarmnoneeabi/bin/../lib/gcc/arm-none-eabi/4.8.4/../../../../arm-none-eabi/lib/armv6-m\libc.a(lib_a-impure.o)
 .data.payload  0x20000428        0x1 .pioenvs\nucleo_f030r8\src\main.o
                0x20000428                payload
 .data.pipeOut  0x20000429        0x5 .pioenvs\nucleo_f030r8\src\main.o
                0x20000429                pipeOut
 .data.channel  0x2000042e        0x1 .pioenvs\nucleo_f030r8\src\main.o
                0x2000042e                channel
 *fill*         0x2000042f        0x1 
 .data.SystemCoreClock
                0x20000430        0x4 .pioenvs\nucleo_f030r8\src\system_stm32f0xx.o
                0x20000430                SystemCoreClock
                0x20000434                . = ALIGN (0x4)
                0x20000434                _edata = .

.jcr            0x20000434        0x0 load address 0x08002c38
 .jcr           0x20000434        0x0 c:/users/balazs/.platformio/packages/toolchain-gccarmnoneeabi/bin/../lib/gcc/arm-none-eabi/4.8.4/armv6-m/crtbegin.o

.igot.plt       0x20000434        0x0 load address 0x08002c38
 .igot.plt      0x00000000        0x0 c:/users/balazs/.platformio/packages/toolchain-gccarmnoneeabi/bin/../lib/gcc/arm-none-eabi/4.8.4/armv6-m/crtbegin.o
                0x20000434                . = ALIGN (0x4)

.bss            0x20000434      0x1e0 load address 0x08002c38
                0x20000434                _sbss = .
                0x20000434                __bss_start__ = _sbss
 *(.bss)
 .bss           0x20000434       0x1c c:/users/balazs/.platformio/packages/toolchain-gccarmnoneeabi/bin/../lib/gcc/arm-none-eabi/4.8.4/armv6-m/crtbegin.o
 *(.bss*)
 .bss.NRF24L01_Struct
                0x20000450        0x8 .pioenvs\nucleo_f030r8\src\nrf24l01.o
 .bss.NRF24L01_Pins
                0x20000458       0x30 .pioenvs\nucleo_f030r8\src\nrf24l01.o
 *(COMMON)
 COMMON         0x20000488       0x6c .pioenvs\nucleo_f030r8\src\main.o
                0x20000488                _current_multiplier
                0x2000048c                txstatus
                0x20000490                CF1_Val
                0x20000494                SEL_STATE
                0x20000498                _power_multiplier
                0x2000049c                CF_OvrFlw
                0x200004a0                _timer_multiplier
                0x200004a4                txPackage
                0x200004ac                CF1_Prev
                0x200004b0                CF1_OvrFlw
                0x200004b4                NRF24L01_Pins
                0x200004e4                CF1_LstMeas
                0x200004e8                CF_Prev
                0x200004ec                CF_Val
                0x200004f0                _voltage_multiplier
 COMMON         0x200004f4        0x5 .pioenvs\nucleo_f030r8\src\nrf24l01.o
                0x200004f4                pipe0_reading_address
 *fill*         0x200004f9        0x3 
 COMMON         0x200004fc       0x64 .pioenvs\nucleo_f030r8\src\spi.o
                0x200004fc                hspi1
 COMMON         0x20000560       0x40 .pioenvs\nucleo_f030r8\src\tim.o
                0x20000560                htim1
 COMMON         0x200005a0       0x70 .pioenvs\nucleo_f030r8\src\usart.o
                0x200005a0                huart1
 COMMON         0x20000610        0x4 .pioenvs\nucleo_f030r8\libFrameworkHALDriver.a(stm32f0xx_hal.o)
                0x20000610                uwTick
                0x20000614                . = ALIGN (0x4)
                0x20000614                _ebss = .
                0x20000614                __bss_end__ = _ebss

._user_heap_stack
                0x20000614      0x600 load address 0x08002c38
                0x20000614                . = ALIGN (0x4)
                0x20000614                PROVIDE (end, .)
                0x20000614                PROVIDE (_end, .)
                0x20000814                . = (. + _Min_Heap_Size)
 *fill*         0x20000614      0x200 
                0x20000c14                . = (. + _Min_Stack_Size)
 *fill*         0x20000814      0x400 
                0x20000c14                . = ALIGN (0x4)

/DISCARD/
 libc.a(*)
 libm.a(*)
 libgcc.a(*)

.ARM.attributes
                0x00000000       0x28
 *(.ARM.attributes)
 .ARM.attributes
                0x00000000       0x1e c:/users/balazs/.platformio/packages/toolchain-gccarmnoneeabi/bin/../lib/gcc/arm-none-eabi/4.8.4/armv6-m/crti.o
 .ARM.attributes
                0x0000001e       0x2c c:/users/balazs/.platformio/packages/toolchain-gccarmnoneeabi/bin/../lib/gcc/arm-none-eabi/4.8.4/armv6-m/crtbegin.o
 .ARM.attributes
                0x0000004a       0x31 .pioenvs\nucleo_f030r8\src\gpio.o
 .ARM.attributes
                0x0000007b       0x31 .pioenvs\nucleo_f030r8\src\main.o
 .ARM.attributes
                0x000000ac       0x31 .pioenvs\nucleo_f030r8\src\nrf24l01.o
 .ARM.attributes
                0x000000dd       0x31 .pioenvs\nucleo_f030r8\src\spi.o
 .ARM.attributes
                0x0000010e       0x31 .pioenvs\nucleo_f030r8\src\stm32f0xx_hal_msp.o
 .ARM.attributes
                0x0000013f       0x31 .pioenvs\nucleo_f030r8\src\stm32f0xx_it.o
 .ARM.attributes
                0x00000170       0x31 .pioenvs\nucleo_f030r8\src\system_stm32f0xx.o
 .ARM.attributes
                0x000001a1       0x31 .pioenvs\nucleo_f030r8\src\tim.o
 .ARM.attributes
                0x000001d2       0x31 .pioenvs\nucleo_f030r8\src\usart.o
 .ARM.attributes
                0x00000203       0x1e c:/users/balazs/.platformio/packages/toolchain-gccarmnoneeabi/bin/../lib/gcc/arm-none-eabi/4.8.4/armv6-m\libgcc.a(_udivsi3.o)
 .ARM.attributes
                0x00000221       0x1e c:/users/balazs/.platformio/packages/toolchain-gccarmnoneeabi/bin/../lib/gcc/arm-none-eabi/4.8.4/armv6-m\libgcc.a(_dvmd_tls.o)
 .ARM.attributes
                0x0000023f       0x31 .pioenvs\nucleo_f030r8\libFrameworkHALDriver.a(stm32f0xx_hal.o)
 .ARM.attributes
                0x00000270       0x31 .pioenvs\nucleo_f030r8\libFrameworkHALDriver.a(stm32f0xx_hal_cortex.o)
 .ARM.attributes
                0x000002a1       0x31 .pioenvs\nucleo_f030r8\libFrameworkHALDriver.a(stm32f0xx_hal_gpio.o)
 .ARM.attributes
                0x000002d2       0x31 .pioenvs\nucleo_f030r8\libFrameworkHALDriver.a(stm32f0xx_hal_rcc.o)
 .ARM.attributes
                0x00000303       0x31 .pioenvs\nucleo_f030r8\libFrameworkHALDriver.a(stm32f0xx_hal_rcc_ex.o)
 .ARM.attributes
                0x00000334       0x31 .pioenvs\nucleo_f030r8\libFrameworkHALDriver.a(stm32f0xx_hal_spi.o)
 .ARM.attributes
                0x00000365       0x31 .pioenvs\nucleo_f030r8\libFrameworkHALDriver.a(stm32f0xx_hal_tim.o)
 .ARM.attributes
                0x00000396       0x31 .pioenvs\nucleo_f030r8\libFrameworkHALDriver.a(stm32f0xx_hal_tim_ex.o)
 .ARM.attributes
                0x000003c7       0x31 .pioenvs\nucleo_f030r8\libFrameworkHALDriver.a(stm32f0xx_hal_uart.o)
 .ARM.attributes
                0x000003f8       0x21 .pioenvs\nucleo_f030r8\libFrameworkCMSISDevice.a(startup_stm32f030x4.o)
 .ARM.attributes
                0x00000419       0x2c c:/users/balazs/.platformio/packages/toolchain-gccarmnoneeabi/bin/../lib/gcc/arm-none-eabi/4.8.4/../../../../arm-none-eabi/lib/armv6-m\libc.a(lib_a-memcpy-stub.o)
 .ARM.attributes
                0x00000445       0x1e c:/users/balazs/.platformio/packages/toolchain-gccarmnoneeabi/bin/../lib/gcc/arm-none-eabi/4.8.4/armv6-m\libgcc.a(_thumb1_case_uqi.o)
 .ARM.attributes
                0x00000463       0x1e c:/users/balazs/.platformio/packages/toolchain-gccarmnoneeabi/bin/../lib/gcc/arm-none-eabi/4.8.4/armv6-m/crtn.o
LOAD .pioenvs\nucleo_f030r8\src\gpio.o
LOAD .pioenvs\nucleo_f030r8\src\main.o
LOAD .pioenvs\nucleo_f030r8\src\nrf24l01.o
LOAD .pioenvs\nucleo_f030r8\src\spi.o
LOAD .pioenvs\nucleo_f030r8\src\stm32f0xx_hal_msp.o
LOAD .pioenvs\nucleo_f030r8\src\stm32f0xx_it.o
LOAD .pioenvs\nucleo_f030r8\src\system_stm32f0xx.o
LOAD .pioenvs\nucleo_f030r8\src\tim.o
LOAD .pioenvs\nucleo_f030r8\src\usart.o
START GROUP
LOAD c:/users/balazs/.platformio/packages/toolchain-gccarmnoneeabi/bin/../lib/gcc/arm-none-eabi/4.8.4/../../../../arm-none-eabi/lib/armv6-m\libc.a
LOAD c:/users/balazs/.platformio/packages/toolchain-gccarmnoneeabi/bin/../lib/gcc/arm-none-eabi/4.8.4/armv6-m\libgcc.a
LOAD c:/users/balazs/.platformio/packages/toolchain-gccarmnoneeabi/bin/../lib/gcc/arm-none-eabi/4.8.4/../../../../arm-none-eabi/lib/armv6-m\libm.a
LOAD c:/users/balazs/.platformio/packages/toolchain-gccarmnoneeabi/bin/../lib/gcc/arm-none-eabi/4.8.4/../../../../arm-none-eabi/lib/armv6-m\libstdc++.a
LOAD c:/users/balazs/.platformio/packages/toolchain-gccarmnoneeabi/bin/../lib/gcc/arm-none-eabi/4.8.4/../../../../arm-none-eabi/lib/armv6-m\libnosys.a
LOAD .pioenvs\nucleo_f030r8\libFrameworkHALDriver.a
LOAD .pioenvs\nucleo_f030r8\libFrameworkCMSISDevice.a
END GROUP
START GROUP
LOAD c:/users/balazs/.platformio/packages/toolchain-gccarmnoneeabi/bin/../lib/gcc/arm-none-eabi/4.8.4/armv6-m\libgcc.a
LOAD c:/users/balazs/.platformio/packages/toolchain-gccarmnoneeabi/bin/../lib/gcc/arm-none-eabi/4.8.4/../../../../arm-none-eabi/lib/armv6-m\libc.a
END GROUP
LOAD c:/users/balazs/.platformio/packages/toolchain-gccarmnoneeabi/bin/../lib/gcc/arm-none-eabi/4.8.4/armv6-m/crtend.o
LOAD c:/users/balazs/.platformio/packages/toolchain-gccarmnoneeabi/bin/../lib/gcc/arm-none-eabi/4.8.4/armv6-m/crtn.o
OUTPUT(.pioenvs\nucleo_f030r8\firmware.elf elf32-littlearm)

.debug_info     0x00000000     0xfac8
 .debug_info    0x00000000      0x3fb .pioenvs\nucleo_f030r8\src\gpio.o
 .debug_info    0x000003fb     0x13e0 .pioenvs\nucleo_f030r8\src\main.o
 .debug_info    0x000017db     0x1fcc .pioenvs\nucleo_f030r8\src\nrf24l01.o
 .debug_info    0x000037a7      0x85a .pioenvs\nucleo_f030r8\src\spi.o
 .debug_info    0x00004001      0x2a5 .pioenvs\nucleo_f030r8\src\stm32f0xx_hal_msp.o
 .debug_info    0x000042a6      0x5d5 .pioenvs\nucleo_f030r8\src\stm32f0xx_it.o
 .debug_info    0x0000487b      0x234 .pioenvs\nucleo_f030r8\src\system_stm32f0xx.o
 .debug_info    0x00004aaf      0xb20 .pioenvs\nucleo_f030r8\src\tim.o
 .debug_info    0x000055cf      0x8d7 .pioenvs\nucleo_f030r8\src\usart.o
 .debug_info    0x00005ea6      0x57e .pioenvs\nucleo_f030r8\libFrameworkHALDriver.a(stm32f0xx_hal.o)
 .debug_info    0x00006424      0x76c .pioenvs\nucleo_f030r8\libFrameworkHALDriver.a(stm32f0xx_hal_cortex.o)
 .debug_info    0x00006b90      0x5c6 .pioenvs\nucleo_f030r8\libFrameworkHALDriver.a(stm32f0xx_hal_gpio.o)
 .debug_info    0x00007156      0x9c2 .pioenvs\nucleo_f030r8\libFrameworkHALDriver.a(stm32f0xx_hal_rcc.o)
 .debug_info    0x00007b18      0x383 .pioenvs\nucleo_f030r8\libFrameworkHALDriver.a(stm32f0xx_hal_rcc_ex.o)
 .debug_info    0x00007e9b     0x1dd3 .pioenvs\nucleo_f030r8\libFrameworkHALDriver.a(stm32f0xx_hal_spi.o)
 .debug_info    0x00009c6e     0x32fa .pioenvs\nucleo_f030r8\libFrameworkHALDriver.a(stm32f0xx_hal_tim.o)
 .debug_info    0x0000cf68     0x1246 .pioenvs\nucleo_f030r8\libFrameworkHALDriver.a(stm32f0xx_hal_tim_ex.o)
 .debug_info    0x0000e1ae     0x184a .pioenvs\nucleo_f030r8\libFrameworkHALDriver.a(stm32f0xx_hal_uart.o)
 .debug_info    0x0000f9f8       0xd0 .pioenvs\nucleo_f030r8\libFrameworkCMSISDevice.a(startup_stm32f030x4.o)

.debug_abbrev   0x00000000     0x24ab
 .debug_abbrev  0x00000000      0x142 .pioenvs\nucleo_f030r8\src\gpio.o
 .debug_abbrev  0x00000142      0x335 .pioenvs\nucleo_f030r8\src\main.o
 .debug_abbrev  0x00000477      0x296 .pioenvs\nucleo_f030r8\src\nrf24l01.o
 .debug_abbrev  0x0000070d      0x1c3 .pioenvs\nucleo_f030r8\src\spi.o
 .debug_abbrev  0x000008d0       0xfa .pioenvs\nucleo_f030r8\src\stm32f0xx_hal_msp.o
 .debug_abbrev  0x000009ca      0x188 .pioenvs\nucleo_f030r8\src\stm32f0xx_it.o
 .debug_abbrev  0x00000b52       0xf0 .pioenvs\nucleo_f030r8\src\system_stm32f0xx.o
 .debug_abbrev  0x00000c42      0x1e3 .pioenvs\nucleo_f030r8\src\tim.o
 .debug_abbrev  0x00000e25      0x1c3 .pioenvs\nucleo_f030r8\src\usart.o
 .debug_abbrev  0x00000fe8      0x207 .pioenvs\nucleo_f030r8\libFrameworkHALDriver.a(stm32f0xx_hal.o)
 .debug_abbrev  0x000011ef      0x239 .pioenvs\nucleo_f030r8\libFrameworkHALDriver.a(stm32f0xx_hal_cortex.o)
 .debug_abbrev  0x00001428      0x1cf .pioenvs\nucleo_f030r8\libFrameworkHALDriver.a(stm32f0xx_hal_gpio.o)
 .debug_abbrev  0x000015f7      0x290 .pioenvs\nucleo_f030r8\libFrameworkHALDriver.a(stm32f0xx_hal_rcc.o)
 .debug_abbrev  0x00001887      0x17a .pioenvs\nucleo_f030r8\libFrameworkHALDriver.a(stm32f0xx_hal_rcc_ex.o)
 .debug_abbrev  0x00001a01      0x2a0 .pioenvs\nucleo_f030r8\libFrameworkHALDriver.a(stm32f0xx_hal_spi.o)
 .debug_abbrev  0x00001ca1      0x305 .pioenvs\nucleo_f030r8\libFrameworkHALDriver.a(stm32f0xx_hal_tim.o)
 .debug_abbrev  0x00001fa6      0x227 .pioenvs\nucleo_f030r8\libFrameworkHALDriver.a(stm32f0xx_hal_tim_ex.o)
 .debug_abbrev  0x000021cd      0x2cc .pioenvs\nucleo_f030r8\libFrameworkHALDriver.a(stm32f0xx_hal_uart.o)
 .debug_abbrev  0x00002499       0x12 .pioenvs\nucleo_f030r8\libFrameworkCMSISDevice.a(startup_stm32f030x4.o)

.debug_aranges  0x00000000      0xdc0
 .debug_aranges
                0x00000000       0x20 .pioenvs\nucleo_f030r8\src\gpio.o
 .debug_aranges
                0x00000020       0x78 .pioenvs\nucleo_f030r8\src\main.o
 .debug_aranges
                0x00000098      0x198 .pioenvs\nucleo_f030r8\src\nrf24l01.o
 .debug_aranges
                0x00000230       0x30 .pioenvs\nucleo_f030r8\src\spi.o
 .debug_aranges
                0x00000260       0x20 .pioenvs\nucleo_f030r8\src\stm32f0xx_hal_msp.o
 .debug_aranges
                0x00000280       0x50 .pioenvs\nucleo_f030r8\src\stm32f0xx_it.o
 .debug_aranges
                0x000002d0       0x28 .pioenvs\nucleo_f030r8\src\system_stm32f0xx.o
 .debug_aranges
                0x000002f8       0x30 .pioenvs\nucleo_f030r8\src\tim.o
 .debug_aranges
                0x00000328       0x30 .pioenvs\nucleo_f030r8\src\usart.o
 .debug_aranges
                0x00000358       0xa0 .pioenvs\nucleo_f030r8\libFrameworkHALDriver.a(stm32f0xx_hal.o)
 .debug_aranges
                0x000003f8       0x78 .pioenvs\nucleo_f030r8\libFrameworkHALDriver.a(stm32f0xx_hal_cortex.o)
 .debug_aranges
                0x00000470       0x58 .pioenvs\nucleo_f030r8\libFrameworkHALDriver.a(stm32f0xx_hal_gpio.o)
 .debug_aranges
                0x000004c8       0x80 .pioenvs\nucleo_f030r8\libFrameworkHALDriver.a(stm32f0xx_hal_rcc.o)
 .debug_aranges
                0x00000548       0x30 .pioenvs\nucleo_f030r8\libFrameworkHALDriver.a(stm32f0xx_hal_rcc_ex.o)
 .debug_aranges
                0x00000578      0x1d8 .pioenvs\nucleo_f030r8\libFrameworkHALDriver.a(stm32f0xx_hal_spi.o)
 .debug_aranges
                0x00000750      0x338 .pioenvs\nucleo_f030r8\libFrameworkHALDriver.a(stm32f0xx_hal_tim.o)
 .debug_aranges
                0x00000a88      0x140 .pioenvs\nucleo_f030r8\libFrameworkHALDriver.a(stm32f0xx_hal_tim_ex.o)
 .debug_aranges
                0x00000bc8      0x1d0 .pioenvs\nucleo_f030r8\libFrameworkHALDriver.a(stm32f0xx_hal_uart.o)
 .debug_aranges
                0x00000d98       0x28 .pioenvs\nucleo_f030r8\libFrameworkCMSISDevice.a(startup_stm32f030x4.o)

.debug_ranges   0x00000000     0x10e0
 .debug_ranges  0x00000000       0x68 .pioenvs\nucleo_f030r8\src\gpio.o
 .debug_ranges  0x00000068       0x68 .pioenvs\nucleo_f030r8\src\main.o
 .debug_ranges  0x000000d0      0x1a0 .pioenvs\nucleo_f030r8\src\nrf24l01.o
 .debug_ranges  0x00000270       0x38 .pioenvs\nucleo_f030r8\src\spi.o
 .debug_ranges  0x000002a8       0x40 .pioenvs\nucleo_f030r8\src\stm32f0xx_hal_msp.o
 .debug_ranges  0x000002e8       0x40 .pioenvs\nucleo_f030r8\src\stm32f0xx_it.o
 .debug_ranges  0x00000328       0x18 .pioenvs\nucleo_f030r8\src\system_stm32f0xx.o
 .debug_ranges  0x00000340       0x48 .pioenvs\nucleo_f030r8\src\tim.o
 .debug_ranges  0x00000388       0x38 .pioenvs\nucleo_f030r8\src\usart.o
 .debug_ranges  0x000003c0       0x90 .pioenvs\nucleo_f030r8\libFrameworkHALDriver.a(stm32f0xx_hal.o)
 .debug_ranges  0x00000450       0xc8 .pioenvs\nucleo_f030r8\libFrameworkHALDriver.a(stm32f0xx_hal_cortex.o)
 .debug_ranges  0x00000518       0x48 .pioenvs\nucleo_f030r8\libFrameworkHALDriver.a(stm32f0xx_hal_gpio.o)
 .debug_ranges  0x00000560       0xb0 .pioenvs\nucleo_f030r8\libFrameworkHALDriver.a(stm32f0xx_hal_rcc.o)
 .debug_ranges  0x00000610       0x38 .pioenvs\nucleo_f030r8\libFrameworkHALDriver.a(stm32f0xx_hal_rcc_ex.o)
 .debug_ranges  0x00000648      0x2a0 .pioenvs\nucleo_f030r8\libFrameworkHALDriver.a(stm32f0xx_hal_spi.o)
 .debug_ranges  0x000008e8      0x470 .pioenvs\nucleo_f030r8\libFrameworkHALDriver.a(stm32f0xx_hal_tim.o)
 .debug_ranges  0x00000d58      0x130 .pioenvs\nucleo_f030r8\libFrameworkHALDriver.a(stm32f0xx_hal_tim_ex.o)
 .debug_ranges  0x00000e88      0x238 .pioenvs\nucleo_f030r8\libFrameworkHALDriver.a(stm32f0xx_hal_uart.o)
 .debug_ranges  0x000010c0       0x20 .pioenvs\nucleo_f030r8\libFrameworkCMSISDevice.a(startup_stm32f030x4.o)

.debug_line     0x00000000     0x6b1e
 .debug_line    0x00000000      0x228 .pioenvs\nucleo_f030r8\src\gpio.o
 .debug_line    0x00000228      0x47c .pioenvs\nucleo_f030r8\src\main.o
 .debug_line    0x000006a4      0x800 .pioenvs\nucleo_f030r8\src\nrf24l01.o
 .debug_line    0x00000ea4      0x29f .pioenvs\nucleo_f030r8\src\spi.o
 .debug_line    0x00001143      0x212 .pioenvs\nucleo_f030r8\src\stm32f0xx_hal_msp.o
 .debug_line    0x00001355      0x2c3 .pioenvs\nucleo_f030r8\src\stm32f0xx_it.o
 .debug_line    0x00001618      0x1cc .pioenvs\nucleo_f030r8\src\system_stm32f0xx.o
 .debug_line    0x000017e4      0x2eb .pioenvs\nucleo_f030r8\src\tim.o
 .debug_line    0x00001acf      0x291 .pioenvs\nucleo_f030r8\src\usart.o
 .debug_line    0x00001d60      0x431 .pioenvs\nucleo_f030r8\libFrameworkHALDriver.a(stm32f0xx_hal.o)
 .debug_line    0x00002191      0x3c9 .pioenvs\nucleo_f030r8\libFrameworkHALDriver.a(stm32f0xx_hal_cortex.o)
 .debug_line    0x0000255a      0x3c3 .pioenvs\nucleo_f030r8\libFrameworkHALDriver.a(stm32f0xx_hal_gpio.o)
 .debug_line    0x0000291d      0x589 .pioenvs\nucleo_f030r8\libFrameworkHALDriver.a(stm32f0xx_hal_rcc.o)
 .debug_line    0x00002ea6      0x381 .pioenvs\nucleo_f030r8\libFrameworkHALDriver.a(stm32f0xx_hal_rcc_ex.o)
 .debug_line    0x00003227      0xe08 .pioenvs\nucleo_f030r8\libFrameworkHALDriver.a(stm32f0xx_hal_spi.o)
 .debug_line    0x0000402f     0x1408 .pioenvs\nucleo_f030r8\libFrameworkHALDriver.a(stm32f0xx_hal_tim.o)
 .debug_line    0x00005437      0x866 .pioenvs\nucleo_f030r8\libFrameworkHALDriver.a(stm32f0xx_hal_tim_ex.o)
 .debug_line    0x00005c9d      0xd96 .pioenvs\nucleo_f030r8\libFrameworkHALDriver.a(stm32f0xx_hal_uart.o)
 .debug_line    0x00006a33       0xeb .pioenvs\nucleo_f030r8\libFrameworkCMSISDevice.a(startup_stm32f030x4.o)

.debug_str      0x00000000     0x3e19
 .debug_str     0x00000000      0x24f .pioenvs\nucleo_f030r8\src\gpio.o
                                0x2a4 (size before relaxing)
 .debug_str     0x0000024f      0xcf0 .pioenvs\nucleo_f030r8\src\main.o
                                0xf3d (size before relaxing)
 .debug_str     0x00000f3f      0x568 .pioenvs\nucleo_f030r8\src\nrf24l01.o
                                0xcf2 (size before relaxing)
 .debug_str     0x000014a7       0x53 .pioenvs\nucleo_f030r8\src\spi.o
                                0x6d1 (size before relaxing)
 .debug_str     0x000014fa       0x24 .pioenvs\nucleo_f030r8\src\stm32f0xx_hal_msp.o
                                0x350 (size before relaxing)
 .debug_str     0x0000151e       0xc4 .pioenvs\nucleo_f030r8\src\stm32f0xx_it.o
                                0x5e3 (size before relaxing)
 .debug_str     0x000015e2       0x83 .pioenvs\nucleo_f030r8\src\system_stm32f0xx.o
                                0x24a (size before relaxing)
 .debug_str     0x00001665      0x128 .pioenvs\nucleo_f030r8\src\tim.o
                                0x92b (size before relaxing)
 .debug_str     0x0000178d      0x27a .pioenvs\nucleo_f030r8\src\usart.o
                                0x76f (size before relaxing)
 .debug_str     0x00001a07      0x1e9 .pioenvs\nucleo_f030r8\libFrameworkHALDriver.a(stm32f0xx_hal.o)
                                0x5a3 (size before relaxing)
 .debug_str     0x00001bf0      0x1b9 .pioenvs\nucleo_f030r8\libFrameworkHALDriver.a(stm32f0xx_hal_cortex.o)
                                0x5cd (size before relaxing)
 .debug_str     0x00001da9      0x109 .pioenvs\nucleo_f030r8\libFrameworkHALDriver.a(stm32f0xx_hal_gpio.o)
                                0x427 (size before relaxing)
 .debug_str     0x00001eb2      0x1e7 .pioenvs\nucleo_f030r8\libFrameworkHALDriver.a(stm32f0xx_hal_rcc.o)
                                0x64c (size before relaxing)
 .debug_str     0x00002099       0xd0 .pioenvs\nucleo_f030r8\libFrameworkHALDriver.a(stm32f0xx_hal_rcc_ex.o)
                                0x3d9 (size before relaxing)
 .debug_str     0x00002169      0x550 .pioenvs\nucleo_f030r8\libFrameworkHALDriver.a(stm32f0xx_hal_spi.o)
                                0xb6f (size before relaxing)
 .debug_str     0x000026b9      0xc97 .pioenvs\nucleo_f030r8\libFrameworkHALDriver.a(stm32f0xx_hal_tim.o)
                               0x1356 (size before relaxing)
 .debug_str     0x00003350      0x4d6 .pioenvs\nucleo_f030r8\libFrameworkHALDriver.a(stm32f0xx_hal_tim_ex.o)
                                0xc14 (size before relaxing)
 .debug_str     0x00003826      0x5f3 .pioenvs\nucleo_f030r8\libFrameworkHALDriver.a(stm32f0xx_hal_uart.o)
                                0xd87 (size before relaxing)

.comment        0x00000000       0x70
 .comment       0x00000000       0x70 .pioenvs\nucleo_f030r8\src\gpio.o
                                 0x71 (size before relaxing)
 .comment       0x00000000       0x71 .pioenvs\nucleo_f030r8\src\main.o
 .comment       0x00000000       0x71 .pioenvs\nucleo_f030r8\src\nrf24l01.o
 .comment       0x00000000       0x71 .pioenvs\nucleo_f030r8\src\spi.o
 .comment       0x00000000       0x71 .pioenvs\nucleo_f030r8\src\stm32f0xx_hal_msp.o
 .comment       0x00000000       0x71 .pioenvs\nucleo_f030r8\src\stm32f0xx_it.o
 .comment       0x00000000       0x71 .pioenvs\nucleo_f030r8\src\system_stm32f0xx.o
 .comment       0x00000000       0x71 .pioenvs\nucleo_f030r8\src\tim.o
 .comment       0x00000000       0x71 .pioenvs\nucleo_f030r8\src\usart.o
 .comment       0x00000000       0x71 .pioenvs\nucleo_f030r8\libFrameworkHALDriver.a(stm32f0xx_hal.o)
 .comment       0x00000000       0x71 .pioenvs\nucleo_f030r8\libFrameworkHALDriver.a(stm32f0xx_hal_cortex.o)
 .comment       0x00000000       0x71 .pioenvs\nucleo_f030r8\libFrameworkHALDriver.a(stm32f0xx_hal_gpio.o)
 .comment       0x00000000       0x71 .pioenvs\nucleo_f030r8\libFrameworkHALDriver.a(stm32f0xx_hal_rcc.o)
 .comment       0x00000000       0x71 .pioenvs\nucleo_f030r8\libFrameworkHALDriver.a(stm32f0xx_hal_rcc_ex.o)
 .comment       0x00000000       0x71 .pioenvs\nucleo_f030r8\libFrameworkHALDriver.a(stm32f0xx_hal_spi.o)
 .comment       0x00000000       0x71 .pioenvs\nucleo_f030r8\libFrameworkHALDriver.a(stm32f0xx_hal_tim.o)
 .comment       0x00000000       0x71 .pioenvs\nucleo_f030r8\libFrameworkHALDriver.a(stm32f0xx_hal_tim_ex.o)
 .comment       0x00000000       0x71 .pioenvs\nucleo_f030r8\libFrameworkHALDriver.a(stm32f0xx_hal_uart.o)

.debug_frame    0x00000000     0x2490
 .debug_frame   0x00000000       0x30 .pioenvs\nucleo_f030r8\src\gpio.o
 .debug_frame   0x00000030      0x12c .pioenvs\nucleo_f030r8\src\main.o
 .debug_frame   0x0000015c      0x4e0 .pioenvs\nucleo_f030r8\src\nrf24l01.o
 .debug_frame   0x0000063c       0x64 .pioenvs\nucleo_f030r8\src\spi.o
 .debug_frame   0x000006a0       0x2c .pioenvs\nucleo_f030r8\src\stm32f0xx_hal_msp.o
 .debug_frame   0x000006cc       0x98 .pioenvs\nucleo_f030r8\src\stm32f0xx_it.o
 .debug_frame   0x00000764       0x3c .pioenvs\nucleo_f030r8\src\system_stm32f0xx.o
 .debug_frame   0x000007a0       0x64 .pioenvs\nucleo_f030r8\src\tim.o
 .debug_frame   0x00000804       0x64 .pioenvs\nucleo_f030r8\src\usart.o
 .debug_frame   0x00000868       0x20 c:/users/balazs/.platformio/packages/toolchain-gccarmnoneeabi/bin/../lib/gcc/arm-none-eabi/4.8.4/armv6-m\libgcc.a(_udivsi3.o)
 .debug_frame   0x00000888      0x144 .pioenvs\nucleo_f030r8\libFrameworkHALDriver.a(stm32f0xx_hal.o)
 .debug_frame   0x000009cc       0xe4 .pioenvs\nucleo_f030r8\libFrameworkHALDriver.a(stm32f0xx_hal_cortex.o)
 .debug_frame   0x00000ab0       0xbc .pioenvs\nucleo_f030r8\libFrameworkHALDriver.a(stm32f0xx_hal_gpio.o)
 .debug_frame   0x00000b6c      0x130 .pioenvs\nucleo_f030r8\libFrameworkHALDriver.a(stm32f0xx_hal_rcc.o)
 .debug_frame   0x00000c9c       0x58 .pioenvs\nucleo_f030r8\libFrameworkHALDriver.a(stm32f0xx_hal_rcc_ex.o)
 .debug_frame   0x00000cf4      0x5a0 .pioenvs\nucleo_f030r8\libFrameworkHALDriver.a(stm32f0xx_hal_spi.o)
 .debug_frame   0x00001294      0x918 .pioenvs\nucleo_f030r8\libFrameworkHALDriver.a(stm32f0xx_hal_tim.o)
 .debug_frame   0x00001bac      0x38c .pioenvs\nucleo_f030r8\libFrameworkHALDriver.a(stm32f0xx_hal_tim_ex.o)
 .debug_frame   0x00001f38      0x528 .pioenvs\nucleo_f030r8\libFrameworkHALDriver.a(stm32f0xx_hal_uart.o)
 .debug_frame   0x00002460       0x30 c:/users/balazs/.platformio/packages/toolchain-gccarmnoneeabi/bin/../lib/gcc/arm-none-eabi/4.8.4/../../../../arm-none-eabi/lib/armv6-m\libc.a(lib_a-memcpy-stub.o)

.debug_loc      0x00000000     0x902b
 .debug_loc     0x00000000      0x163 .pioenvs\nucleo_f030r8\src\main.o
 .debug_loc     0x00000163      0xac6 .pioenvs\nucleo_f030r8\src\nrf24l01.o
 .debug_loc     0x00000c29       0x42 .pioenvs\nucleo_f030r8\src\spi.o
 .debug_loc     0x00000c6b      0x133 .pioenvs\nucleo_f030r8\src\system_stm32f0xx.o
 .debug_loc     0x00000d9e       0x42 .pioenvs\nucleo_f030r8\src\tim.o
 .debug_loc     0x00000de0       0x42 .pioenvs\nucleo_f030r8\src\usart.o
 .debug_loc     0x00000e22       0x6a .pioenvs\nucleo_f030r8\libFrameworkHALDriver.a(stm32f0xx_hal.o)
 .debug_loc     0x00000e8c      0x2c0 .pioenvs\nucleo_f030r8\libFrameworkHALDriver.a(stm32f0xx_hal_cortex.o)
 .debug_loc     0x0000114c      0x3a3 .pioenvs\nucleo_f030r8\libFrameworkHALDriver.a(stm32f0xx_hal_gpio.o)
 .debug_loc     0x000014ef      0x3c2 .pioenvs\nucleo_f030r8\libFrameworkHALDriver.a(stm32f0xx_hal_rcc.o)
 .debug_loc     0x000018b1      0x23f .pioenvs\nucleo_f030r8\libFrameworkHALDriver.a(stm32f0xx_hal_rcc_ex.o)
 .debug_loc     0x00001af0     0x1721 .pioenvs\nucleo_f030r8\libFrameworkHALDriver.a(stm32f0xx_hal_spi.o)
 .debug_loc     0x00003211     0x3b0b .pioenvs\nucleo_f030r8\libFrameworkHALDriver.a(stm32f0xx_hal_tim.o)
 .debug_loc     0x00006d1c      0xfa0 .pioenvs\nucleo_f030r8\libFrameworkHALDriver.a(stm32f0xx_hal_tim_ex.o)
 .debug_loc     0x00007cbc     0x136f .pioenvs\nucleo_f030r8\libFrameworkHALDriver.a(stm32f0xx_hal_uart.o)
