12:52:42 **** Clean-only build of configuration Debug for project PWRMETV0.1 ****
make clean 
rm -rf *
 
12:53:04 **** Build of configuration Debug for project PWRMETV0.1 ****
make all 
Building file: C:/Users/t9569bk/Documents/KiCad/PWRMET_24G/Soft/PWRMETV0.1/Drivers/STM32F0xx_HAL_Driver/Src/stm32f0xx_hal.c
Invoking: MCU GCC Compiler
C:\Users\t9569bk\Documents\KiCad\PWRMET_24G\Soft\PWRMETV0.1\SW4STM32\PWRMETV0.1\Debug
arm-none-eabi-gcc -mcpu=cortex-m0 -mthumb -mfloat-abi=soft '-D__weak=__attribute__((weak))' '-D__packed=__attribute__((__packed__))' -DUSE_HAL_DRIVER -DSTM32F030x6 -I"C:/Users/t9569bk/Documents/KiCad/PWRMET_24G/Soft/PWRMETV0.1/Inc" -I"C:/Users/t9569bk/Documents/KiCad/PWRMET_24G/Soft/PWRMETV0.1/Drivers/STM32F0xx_HAL_Driver/Inc" -I"C:/Users/t9569bk/Documents/KiCad/PWRMET_24G/Soft/PWRMETV0.1/Drivers/STM32F0xx_HAL_Driver/Inc/Legacy" -I"C:/Users/t9569bk/Documents/KiCad/PWRMET_24G/Soft/PWRMETV0.1/Drivers/CMSIS/Device/ST/STM32F0xx/Include" -I"C:/Users/t9569bk/Documents/KiCad/PWRMET_24G/Soft/PWRMETV0.1/Drivers/CMSIS/Include" -I"C:/Users/t9569bk/Documents/KiCad/PWRMET_24G/Soft/PWRMETV0.1/Inc"  -Og -g3 -Wall -fmessage-length=0 -ffunction-sections -c -fmessage-length=0 -MMD -MP -MF"Drivers/STM32F0xx_HAL_Driver/stm32f0xx_hal.d" -MT"Drivers/STM32F0xx_HAL_Driver/stm32f0xx_hal.o" -o "Drivers/STM32F0xx_HAL_Driver/stm32f0xx_hal.o" "C:/Users/t9569bk/Documents/KiCad/PWRMET_24G/Soft/PWRMETV0.1/Drivers/STM32F0xx_HAL_Driver/Src/stm32f0xx_hal.c"
Finished building: C:/Users/t9569bk/Documents/KiCad/PWRMET_24G/Soft/PWRMETV0.1/Drivers/STM32F0xx_HAL_Driver/Src/stm32f0xx_hal.c
 
Building file: C:/Users/t9569bk/Documents/KiCad/PWRMET_24G/Soft/PWRMETV0.1/Drivers/STM32F0xx_HAL_Driver/Src/stm32f0xx_hal_cortex.c
Invoking: MCU GCC Compiler
C:\Users\t9569bk\Documents\KiCad\PWRMET_24G\Soft\PWRMETV0.1\SW4STM32\PWRMETV0.1\Debug
arm-none-eabi-gcc -mcpu=cortex-m0 -mthumb -mfloat-abi=soft '-D__weak=__attribute__((weak))' '-D__packed=__attribute__((__packed__))' -DUSE_HAL_DRIVER -DSTM32F030x6 -I"C:/Users/t9569bk/Documents/KiCad/PWRMET_24G/Soft/PWRMETV0.1/Inc" -I"C:/Users/t9569bk/Documents/KiCad/PWRMET_24G/Soft/PWRMETV0.1/Drivers/STM32F0xx_HAL_Driver/Inc" -I"C:/Users/t9569bk/Documents/KiCad/PWRMET_24G/Soft/PWRMETV0.1/Drivers/STM32F0xx_HAL_Driver/Inc/Legacy" -I"C:/Users/t9569bk/Documents/KiCad/PWRMET_24G/Soft/PWRMETV0.1/Drivers/CMSIS/Device/ST/STM32F0xx/Include" -I"C:/Users/t9569bk/Documents/KiCad/PWRMET_24G/Soft/PWRMETV0.1/Drivers/CMSIS/Include" -I"C:/Users/t9569bk/Documents/KiCad/PWRMET_24G/Soft/PWRMETV0.1/Inc"  -Og -g3 -Wall -fmessage-length=0 -ffunction-sections -c -fmessage-length=0 -MMD -MP -MF"Drivers/STM32F0xx_HAL_Driver/stm32f0xx_hal_cortex.d" -MT"Drivers/STM32F0xx_HAL_Driver/stm32f0xx_hal_cortex.o" -o "Drivers/STM32F0xx_HAL_Driver/stm32f0xx_hal_cortex.o" "C:/Users/t9569bk/Documents/KiCad/PWRMET_24G/Soft/PWRMETV0.1/Drivers/STM32F0xx_HAL_Driver/Src/stm32f0xx_hal_cortex.c"
Finished building: C:/Users/t9569bk/Documents/KiCad/PWRMET_24G/Soft/PWRMETV0.1/Drivers/STM32F0xx_HAL_Driver/Src/stm32f0xx_hal_cortex.c
 
Building file: C:/Users/t9569bk/Documents/KiCad/PWRMET_24G/Soft/PWRMETV0.1/Drivers/STM32F0xx_HAL_Driver/Src/stm32f0xx_hal_dma.c
Invoking: MCU GCC Compiler
C:\Users\t9569bk\Documents\KiCad\PWRMET_24G\Soft\PWRMETV0.1\SW4STM32\PWRMETV0.1\Debug
arm-none-eabi-gcc -mcpu=cortex-m0 -mthumb -mfloat-abi=soft '-D__weak=__attribute__((weak))' '-D__packed=__attribute__((__packed__))' -DUSE_HAL_DRIVER -DSTM32F030x6 -I"C:/Users/t9569bk/Documents/KiCad/PWRMET_24G/Soft/PWRMETV0.1/Inc" -I"C:/Users/t9569bk/Documents/KiCad/PWRMET_24G/Soft/PWRMETV0.1/Drivers/STM32F0xx_HAL_Driver/Inc" -I"C:/Users/t9569bk/Documents/KiCad/PWRMET_24G/Soft/PWRMETV0.1/Drivers/STM32F0xx_HAL_Driver/Inc/Legacy" -I"C:/Users/t9569bk/Documents/KiCad/PWRMET_24G/Soft/PWRMETV0.1/Drivers/CMSIS/Device/ST/STM32F0xx/Include" -I"C:/Users/t9569bk/Documents/KiCad/PWRMET_24G/Soft/PWRMETV0.1/Drivers/CMSIS/Include" -I"C:/Users/t9569bk/Documents/KiCad/PWRMET_24G/Soft/PWRMETV0.1/Inc"  -Og -g3 -Wall -fmessage-length=0 -ffunction-sections -c -fmessage-length=0 -MMD -MP -MF"Drivers/STM32F0xx_HAL_Driver/stm32f0xx_hal_dma.d" -MT"Drivers/STM32F0xx_HAL_Driver/stm32f0xx_hal_dma.o" -o "Drivers/STM32F0xx_HAL_Driver/stm32f0xx_hal_dma.o" "C:/Users/t9569bk/Documents/KiCad/PWRMET_24G/Soft/PWRMETV0.1/Drivers/STM32F0xx_HAL_Driver/Src/stm32f0xx_hal_dma.c"
Finished building: C:/Users/t9569bk/Documents/KiCad/PWRMET_24G/Soft/PWRMETV0.1/Drivers/STM32F0xx_HAL_Driver/Src/stm32f0xx_hal_dma.c
 
Building file: C:/Users/t9569bk/Documents/KiCad/PWRMET_24G/Soft/PWRMETV0.1/Drivers/STM32F0xx_HAL_Driver/Src/stm32f0xx_hal_flash.c
Invoking: MCU GCC Compiler
C:\Users\t9569bk\Documents\KiCad\PWRMET_24G\Soft\PWRMETV0.1\SW4STM32\PWRMETV0.1\Debug
arm-none-eabi-gcc -mcpu=cortex-m0 -mthumb -mfloat-abi=soft '-D__weak=__attribute__((weak))' '-D__packed=__attribute__((__packed__))' -DUSE_HAL_DRIVER -DSTM32F030x6 -I"C:/Users/t9569bk/Documents/KiCad/PWRMET_24G/Soft/PWRMETV0.1/Inc" -I"C:/Users/t9569bk/Documents/KiCad/PWRMET_24G/Soft/PWRMETV0.1/Drivers/STM32F0xx_HAL_Driver/Inc" -I"C:/Users/t9569bk/Documents/KiCad/PWRMET_24G/Soft/PWRMETV0.1/Drivers/STM32F0xx_HAL_Driver/Inc/Legacy" -I"C:/Users/t9569bk/Documents/KiCad/PWRMET_24G/Soft/PWRMETV0.1/Drivers/CMSIS/Device/ST/STM32F0xx/Include" -I"C:/Users/t9569bk/Documents/KiCad/PWRMET_24G/Soft/PWRMETV0.1/Drivers/CMSIS/Include" -I"C:/Users/t9569bk/Documents/KiCad/PWRMET_24G/Soft/PWRMETV0.1/Inc"  -Og -g3 -Wall -fmessage-length=0 -ffunction-sections -c -fmessage-length=0 -MMD -MP -MF"Drivers/STM32F0xx_HAL_Driver/stm32f0xx_hal_flash.d" -MT"Drivers/STM32F0xx_HAL_Driver/stm32f0xx_hal_flash.o" -o "Drivers/STM32F0xx_HAL_Driver/stm32f0xx_hal_flash.o" "C:/Users/t9569bk/Documents/KiCad/PWRMET_24G/Soft/PWRMETV0.1/Drivers/STM32F0xx_HAL_Driver/Src/stm32f0xx_hal_flash.c"
Finished building: C:/Users/t9569bk/Documents/KiCad/PWRMET_24G/Soft/PWRMETV0.1/Drivers/STM32F0xx_HAL_Driver/Src/stm32f0xx_hal_flash.c
 
Building file: C:/Users/t9569bk/Documents/KiCad/PWRMET_24G/Soft/PWRMETV0.1/Drivers/STM32F0xx_HAL_Driver/Src/stm32f0xx_hal_flash_ex.c
Invoking: MCU GCC Compiler
C:\Users\t9569bk\Documents\KiCad\PWRMET_24G\Soft\PWRMETV0.1\SW4STM32\PWRMETV0.1\Debug
arm-none-eabi-gcc -mcpu=cortex-m0 -mthumb -mfloat-abi=soft '-D__weak=__attribute__((weak))' '-D__packed=__attribute__((__packed__))' -DUSE_HAL_DRIVER -DSTM32F030x6 -I"C:/Users/t9569bk/Documents/KiCad/PWRMET_24G/Soft/PWRMETV0.1/Inc" -I"C:/Users/t9569bk/Documents/KiCad/PWRMET_24G/Soft/PWRMETV0.1/Drivers/STM32F0xx_HAL_Driver/Inc" -I"C:/Users/t9569bk/Documents/KiCad/PWRMET_24G/Soft/PWRMETV0.1/Drivers/STM32F0xx_HAL_Driver/Inc/Legacy" -I"C:/Users/t9569bk/Documents/KiCad/PWRMET_24G/Soft/PWRMETV0.1/Drivers/CMSIS/Device/ST/STM32F0xx/Include" -I"C:/Users/t9569bk/Documents/KiCad/PWRMET_24G/Soft/PWRMETV0.1/Drivers/CMSIS/Include" -I"C:/Users/t9569bk/Documents/KiCad/PWRMET_24G/Soft/PWRMETV0.1/Inc"  -Og -g3 -Wall -fmessage-length=0 -ffunction-sections -c -fmessage-length=0 -MMD -MP -MF"Drivers/STM32F0xx_HAL_Driver/stm32f0xx_hal_flash_ex.d" -MT"Drivers/STM32F0xx_HAL_Driver/stm32f0xx_hal_flash_ex.o" -o "Drivers/STM32F0xx_HAL_Driver/stm32f0xx_hal_flash_ex.o" "C:/Users/t9569bk/Documents/KiCad/PWRMET_24G/Soft/PWRMETV0.1/Drivers/STM32F0xx_HAL_Driver/Src/stm32f0xx_hal_flash_ex.c"
Finished building: C:/Users/t9569bk/Documents/KiCad/PWRMET_24G/Soft/PWRMETV0.1/Drivers/STM32F0xx_HAL_Driver/Src/stm32f0xx_hal_flash_ex.c
 
Building file: C:/Users/t9569bk/Documents/KiCad/PWRMET_24G/Soft/PWRMETV0.1/Drivers/STM32F0xx_HAL_Driver/Src/stm32f0xx_hal_gpio.c
Invoking: MCU GCC Compiler
C:\Users\t9569bk\Documents\KiCad\PWRMET_24G\Soft\PWRMETV0.1\SW4STM32\PWRMETV0.1\Debug
arm-none-eabi-gcc -mcpu=cortex-m0 -mthumb -mfloat-abi=soft '-D__weak=__attribute__((weak))' '-D__packed=__attribute__((__packed__))' -DUSE_HAL_DRIVER -DSTM32F030x6 -I"C:/Users/t9569bk/Documents/KiCad/PWRMET_24G/Soft/PWRMETV0.1/Inc" -I"C:/Users/t9569bk/Documents/KiCad/PWRMET_24G/Soft/PWRMETV0.1/Drivers/STM32F0xx_HAL_Driver/Inc" -I"C:/Users/t9569bk/Documents/KiCad/PWRMET_24G/Soft/PWRMETV0.1/Drivers/STM32F0xx_HAL_Driver/Inc/Legacy" -I"C:/Users/t9569bk/Documents/KiCad/PWRMET_24G/Soft/PWRMETV0.1/Drivers/CMSIS/Device/ST/STM32F0xx/Include" -I"C:/Users/t9569bk/Documents/KiCad/PWRMET_24G/Soft/PWRMETV0.1/Drivers/CMSIS/Include" -I"C:/Users/t9569bk/Documents/KiCad/PWRMET_24G/Soft/PWRMETV0.1/Inc"  -Og -g3 -Wall -fmessage-length=0 -ffunction-sections -c -fmessage-length=0 -MMD -MP -MF"Drivers/STM32F0xx_HAL_Driver/stm32f0xx_hal_gpio.d" -MT"Drivers/STM32F0xx_HAL_Driver/stm32f0xx_hal_gpio.o" -o "Drivers/STM32F0xx_HAL_Driver/stm32f0xx_hal_gpio.o" "C:/Users/t9569bk/Documents/KiCad/PWRMET_24G/Soft/PWRMETV0.1/Drivers/STM32F0xx_HAL_Driver/Src/stm32f0xx_hal_gpio.c"
Finished building: C:/Users/t9569bk/Documents/KiCad/PWRMET_24G/Soft/PWRMETV0.1/Drivers/STM32F0xx_HAL_Driver/Src/stm32f0xx_hal_gpio.c
 
Building file: C:/Users/t9569bk/Documents/KiCad/PWRMET_24G/Soft/PWRMETV0.1/Drivers/STM32F0xx_HAL_Driver/Src/stm32f0xx_hal_i2c.c
Invoking: MCU GCC Compiler
C:\Users\t9569bk\Documents\KiCad\PWRMET_24G\Soft\PWRMETV0.1\SW4STM32\PWRMETV0.1\Debug
arm-none-eabi-gcc -mcpu=cortex-m0 -mthumb -mfloat-abi=soft '-D__weak=__attribute__((weak))' '-D__packed=__attribute__((__packed__))' -DUSE_HAL_DRIVER -DSTM32F030x6 -I"C:/Users/t9569bk/Documents/KiCad/PWRMET_24G/Soft/PWRMETV0.1/Inc" -I"C:/Users/t9569bk/Documents/KiCad/PWRMET_24G/Soft/PWRMETV0.1/Drivers/STM32F0xx_HAL_Driver/Inc" -I"C:/Users/t9569bk/Documents/KiCad/PWRMET_24G/Soft/PWRMETV0.1/Drivers/STM32F0xx_HAL_Driver/Inc/Legacy" -I"C:/Users/t9569bk/Documents/KiCad/PWRMET_24G/Soft/PWRMETV0.1/Drivers/CMSIS/Device/ST/STM32F0xx/Include" -I"C:/Users/t9569bk/Documents/KiCad/PWRMET_24G/Soft/PWRMETV0.1/Drivers/CMSIS/Include" -I"C:/Users/t9569bk/Documents/KiCad/PWRMET_24G/Soft/PWRMETV0.1/Inc"  -Og -g3 -Wall -fmessage-length=0 -ffunction-sections -c -fmessage-length=0 -MMD -MP -MF"Drivers/STM32F0xx_HAL_Driver/stm32f0xx_hal_i2c.d" -MT"Drivers/STM32F0xx_HAL_Driver/stm32f0xx_hal_i2c.o" -o "Drivers/STM32F0xx_HAL_Driver/stm32f0xx_hal_i2c.o" "C:/Users/t9569bk/Documents/KiCad/PWRMET_24G/Soft/PWRMETV0.1/Drivers/STM32F0xx_HAL_Driver/Src/stm32f0xx_hal_i2c.c"
Finished building: C:/Users/t9569bk/Documents/KiCad/PWRMET_24G/Soft/PWRMETV0.1/Drivers/STM32F0xx_HAL_Driver/Src/stm32f0xx_hal_i2c.c
 
Building file: C:/Users/t9569bk/Documents/KiCad/PWRMET_24G/Soft/PWRMETV0.1/Drivers/STM32F0xx_HAL_Driver/Src/stm32f0xx_hal_i2c_ex.c
Invoking: MCU GCC Compiler
C:\Users\t9569bk\Documents\KiCad\PWRMET_24G\Soft\PWRMETV0.1\SW4STM32\PWRMETV0.1\Debug
arm-none-eabi-gcc -mcpu=cortex-m0 -mthumb -mfloat-abi=soft '-D__weak=__attribute__((weak))' '-D__packed=__attribute__((__packed__))' -DUSE_HAL_DRIVER -DSTM32F030x6 -I"C:/Users/t9569bk/Documents/KiCad/PWRMET_24G/Soft/PWRMETV0.1/Inc" -I"C:/Users/t9569bk/Documents/KiCad/PWRMET_24G/Soft/PWRMETV0.1/Drivers/STM32F0xx_HAL_Driver/Inc" -I"C:/Users/t9569bk/Documents/KiCad/PWRMET_24G/Soft/PWRMETV0.1/Drivers/STM32F0xx_HAL_Driver/Inc/Legacy" -I"C:/Users/t9569bk/Documents/KiCad/PWRMET_24G/Soft/PWRMETV0.1/Drivers/CMSIS/Device/ST/STM32F0xx/Include" -I"C:/Users/t9569bk/Documents/KiCad/PWRMET_24G/Soft/PWRMETV0.1/Drivers/CMSIS/Include" -I"C:/Users/t9569bk/Documents/KiCad/PWRMET_24G/Soft/PWRMETV0.1/Inc"  -Og -g3 -Wall -fmessage-length=0 -ffunction-sections -c -fmessage-length=0 -MMD -MP -MF"Drivers/STM32F0xx_HAL_Driver/stm32f0xx_hal_i2c_ex.d" -MT"Drivers/STM32F0xx_HAL_Driver/stm32f0xx_hal_i2c_ex.o" -o "Drivers/STM32F0xx_HAL_Driver/stm32f0xx_hal_i2c_ex.o" "C:/Users/t9569bk/Documents/KiCad/PWRMET_24G/Soft/PWRMETV0.1/Drivers/STM32F0xx_HAL_Driver/Src/stm32f0xx_hal_i2c_ex.c"
Finished building: C:/Users/t9569bk/Documents/KiCad/PWRMET_24G/Soft/PWRMETV0.1/Drivers/STM32F0xx_HAL_Driver/Src/stm32f0xx_hal_i2c_ex.c
 
Building file: C:/Users/t9569bk/Documents/KiCad/PWRMET_24G/Soft/PWRMETV0.1/Drivers/STM32F0xx_HAL_Driver/Src/stm32f0xx_hal_pwr.c
Invoking: MCU GCC Compiler
C:\Users\t9569bk\Documents\KiCad\PWRMET_24G\Soft\PWRMETV0.1\SW4STM32\PWRMETV0.1\Debug
arm-none-eabi-gcc -mcpu=cortex-m0 -mthumb -mfloat-abi=soft '-D__weak=__attribute__((weak))' '-D__packed=__attribute__((__packed__))' -DUSE_HAL_DRIVER -DSTM32F030x6 -I"C:/Users/t9569bk/Documents/KiCad/PWRMET_24G/Soft/PWRMETV0.1/Inc" -I"C:/Users/t9569bk/Documents/KiCad/PWRMET_24G/Soft/PWRMETV0.1/Drivers/STM32F0xx_HAL_Driver/Inc" -I"C:/Users/t9569bk/Documents/KiCad/PWRMET_24G/Soft/PWRMETV0.1/Drivers/STM32F0xx_HAL_Driver/Inc/Legacy" -I"C:/Users/t9569bk/Documents/KiCad/PWRMET_24G/Soft/PWRMETV0.1/Drivers/CMSIS/Device/ST/STM32F0xx/Include" -I"C:/Users/t9569bk/Documents/KiCad/PWRMET_24G/Soft/PWRMETV0.1/Drivers/CMSIS/Include" -I"C:/Users/t9569bk/Documents/KiCad/PWRMET_24G/Soft/PWRMETV0.1/Inc"  -Og -g3 -Wall -fmessage-length=0 -ffunction-sections -c -fmessage-length=0 -MMD -MP -MF"Drivers/STM32F0xx_HAL_Driver/stm32f0xx_hal_pwr.d" -MT"Drivers/STM32F0xx_HAL_Driver/stm32f0xx_hal_pwr.o" -o "Drivers/STM32F0xx_HAL_Driver/stm32f0xx_hal_pwr.o" "C:/Users/t9569bk/Documents/KiCad/PWRMET_24G/Soft/PWRMETV0.1/Drivers/STM32F0xx_HAL_Driver/Src/stm32f0xx_hal_pwr.c"
Finished building: C:/Users/t9569bk/Documents/KiCad/PWRMET_24G/Soft/PWRMETV0.1/Drivers/STM32F0xx_HAL_Driver/Src/stm32f0xx_hal_pwr.c
 
Building file: C:/Users/t9569bk/Documents/KiCad/PWRMET_24G/Soft/PWRMETV0.1/Drivers/STM32F0xx_HAL_Driver/Src/stm32f0xx_hal_pwr_ex.c
Invoking: MCU GCC Compiler
C:\Users\t9569bk\Documents\KiCad\PWRMET_24G\Soft\PWRMETV0.1\SW4STM32\PWRMETV0.1\Debug
arm-none-eabi-gcc -mcpu=cortex-m0 -mthumb -mfloat-abi=soft '-D__weak=__attribute__((weak))' '-D__packed=__attribute__((__packed__))' -DUSE_HAL_DRIVER -DSTM32F030x6 -I"C:/Users/t9569bk/Documents/KiCad/PWRMET_24G/Soft/PWRMETV0.1/Inc" -I"C:/Users/t9569bk/Documents/KiCad/PWRMET_24G/Soft/PWRMETV0.1/Drivers/STM32F0xx_HAL_Driver/Inc" -I"C:/Users/t9569bk/Documents/KiCad/PWRMET_24G/Soft/PWRMETV0.1/Drivers/STM32F0xx_HAL_Driver/Inc/Legacy" -I"C:/Users/t9569bk/Documents/KiCad/PWRMET_24G/Soft/PWRMETV0.1/Drivers/CMSIS/Device/ST/STM32F0xx/Include" -I"C:/Users/t9569bk/Documents/KiCad/PWRMET_24G/Soft/PWRMETV0.1/Drivers/CMSIS/Include" -I"C:/Users/t9569bk/Documents/KiCad/PWRMET_24G/Soft/PWRMETV0.1/Inc"  -Og -g3 -Wall -fmessage-length=0 -ffunction-sections -c -fmessage-length=0 -MMD -MP -MF"Drivers/STM32F0xx_HAL_Driver/stm32f0xx_hal_pwr_ex.d" -MT"Drivers/STM32F0xx_HAL_Driver/stm32f0xx_hal_pwr_ex.o" -o "Drivers/STM32F0xx_HAL_Driver/stm32f0xx_hal_pwr_ex.o" "C:/Users/t9569bk/Documents/KiCad/PWRMET_24G/Soft/PWRMETV0.1/Drivers/STM32F0xx_HAL_Driver/Src/stm32f0xx_hal_pwr_ex.c"
Finished building: C:/Users/t9569bk/Documents/KiCad/PWRMET_24G/Soft/PWRMETV0.1/Drivers/STM32F0xx_HAL_Driver/Src/stm32f0xx_hal_pwr_ex.c
 
Building file: C:/Users/t9569bk/Documents/KiCad/PWRMET_24G/Soft/PWRMETV0.1/Drivers/STM32F0xx_HAL_Driver/Src/stm32f0xx_hal_rcc.c
Invoking: MCU GCC Compiler
C:\Users\t9569bk\Documents\KiCad\PWRMET_24G\Soft\PWRMETV0.1\SW4STM32\PWRMETV0.1\Debug
arm-none-eabi-gcc -mcpu=cortex-m0 -mthumb -mfloat-abi=soft '-D__weak=__attribute__((weak))' '-D__packed=__attribute__((__packed__))' -DUSE_HAL_DRIVER -DSTM32F030x6 -I"C:/Users/t9569bk/Documents/KiCad/PWRMET_24G/Soft/PWRMETV0.1/Inc" -I"C:/Users/t9569bk/Documents/KiCad/PWRMET_24G/Soft/PWRMETV0.1/Drivers/STM32F0xx_HAL_Driver/Inc" -I"C:/Users/t9569bk/Documents/KiCad/PWRMET_24G/Soft/PWRMETV0.1/Drivers/STM32F0xx_HAL_Driver/Inc/Legacy" -I"C:/Users/t9569bk/Documents/KiCad/PWRMET_24G/Soft/PWRMETV0.1/Drivers/CMSIS/Device/ST/STM32F0xx/Include" -I"C:/Users/t9569bk/Documents/KiCad/PWRMET_24G/Soft/PWRMETV0.1/Drivers/CMSIS/Include" -I"C:/Users/t9569bk/Documents/KiCad/PWRMET_24G/Soft/PWRMETV0.1/Inc"  -Og -g3 -Wall -fmessage-length=0 -ffunction-sections -c -fmessage-length=0 -MMD -MP -MF"Drivers/STM32F0xx_HAL_Driver/stm32f0xx_hal_rcc.d" -MT"Drivers/STM32F0xx_HAL_Driver/stm32f0xx_hal_rcc.o" -o "Drivers/STM32F0xx_HAL_Driver/stm32f0xx_hal_rcc.o" "C:/Users/t9569bk/Documents/KiCad/PWRMET_24G/Soft/PWRMETV0.1/Drivers/STM32F0xx_HAL_Driver/Src/stm32f0xx_hal_rcc.c"
Finished building: C:/Users/t9569bk/Documents/KiCad/PWRMET_24G/Soft/PWRMETV0.1/Drivers/STM32F0xx_HAL_Driver/Src/stm32f0xx_hal_rcc.c
 
Building file: C:/Users/t9569bk/Documents/KiCad/PWRMET_24G/Soft/PWRMETV0.1/Drivers/STM32F0xx_HAL_Driver/Src/stm32f0xx_hal_rcc_ex.c
Invoking: MCU GCC Compiler
C:\Users\t9569bk\Documents\KiCad\PWRMET_24G\Soft\PWRMETV0.1\SW4STM32\PWRMETV0.1\Debug
arm-none-eabi-gcc -mcpu=cortex-m0 -mthumb -mfloat-abi=soft '-D__weak=__attribute__((weak))' '-D__packed=__attribute__((__packed__))' -DUSE_HAL_DRIVER -DSTM32F030x6 -I"C:/Users/t9569bk/Documents/KiCad/PWRMET_24G/Soft/PWRMETV0.1/Inc" -I"C:/Users/t9569bk/Documents/KiCad/PWRMET_24G/Soft/PWRMETV0.1/Drivers/STM32F0xx_HAL_Driver/Inc" -I"C:/Users/t9569bk/Documents/KiCad/PWRMET_24G/Soft/PWRMETV0.1/Drivers/STM32F0xx_HAL_Driver/Inc/Legacy" -I"C:/Users/t9569bk/Documents/KiCad/PWRMET_24G/Soft/PWRMETV0.1/Drivers/CMSIS/Device/ST/STM32F0xx/Include" -I"C:/Users/t9569bk/Documents/KiCad/PWRMET_24G/Soft/PWRMETV0.1/Drivers/CMSIS/Include" -I"C:/Users/t9569bk/Documents/KiCad/PWRMET_24G/Soft/PWRMETV0.1/Inc"  -Og -g3 -Wall -fmessage-length=0 -ffunction-sections -c -fmessage-length=0 -MMD -MP -MF"Drivers/STM32F0xx_HAL_Driver/stm32f0xx_hal_rcc_ex.d" -MT"Drivers/STM32F0xx_HAL_Driver/stm32f0xx_hal_rcc_ex.o" -o "Drivers/STM32F0xx_HAL_Driver/stm32f0xx_hal_rcc_ex.o" "C:/Users/t9569bk/Documents/KiCad/PWRMET_24G/Soft/PWRMETV0.1/Drivers/STM32F0xx_HAL_Driver/Src/stm32f0xx_hal_rcc_ex.c"
Finished building: C:/Users/t9569bk/Documents/KiCad/PWRMET_24G/Soft/PWRMETV0.1/Drivers/STM32F0xx_HAL_Driver/Src/stm32f0xx_hal_rcc_ex.c
 
Building file: C:/Users/t9569bk/Documents/KiCad/PWRMET_24G/Soft/PWRMETV0.1/Drivers/STM32F0xx_HAL_Driver/Src/stm32f0xx_hal_spi.c
Invoking: MCU GCC Compiler
C:\Users\t9569bk\Documents\KiCad\PWRMET_24G\Soft\PWRMETV0.1\SW4STM32\PWRMETV0.1\Debug
arm-none-eabi-gcc -mcpu=cortex-m0 -mthumb -mfloat-abi=soft '-D__weak=__attribute__((weak))' '-D__packed=__attribute__((__packed__))' -DUSE_HAL_DRIVER -DSTM32F030x6 -I"C:/Users/t9569bk/Documents/KiCad/PWRMET_24G/Soft/PWRMETV0.1/Inc" -I"C:/Users/t9569bk/Documents/KiCad/PWRMET_24G/Soft/PWRMETV0.1/Drivers/STM32F0xx_HAL_Driver/Inc" -I"C:/Users/t9569bk/Documents/KiCad/PWRMET_24G/Soft/PWRMETV0.1/Drivers/STM32F0xx_HAL_Driver/Inc/Legacy" -I"C:/Users/t9569bk/Documents/KiCad/PWRMET_24G/Soft/PWRMETV0.1/Drivers/CMSIS/Device/ST/STM32F0xx/Include" -I"C:/Users/t9569bk/Documents/KiCad/PWRMET_24G/Soft/PWRMETV0.1/Drivers/CMSIS/Include" -I"C:/Users/t9569bk/Documents/KiCad/PWRMET_24G/Soft/PWRMETV0.1/Inc"  -Og -g3 -Wall -fmessage-length=0 -ffunction-sections -c -fmessage-length=0 -MMD -MP -MF"Drivers/STM32F0xx_HAL_Driver/stm32f0xx_hal_spi.d" -MT"Drivers/STM32F0xx_HAL_Driver/stm32f0xx_hal_spi.o" -o "Drivers/STM32F0xx_HAL_Driver/stm32f0xx_hal_spi.o" "C:/Users/t9569bk/Documents/KiCad/PWRMET_24G/Soft/PWRMETV0.1/Drivers/STM32F0xx_HAL_Driver/Src/stm32f0xx_hal_spi.c"
Finished building: C:/Users/t9569bk/Documents/KiCad/PWRMET_24G/Soft/PWRMETV0.1/Drivers/STM32F0xx_HAL_Driver/Src/stm32f0xx_hal_spi.c
 
Building file: C:/Users/t9569bk/Documents/KiCad/PWRMET_24G/Soft/PWRMETV0.1/Drivers/STM32F0xx_HAL_Driver/Src/stm32f0xx_hal_spi_ex.c
Invoking: MCU GCC Compiler
C:\Users\t9569bk\Documents\KiCad\PWRMET_24G\Soft\PWRMETV0.1\SW4STM32\PWRMETV0.1\Debug
arm-none-eabi-gcc -mcpu=cortex-m0 -mthumb -mfloat-abi=soft '-D__weak=__attribute__((weak))' '-D__packed=__attribute__((__packed__))' -DUSE_HAL_DRIVER -DSTM32F030x6 -I"C:/Users/t9569bk/Documents/KiCad/PWRMET_24G/Soft/PWRMETV0.1/Inc" -I"C:/Users/t9569bk/Documents/KiCad/PWRMET_24G/Soft/PWRMETV0.1/Drivers/STM32F0xx_HAL_Driver/Inc" -I"C:/Users/t9569bk/Documents/KiCad/PWRMET_24G/Soft/PWRMETV0.1/Drivers/STM32F0xx_HAL_Driver/Inc/Legacy" -I"C:/Users/t9569bk/Documents/KiCad/PWRMET_24G/Soft/PWRMETV0.1/Drivers/CMSIS/Device/ST/STM32F0xx/Include" -I"C:/Users/t9569bk/Documents/KiCad/PWRMET_24G/Soft/PWRMETV0.1/Drivers/CMSIS/Include" -I"C:/Users/t9569bk/Documents/KiCad/PWRMET_24G/Soft/PWRMETV0.1/Inc"  -Og -g3 -Wall -fmessage-length=0 -ffunction-sections -c -fmessage-length=0 -MMD -MP -MF"Drivers/STM32F0xx_HAL_Driver/stm32f0xx_hal_spi_ex.d" -MT"Drivers/STM32F0xx_HAL_Driver/stm32f0xx_hal_spi_ex.o" -o "Drivers/STM32F0xx_HAL_Driver/stm32f0xx_hal_spi_ex.o" "C:/Users/t9569bk/Documents/KiCad/PWRMET_24G/Soft/PWRMETV0.1/Drivers/STM32F0xx_HAL_Driver/Src/stm32f0xx_hal_spi_ex.c"
Finished building: C:/Users/t9569bk/Documents/KiCad/PWRMET_24G/Soft/PWRMETV0.1/Drivers/STM32F0xx_HAL_Driver/Src/stm32f0xx_hal_spi_ex.c
 
Building file: C:/Users/t9569bk/Documents/KiCad/PWRMET_24G/Soft/PWRMETV0.1/Drivers/STM32F0xx_HAL_Driver/Src/stm32f0xx_hal_tim.c
Invoking: MCU GCC Compiler
C:\Users\t9569bk\Documents\KiCad\PWRMET_24G\Soft\PWRMETV0.1\SW4STM32\PWRMETV0.1\Debug
arm-none-eabi-gcc -mcpu=cortex-m0 -mthumb -mfloat-abi=soft '-D__weak=__attribute__((weak))' '-D__packed=__attribute__((__packed__))' -DUSE_HAL_DRIVER -DSTM32F030x6 -I"C:/Users/t9569bk/Documents/KiCad/PWRMET_24G/Soft/PWRMETV0.1/Inc" -I"C:/Users/t9569bk/Documents/KiCad/PWRMET_24G/Soft/PWRMETV0.1/Drivers/STM32F0xx_HAL_Driver/Inc" -I"C:/Users/t9569bk/Documents/KiCad/PWRMET_24G/Soft/PWRMETV0.1/Drivers/STM32F0xx_HAL_Driver/Inc/Legacy" -I"C:/Users/t9569bk/Documents/KiCad/PWRMET_24G/Soft/PWRMETV0.1/Drivers/CMSIS/Device/ST/STM32F0xx/Include" -I"C:/Users/t9569bk/Documents/KiCad/PWRMET_24G/Soft/PWRMETV0.1/Drivers/CMSIS/Include" -I"C:/Users/t9569bk/Documents/KiCad/PWRMET_24G/Soft/PWRMETV0.1/Inc"  -Og -g3 -Wall -fmessage-length=0 -ffunction-sections -c -fmessage-length=0 -MMD -MP -MF"Drivers/STM32F0xx_HAL_Driver/stm32f0xx_hal_tim.d" -MT"Drivers/STM32F0xx_HAL_Driver/stm32f0xx_hal_tim.o" -o "Drivers/STM32F0xx_HAL_Driver/stm32f0xx_hal_tim.o" "C:/Users/t9569bk/Documents/KiCad/PWRMET_24G/Soft/PWRMETV0.1/Drivers/STM32F0xx_HAL_Driver/Src/stm32f0xx_hal_tim.c"
Finished building: C:/Users/t9569bk/Documents/KiCad/PWRMET_24G/Soft/PWRMETV0.1/Drivers/STM32F0xx_HAL_Driver/Src/stm32f0xx_hal_tim.c
 
Building file: C:/Users/t9569bk/Documents/KiCad/PWRMET_24G/Soft/PWRMETV0.1/Drivers/STM32F0xx_HAL_Driver/Src/stm32f0xx_hal_tim_ex.c
Invoking: MCU GCC Compiler
C:\Users\t9569bk\Documents\KiCad\PWRMET_24G\Soft\PWRMETV0.1\SW4STM32\PWRMETV0.1\Debug
arm-none-eabi-gcc -mcpu=cortex-m0 -mthumb -mfloat-abi=soft '-D__weak=__attribute__((weak))' '-D__packed=__attribute__((__packed__))' -DUSE_HAL_DRIVER -DSTM32F030x6 -I"C:/Users/t9569bk/Documents/KiCad/PWRMET_24G/Soft/PWRMETV0.1/Inc" -I"C:/Users/t9569bk/Documents/KiCad/PWRMET_24G/Soft/PWRMETV0.1/Drivers/STM32F0xx_HAL_Driver/Inc" -I"C:/Users/t9569bk/Documents/KiCad/PWRMET_24G/Soft/PWRMETV0.1/Drivers/STM32F0xx_HAL_Driver/Inc/Legacy" -I"C:/Users/t9569bk/Documents/KiCad/PWRMET_24G/Soft/PWRMETV0.1/Drivers/CMSIS/Device/ST/STM32F0xx/Include" -I"C:/Users/t9569bk/Documents/KiCad/PWRMET_24G/Soft/PWRMETV0.1/Drivers/CMSIS/Include" -I"C:/Users/t9569bk/Documents/KiCad/PWRMET_24G/Soft/PWRMETV0.1/Inc"  -Og -g3 -Wall -fmessage-length=0 -ffunction-sections -c -fmessage-length=0 -MMD -MP -MF"Drivers/STM32F0xx_HAL_Driver/stm32f0xx_hal_tim_ex.d" -MT"Drivers/STM32F0xx_HAL_Driver/stm32f0xx_hal_tim_ex.o" -o "Drivers/STM32F0xx_HAL_Driver/stm32f0xx_hal_tim_ex.o" "C:/Users/t9569bk/Documents/KiCad/PWRMET_24G/Soft/PWRMETV0.1/Drivers/STM32F0xx_HAL_Driver/Src/stm32f0xx_hal_tim_ex.c"
Finished building: C:/Users/t9569bk/Documents/KiCad/PWRMET_24G/Soft/PWRMETV0.1/Drivers/STM32F0xx_HAL_Driver/Src/stm32f0xx_hal_tim_ex.c
 
Building file: C:/Users/t9569bk/Documents/KiCad/PWRMET_24G/Soft/PWRMETV0.1/Drivers/STM32F0xx_HAL_Driver/Src/stm32f0xx_hal_uart.c
Invoking: MCU GCC Compiler
C:\Users\t9569bk\Documents\KiCad\PWRMET_24G\Soft\PWRMETV0.1\SW4STM32\PWRMETV0.1\Debug
arm-none-eabi-gcc -mcpu=cortex-m0 -mthumb -mfloat-abi=soft '-D__weak=__attribute__((weak))' '-D__packed=__attribute__((__packed__))' -DUSE_HAL_DRIVER -DSTM32F030x6 -I"C:/Users/t9569bk/Documents/KiCad/PWRMET_24G/Soft/PWRMETV0.1/Inc" -I"C:/Users/t9569bk/Documents/KiCad/PWRMET_24G/Soft/PWRMETV0.1/Drivers/STM32F0xx_HAL_Driver/Inc" -I"C:/Users/t9569bk/Documents/KiCad/PWRMET_24G/Soft/PWRMETV0.1/Drivers/STM32F0xx_HAL_Driver/Inc/Legacy" -I"C:/Users/t9569bk/Documents/KiCad/PWRMET_24G/Soft/PWRMETV0.1/Drivers/CMSIS/Device/ST/STM32F0xx/Include" -I"C:/Users/t9569bk/Documents/KiCad/PWRMET_24G/Soft/PWRMETV0.1/Drivers/CMSIS/Include" -I"C:/Users/t9569bk/Documents/KiCad/PWRMET_24G/Soft/PWRMETV0.1/Inc"  -Og -g3 -Wall -fmessage-length=0 -ffunction-sections -c -fmessage-length=0 -MMD -MP -MF"Drivers/STM32F0xx_HAL_Driver/stm32f0xx_hal_uart.d" -MT"Drivers/STM32F0xx_HAL_Driver/stm32f0xx_hal_uart.o" -o "Drivers/STM32F0xx_HAL_Driver/stm32f0xx_hal_uart.o" "C:/Users/t9569bk/Documents/KiCad/PWRMET_24G/Soft/PWRMETV0.1/Drivers/STM32F0xx_HAL_Driver/Src/stm32f0xx_hal_uart.c"
Finished building: C:/Users/t9569bk/Documents/KiCad/PWRMET_24G/Soft/PWRMETV0.1/Drivers/STM32F0xx_HAL_Driver/Src/stm32f0xx_hal_uart.c
 
Building file: C:/Users/t9569bk/Documents/KiCad/PWRMET_24G/Soft/PWRMETV0.1/Drivers/STM32F0xx_HAL_Driver/Src/stm32f0xx_hal_uart_ex.c
Invoking: MCU GCC Compiler
C:\Users\t9569bk\Documents\KiCad\PWRMET_24G\Soft\PWRMETV0.1\SW4STM32\PWRMETV0.1\Debug
arm-none-eabi-gcc -mcpu=cortex-m0 -mthumb -mfloat-abi=soft '-D__weak=__attribute__((weak))' '-D__packed=__attribute__((__packed__))' -DUSE_HAL_DRIVER -DSTM32F030x6 -I"C:/Users/t9569bk/Documents/KiCad/PWRMET_24G/Soft/PWRMETV0.1/Inc" -I"C:/Users/t9569bk/Documents/KiCad/PWRMET_24G/Soft/PWRMETV0.1/Drivers/STM32F0xx_HAL_Driver/Inc" -I"C:/Users/t9569bk/Documents/KiCad/PWRMET_24G/Soft/PWRMETV0.1/Drivers/STM32F0xx_HAL_Driver/Inc/Legacy" -I"C:/Users/t9569bk/Documents/KiCad/PWRMET_24G/Soft/PWRMETV0.1/Drivers/CMSIS/Device/ST/STM32F0xx/Include" -I"C:/Users/t9569bk/Documents/KiCad/PWRMET_24G/Soft/PWRMETV0.1/Drivers/CMSIS/Include" -I"C:/Users/t9569bk/Documents/KiCad/PWRMET_24G/Soft/PWRMETV0.1/Inc"  -Og -g3 -Wall -fmessage-length=0 -ffunction-sections -c -fmessage-length=0 -MMD -MP -MF"Drivers/STM32F0xx_HAL_Driver/stm32f0xx_hal_uart_ex.d" -MT"Drivers/STM32F0xx_HAL_Driver/stm32f0xx_hal_uart_ex.o" -o "Drivers/STM32F0xx_HAL_Driver/stm32f0xx_hal_uart_ex.o" "C:/Users/t9569bk/Documents/KiCad/PWRMET_24G/Soft/PWRMETV0.1/Drivers/STM32F0xx_HAL_Driver/Src/stm32f0xx_hal_uart_ex.c"
Finished building: C:/Users/t9569bk/Documents/KiCad/PWRMET_24G/Soft/PWRMETV0.1/Drivers/STM32F0xx_HAL_Driver/Src/stm32f0xx_hal_uart_ex.c
 
Building file: C:/Users/t9569bk/Documents/KiCad/PWRMET_24G/Soft/PWRMETV0.1/Src/system_stm32f0xx.c
Invoking: MCU GCC Compiler
C:\Users\t9569bk\Documents\KiCad\PWRMET_24G\Soft\PWRMETV0.1\SW4STM32\PWRMETV0.1\Debug
arm-none-eabi-gcc -mcpu=cortex-m0 -mthumb -mfloat-abi=soft '-D__weak=__attribute__((weak))' '-D__packed=__attribute__((__packed__))' -DUSE_HAL_DRIVER -DSTM32F030x6 -I"C:/Users/t9569bk/Documents/KiCad/PWRMET_24G/Soft/PWRMETV0.1/Inc" -I"C:/Users/t9569bk/Documents/KiCad/PWRMET_24G/Soft/PWRMETV0.1/Drivers/STM32F0xx_HAL_Driver/Inc" -I"C:/Users/t9569bk/Documents/KiCad/PWRMET_24G/Soft/PWRMETV0.1/Drivers/STM32F0xx_HAL_Driver/Inc/Legacy" -I"C:/Users/t9569bk/Documents/KiCad/PWRMET_24G/Soft/PWRMETV0.1/Drivers/CMSIS/Device/ST/STM32F0xx/Include" -I"C:/Users/t9569bk/Documents/KiCad/PWRMET_24G/Soft/PWRMETV0.1/Drivers/CMSIS/Include" -I"C:/Users/t9569bk/Documents/KiCad/PWRMET_24G/Soft/PWRMETV0.1/Inc"  -Og -g3 -Wall -fmessage-length=0 -ffunction-sections -c -fmessage-length=0 -MMD -MP -MF"Drivers/CMSIS/system_stm32f0xx.d" -MT"Drivers/CMSIS/system_stm32f0xx.o" -o "Drivers/CMSIS/system_stm32f0xx.o" "C:/Users/t9569bk/Documents/KiCad/PWRMET_24G/Soft/PWRMETV0.1/Src/system_stm32f0xx.c"
Finished building: C:/Users/t9569bk/Documents/KiCad/PWRMET_24G/Soft/PWRMETV0.1/Src/system_stm32f0xx.c
 
Building file: C:/Users/t9569bk/Documents/KiCad/PWRMET_24G/Soft/PWRMETV0.1/Src/gpio.c
Invoking: MCU GCC Compiler
C:\Users\t9569bk\Documents\KiCad\PWRMET_24G\Soft\PWRMETV0.1\SW4STM32\PWRMETV0.1\Debug
arm-none-eabi-gcc -mcpu=cortex-m0 -mthumb -mfloat-abi=soft '-D__weak=__attribute__((weak))' '-D__packed=__attribute__((__packed__))' -DUSE_HAL_DRIVER -DSTM32F030x6 -I"C:/Users/t9569bk/Documents/KiCad/PWRMET_24G/Soft/PWRMETV0.1/Inc" -I"C:/Users/t9569bk/Documents/KiCad/PWRMET_24G/Soft/PWRMETV0.1/Drivers/STM32F0xx_HAL_Driver/Inc" -I"C:/Users/t9569bk/Documents/KiCad/PWRMET_24G/Soft/PWRMETV0.1/Drivers/STM32F0xx_HAL_Driver/Inc/Legacy" -I"C:/Users/t9569bk/Documents/KiCad/PWRMET_24G/Soft/PWRMETV0.1/Drivers/CMSIS/Device/ST/STM32F0xx/Include" -I"C:/Users/t9569bk/Documents/KiCad/PWRMET_24G/Soft/PWRMETV0.1/Drivers/CMSIS/Include" -I"C:/Users/t9569bk/Documents/KiCad/PWRMET_24G/Soft/PWRMETV0.1/Inc"  -Og -g3 -Wall -fmessage-length=0 -ffunction-sections -c -fmessage-length=0 -MMD -MP -MF"Application/User/gpio.d" -MT"Application/User/gpio.o" -o "Application/User/gpio.o" "C:/Users/t9569bk/Documents/KiCad/PWRMET_24G/Soft/PWRMETV0.1/Src/gpio.c"
Finished building: C:/Users/t9569bk/Documents/KiCad/PWRMET_24G/Soft/PWRMETV0.1/Src/gpio.c
 
Building file: C:/Users/t9569bk/Documents/KiCad/PWRMET_24G/Soft/PWRMETV0.1/Src/main.c
Invoking: MCU GCC Compiler
C:\Users\t9569bk\Documents\KiCad\PWRMET_24G\Soft\PWRMETV0.1\SW4STM32\PWRMETV0.1\Debug
arm-none-eabi-gcc -mcpu=cortex-m0 -mthumb -mfloat-abi=soft '-D__weak=__attribute__((weak))' '-D__packed=__attribute__((__packed__))' -DUSE_HAL_DRIVER -DSTM32F030x6 -I"C:/Users/t9569bk/Documents/KiCad/PWRMET_24G/Soft/PWRMETV0.1/Inc" -I"C:/Users/t9569bk/Documents/KiCad/PWRMET_24G/Soft/PWRMETV0.1/Drivers/STM32F0xx_HAL_Driver/Inc" -I"C:/Users/t9569bk/Documents/KiCad/PWRMET_24G/Soft/PWRMETV0.1/Drivers/STM32F0xx_HAL_Driver/Inc/Legacy" -I"C:/Users/t9569bk/Documents/KiCad/PWRMET_24G/Soft/PWRMETV0.1/Drivers/CMSIS/Device/ST/STM32F0xx/Include" -I"C:/Users/t9569bk/Documents/KiCad/PWRMET_24G/Soft/PWRMETV0.1/Drivers/CMSIS/Include" -I"C:/Users/t9569bk/Documents/KiCad/PWRMET_24G/Soft/PWRMETV0.1/Inc"  -Og -g3 -Wall -fmessage-length=0 -ffunction-sections -c -fmessage-length=0 -MMD -MP -MF"Application/User/main.d" -MT"Application/User/main.o" -o "Application/User/main.o" "C:/Users/t9569bk/Documents/KiCad/PWRMET_24G/Soft/PWRMETV0.1/Src/main.c"
Finished building: C:/Users/t9569bk/Documents/KiCad/PWRMET_24G/Soft/PWRMETV0.1/Src/main.c
 
Building file: ../Application/User/nrf24l01.c
Invoking: MCU GCC Compiler
C:\Users\t9569bk\Documents\KiCad\PWRMET_24G\Soft\PWRMETV0.1\SW4STM32\PWRMETV0.1\Debug
arm-none-eabi-gcc -mcpu=cortex-m0 -mthumb -mfloat-abi=soft '-D__weak=__attribute__((weak))' '-D__packed=__attribute__((__packed__))' -DUSE_HAL_DRIVER -DSTM32F030x6 -I"C:/Users/t9569bk/Documents/KiCad/PWRMET_24G/Soft/PWRMETV0.1/Inc" -I"C:/Users/t9569bk/Documents/KiCad/PWRMET_24G/Soft/PWRMETV0.1/Drivers/STM32F0xx_HAL_Driver/Inc" -I"C:/Users/t9569bk/Documents/KiCad/PWRMET_24G/Soft/PWRMETV0.1/Drivers/STM32F0xx_HAL_Driver/Inc/Legacy" -I"C:/Users/t9569bk/Documents/KiCad/PWRMET_24G/Soft/PWRMETV0.1/Drivers/CMSIS/Device/ST/STM32F0xx/Include" -I"C:/Users/t9569bk/Documents/KiCad/PWRMET_24G/Soft/PWRMETV0.1/Drivers/CMSIS/Include" -I"C:/Users/t9569bk/Documents/KiCad/PWRMET_24G/Soft/PWRMETV0.1/Inc"  -Og -g3 -Wall -fmessage-length=0 -ffunction-sections -c -fmessage-length=0 -MMD -MP -MF"Application/User/nrf24l01.d" -MT"Application/User/nrf24l01.o" -o "Application/User/nrf24l01.o" "../Application/User/nrf24l01.c"
../Application/User/nrf24l01.c: In function 'NRF24L01_SpiInit':
../Application/User/nrf24l01.c:382:19: warning: unused variable 'GPIO_InitStruct' [-Wunused-variable]
  GPIO_InitTypeDef GPIO_InitStruct;
                   ^
../Application/User/nrf24l01.c: In function 'NRF24L01_Read':
../Application/User/nrf24l01.c:1067:2: warning: implicit declaration of function 'memcpy' [-Wimplicit-function-declaration]
  memcpy( data, &rxBuffer[1], NRF24L01_Struct.PayloadSize );
  ^
../Application/User/nrf24l01.c:1067:2: warning: incompatible implicit declaration of built-in function 'memcpy'
../Application/User/nrf24l01.c:1067:2: note: include '<string.h>' or provide a declaration of 'memcpy'
../Application/User/nrf24l01.c:1059:2: warning: 'rxBuffer' is used uninitialized in this function [-Wuninitialized]
  HAL_SPI_TransmitReceive( NRF24L01_Struct.hspi, txBuffer, rxBuffer, (NRF24L01_Struct.PayloadSize+1), NRF24L01_SPI_TIMEOUT );    // (TROCAR) ordem caso de erro
  ^
Finished building: ../Application/User/nrf24l01.c
 
Building file: C:/Users/t9569bk/Documents/KiCad/PWRMET_24G/Soft/PWRMETV0.1/Src/spi.c
Invoking: MCU GCC Compiler
C:\Users\t9569bk\Documents\KiCad\PWRMET_24G\Soft\PWRMETV0.1\SW4STM32\PWRMETV0.1\Debug
arm-none-eabi-gcc -mcpu=cortex-m0 -mthumb -mfloat-abi=soft '-D__weak=__attribute__((weak))' '-D__packed=__attribute__((__packed__))' -DUSE_HAL_DRIVER -DSTM32F030x6 -I"C:/Users/t9569bk/Documents/KiCad/PWRMET_24G/Soft/PWRMETV0.1/Inc" -I"C:/Users/t9569bk/Documents/KiCad/PWRMET_24G/Soft/PWRMETV0.1/Drivers/STM32F0xx_HAL_Driver/Inc" -I"C:/Users/t9569bk/Documents/KiCad/PWRMET_24G/Soft/PWRMETV0.1/Drivers/STM32F0xx_HAL_Driver/Inc/Legacy" -I"C:/Users/t9569bk/Documents/KiCad/PWRMET_24G/Soft/PWRMETV0.1/Drivers/CMSIS/Device/ST/STM32F0xx/Include" -I"C:/Users/t9569bk/Documents/KiCad/PWRMET_24G/Soft/PWRMETV0.1/Drivers/CMSIS/Include" -I"C:/Users/t9569bk/Documents/KiCad/PWRMET_24G/Soft/PWRMETV0.1/Inc"  -Og -g3 -Wall -fmessage-length=0 -ffunction-sections -c -fmessage-length=0 -MMD -MP -MF"Application/User/spi.d" -MT"Application/User/spi.o" -o "Application/User/spi.o" "C:/Users/t9569bk/Documents/KiCad/PWRMET_24G/Soft/PWRMETV0.1/Src/spi.c"
Finished building: C:/Users/t9569bk/Documents/KiCad/PWRMET_24G/Soft/PWRMETV0.1/Src/spi.c
 
Building file: C:/Users/t9569bk/Documents/KiCad/PWRMET_24G/Soft/PWRMETV0.1/Src/stm32f0xx_hal_msp.c
Invoking: MCU GCC Compiler
C:\Users\t9569bk\Documents\KiCad\PWRMET_24G\Soft\PWRMETV0.1\SW4STM32\PWRMETV0.1\Debug
arm-none-eabi-gcc -mcpu=cortex-m0 -mthumb -mfloat-abi=soft '-D__weak=__attribute__((weak))' '-D__packed=__attribute__((__packed__))' -DUSE_HAL_DRIVER -DSTM32F030x6 -I"C:/Users/t9569bk/Documents/KiCad/PWRMET_24G/Soft/PWRMETV0.1/Inc" -I"C:/Users/t9569bk/Documents/KiCad/PWRMET_24G/Soft/PWRMETV0.1/Drivers/STM32F0xx_HAL_Driver/Inc" -I"C:/Users/t9569bk/Documents/KiCad/PWRMET_24G/Soft/PWRMETV0.1/Drivers/STM32F0xx_HAL_Driver/Inc/Legacy" -I"C:/Users/t9569bk/Documents/KiCad/PWRMET_24G/Soft/PWRMETV0.1/Drivers/CMSIS/Device/ST/STM32F0xx/Include" -I"C:/Users/t9569bk/Documents/KiCad/PWRMET_24G/Soft/PWRMETV0.1/Drivers/CMSIS/Include" -I"C:/Users/t9569bk/Documents/KiCad/PWRMET_24G/Soft/PWRMETV0.1/Inc"  -Og -g3 -Wall -fmessage-length=0 -ffunction-sections -c -fmessage-length=0 -MMD -MP -MF"Application/User/stm32f0xx_hal_msp.d" -MT"Application/User/stm32f0xx_hal_msp.o" -o "Application/User/stm32f0xx_hal_msp.o" "C:/Users/t9569bk/Documents/KiCad/PWRMET_24G/Soft/PWRMETV0.1/Src/stm32f0xx_hal_msp.c"
Finished building: C:/Users/t9569bk/Documents/KiCad/PWRMET_24G/Soft/PWRMETV0.1/Src/stm32f0xx_hal_msp.c
 
Building file: C:/Users/t9569bk/Documents/KiCad/PWRMET_24G/Soft/PWRMETV0.1/Src/stm32f0xx_it.c
Invoking: MCU GCC Compiler
C:\Users\t9569bk\Documents\KiCad\PWRMET_24G\Soft\PWRMETV0.1\SW4STM32\PWRMETV0.1\Debug
arm-none-eabi-gcc -mcpu=cortex-m0 -mthumb -mfloat-abi=soft '-D__weak=__attribute__((weak))' '-D__packed=__attribute__((__packed__))' -DUSE_HAL_DRIVER -DSTM32F030x6 -I"C:/Users/t9569bk/Documents/KiCad/PWRMET_24G/Soft/PWRMETV0.1/Inc" -I"C:/Users/t9569bk/Documents/KiCad/PWRMET_24G/Soft/PWRMETV0.1/Drivers/STM32F0xx_HAL_Driver/Inc" -I"C:/Users/t9569bk/Documents/KiCad/PWRMET_24G/Soft/PWRMETV0.1/Drivers/STM32F0xx_HAL_Driver/Inc/Legacy" -I"C:/Users/t9569bk/Documents/KiCad/PWRMET_24G/Soft/PWRMETV0.1/Drivers/CMSIS/Device/ST/STM32F0xx/Include" -I"C:/Users/t9569bk/Documents/KiCad/PWRMET_24G/Soft/PWRMETV0.1/Drivers/CMSIS/Include" -I"C:/Users/t9569bk/Documents/KiCad/PWRMET_24G/Soft/PWRMETV0.1/Inc"  -Og -g3 -Wall -fmessage-length=0 -ffunction-sections -c -fmessage-length=0 -MMD -MP -MF"Application/User/stm32f0xx_it.d" -MT"Application/User/stm32f0xx_it.o" -o "Application/User/stm32f0xx_it.o" "C:/Users/t9569bk/Documents/KiCad/PWRMET_24G/Soft/PWRMETV0.1/Src/stm32f0xx_it.c"
Finished building: C:/Users/t9569bk/Documents/KiCad/PWRMET_24G/Soft/PWRMETV0.1/Src/stm32f0xx_it.c
 
Building file: C:/Users/t9569bk/Documents/KiCad/PWRMET_24G/Soft/PWRMETV0.1/Src/tim.c
Invoking: MCU GCC Compiler
C:\Users\t9569bk\Documents\KiCad\PWRMET_24G\Soft\PWRMETV0.1\SW4STM32\PWRMETV0.1\Debug
arm-none-eabi-gcc -mcpu=cortex-m0 -mthumb -mfloat-abi=soft '-D__weak=__attribute__((weak))' '-D__packed=__attribute__((__packed__))' -DUSE_HAL_DRIVER -DSTM32F030x6 -I"C:/Users/t9569bk/Documents/KiCad/PWRMET_24G/Soft/PWRMETV0.1/Inc" -I"C:/Users/t9569bk/Documents/KiCad/PWRMET_24G/Soft/PWRMETV0.1/Drivers/STM32F0xx_HAL_Driver/Inc" -I"C:/Users/t9569bk/Documents/KiCad/PWRMET_24G/Soft/PWRMETV0.1/Drivers/STM32F0xx_HAL_Driver/Inc/Legacy" -I"C:/Users/t9569bk/Documents/KiCad/PWRMET_24G/Soft/PWRMETV0.1/Drivers/CMSIS/Device/ST/STM32F0xx/Include" -I"C:/Users/t9569bk/Documents/KiCad/PWRMET_24G/Soft/PWRMETV0.1/Drivers/CMSIS/Include" -I"C:/Users/t9569bk/Documents/KiCad/PWRMET_24G/Soft/PWRMETV0.1/Inc"  -Og -g3 -Wall -fmessage-length=0 -ffunction-sections -c -fmessage-length=0 -MMD -MP -MF"Application/User/tim.d" -MT"Application/User/tim.o" -o "Application/User/tim.o" "C:/Users/t9569bk/Documents/KiCad/PWRMET_24G/Soft/PWRMETV0.1/Src/tim.c"
Finished building: C:/Users/t9569bk/Documents/KiCad/PWRMET_24G/Soft/PWRMETV0.1/Src/tim.c
 
Building file: C:/Users/t9569bk/Documents/KiCad/PWRMET_24G/Soft/PWRMETV0.1/Src/usart.c
Invoking: MCU GCC Compiler
C:\Users\t9569bk\Documents\KiCad\PWRMET_24G\Soft\PWRMETV0.1\SW4STM32\PWRMETV0.1\Debug
arm-none-eabi-gcc -mcpu=cortex-m0 -mthumb -mfloat-abi=soft '-D__weak=__attribute__((weak))' '-D__packed=__attribute__((__packed__))' -DUSE_HAL_DRIVER -DSTM32F030x6 -I"C:/Users/t9569bk/Documents/KiCad/PWRMET_24G/Soft/PWRMETV0.1/Inc" -I"C:/Users/t9569bk/Documents/KiCad/PWRMET_24G/Soft/PWRMETV0.1/Drivers/STM32F0xx_HAL_Driver/Inc" -I"C:/Users/t9569bk/Documents/KiCad/PWRMET_24G/Soft/PWRMETV0.1/Drivers/STM32F0xx_HAL_Driver/Inc/Legacy" -I"C:/Users/t9569bk/Documents/KiCad/PWRMET_24G/Soft/PWRMETV0.1/Drivers/CMSIS/Device/ST/STM32F0xx/Include" -I"C:/Users/t9569bk/Documents/KiCad/PWRMET_24G/Soft/PWRMETV0.1/Drivers/CMSIS/Include" -I"C:/Users/t9569bk/Documents/KiCad/PWRMET_24G/Soft/PWRMETV0.1/Inc"  -Og -g3 -Wall -fmessage-length=0 -ffunction-sections -c -fmessage-length=0 -MMD -MP -MF"Application/User/usart.d" -MT"Application/User/usart.o" -o "Application/User/usart.o" "C:/Users/t9569bk/Documents/KiCad/PWRMET_24G/Soft/PWRMETV0.1/Src/usart.c"
Finished building: C:/Users/t9569bk/Documents/KiCad/PWRMET_24G/Soft/PWRMETV0.1/Src/usart.c
 
Building file: C:/Users/t9569bk/Documents/KiCad/PWRMET_24G/Soft/PWRMETV0.1/SW4STM32/startup_stm32f030x6.s
Invoking: MCU GCC Assembler
C:\Users\t9569bk\Documents\KiCad\PWRMET_24G\Soft\PWRMETV0.1\SW4STM32\PWRMETV0.1\Debug
arm-none-eabi-as -mcpu=cortex-m0 -mthumb -mfloat-abi=soft -g -o "Application/SW4STM32/startup_stm32f030x6.o" "C:/Users/t9569bk/Documents/KiCad/PWRMET_24G/Soft/PWRMETV0.1/SW4STM32/startup_stm32f030x6.s"
Finished building: C:/Users/t9569bk/Documents/KiCad/PWRMET_24G/Soft/PWRMETV0.1/SW4STM32/startup_stm32f030x6.s
 
Building target: PWRMETV0.1.elf
Invoking: MCU GCC Linker
arm-none-eabi-gcc -mcpu=cortex-m0 -mthumb -mfloat-abi=soft -specs=nosys.specs -specs=nano.specs -T"../STM32F030F4Px_FLASH.ld" -Wl,-Map=output.map -Wl,--gc-sections -o "PWRMETV0.1.elf" @"objects.list"   -lm
Finished building target: PWRMETV0.1.elf
 
make --no-print-directory post-build
Generating binary and Printing size information:
arm-none-eabi-objcopy -O binary "PWRMETV0.1.elf" "PWRMETV0.1.bin"
arm-none-eabi-size "PWRMETV0.1.elf"
   text	   data	    bss	    dec	    hex	filename
  10044	     24	   2000	  12068	   2f24	PWRMETV0.1.elf
 
15:17:41 **** Build of configuration Debug for project PWRMETV0.1 ****
make all 
Building file: C:/Users/t9569bk/Documents/KiCad/PWRMET_24G/Soft/PWRMETV0.1/Drivers/STM32F0xx_HAL_Driver/Src/stm32f0xx_hal.c
Invoking: MCU GCC Compiler
C:\Users\t9569bk\Documents\KiCad\PWRMET_24G\Soft\PWRMETV0.1\SW4STM32\PWRMETV0.1\Debug
arm-none-eabi-gcc -mcpu=cortex-m0 -mthumb -mfloat-abi=soft '-D__weak=__attribute__((weak))' '-D__packed=__attribute__((__packed__))' -DUSE_HAL_DRIVER -DSTM32F030x6 -I"C:/Users/t9569bk/Documents/KiCad/PWRMET_24G/Soft/PWRMETV0.1/Inc" -I"C:/Users/t9569bk/Documents/KiCad/PWRMET_24G/Soft/PWRMETV0.1/Drivers/STM32F0xx_HAL_Driver/Inc" -I"C:/Users/t9569bk/Documents/KiCad/PWRMET_24G/Soft/PWRMETV0.1/Drivers/STM32F0xx_HAL_Driver/Inc/Legacy" -I"C:/Users/t9569bk/Documents/KiCad/PWRMET_24G/Soft/PWRMETV0.1/Drivers/CMSIS/Device/ST/STM32F0xx/Include" -I"C:/Users/t9569bk/Documents/KiCad/PWRMET_24G/Soft/PWRMETV0.1/Drivers/CMSIS/Include" -I"C:/Users/t9569bk/Documents/KiCad/PWRMET_24G/Soft/PWRMETV0.1/Inc"  -Og -g3 -Wall -fmessage-length=0 -ffunction-sections -c -fmessage-length=0 -MMD -MP -MF"Drivers/STM32F0xx_HAL_Driver/stm32f0xx_hal.d" -MT"Drivers/STM32F0xx_HAL_Driver/stm32f0xx_hal.o" -o "Drivers/STM32F0xx_HAL_Driver/stm32f0xx_hal.o" "C:/Users/t9569bk/Documents/KiCad/PWRMET_24G/Soft/PWRMETV0.1/Drivers/STM32F0xx_HAL_Driver/Src/stm32f0xx_hal.c"
Finished building: C:/Users/t9569bk/Documents/KiCad/PWRMET_24G/Soft/PWRMETV0.1/Drivers/STM32F0xx_HAL_Driver/Src/stm32f0xx_hal.c
 
Building file: C:/Users/t9569bk/Documents/KiCad/PWRMET_24G/Soft/PWRMETV0.1/Drivers/STM32F0xx_HAL_Driver/Src/stm32f0xx_hal_cortex.c
Invoking: MCU GCC Compiler
C:\Users\t9569bk\Documents\KiCad\PWRMET_24G\Soft\PWRMETV0.1\SW4STM32\PWRMETV0.1\Debug
arm-none-eabi-gcc -mcpu=cortex-m0 -mthumb -mfloat-abi=soft '-D__weak=__attribute__((weak))' '-D__packed=__attribute__((__packed__))' -DUSE_HAL_DRIVER -DSTM32F030x6 -I"C:/Users/t9569bk/Documents/KiCad/PWRMET_24G/Soft/PWRMETV0.1/Inc" -I"C:/Users/t9569bk/Documents/KiCad/PWRMET_24G/Soft/PWRMETV0.1/Drivers/STM32F0xx_HAL_Driver/Inc" -I"C:/Users/t9569bk/Documents/KiCad/PWRMET_24G/Soft/PWRMETV0.1/Drivers/STM32F0xx_HAL_Driver/Inc/Legacy" -I"C:/Users/t9569bk/Documents/KiCad/PWRMET_24G/Soft/PWRMETV0.1/Drivers/CMSIS/Device/ST/STM32F0xx/Include" -I"C:/Users/t9569bk/Documents/KiCad/PWRMET_24G/Soft/PWRMETV0.1/Drivers/CMSIS/Include" -I"C:/Users/t9569bk/Documents/KiCad/PWRMET_24G/Soft/PWRMETV0.1/Inc"  -Og -g3 -Wall -fmessage-length=0 -ffunction-sections -c -fmessage-length=0 -MMD -MP -MF"Drivers/STM32F0xx_HAL_Driver/stm32f0xx_hal_cortex.d" -MT"Drivers/STM32F0xx_HAL_Driver/stm32f0xx_hal_cortex.o" -o "Drivers/STM32F0xx_HAL_Driver/stm32f0xx_hal_cortex.o" "C:/Users/t9569bk/Documents/KiCad/PWRMET_24G/Soft/PWRMETV0.1/Drivers/STM32F0xx_HAL_Driver/Src/stm32f0xx_hal_cortex.c"
Finished building: C:/Users/t9569bk/Documents/KiCad/PWRMET_24G/Soft/PWRMETV0.1/Drivers/STM32F0xx_HAL_Driver/Src/stm32f0xx_hal_cortex.c
 
Building file: C:/Users/t9569bk/Documents/KiCad/PWRMET_24G/Soft/PWRMETV0.1/Drivers/STM32F0xx_HAL_Driver/Src/stm32f0xx_hal_dma.c
Invoking: MCU GCC Compiler
C:\Users\t9569bk\Documents\KiCad\PWRMET_24G\Soft\PWRMETV0.1\SW4STM32\PWRMETV0.1\Debug
arm-none-eabi-gcc -mcpu=cortex-m0 -mthumb -mfloat-abi=soft '-D__weak=__attribute__((weak))' '-D__packed=__attribute__((__packed__))' -DUSE_HAL_DRIVER -DSTM32F030x6 -I"C:/Users/t9569bk/Documents/KiCad/PWRMET_24G/Soft/PWRMETV0.1/Inc" -I"C:/Users/t9569bk/Documents/KiCad/PWRMET_24G/Soft/PWRMETV0.1/Drivers/STM32F0xx_HAL_Driver/Inc" -I"C:/Users/t9569bk/Documents/KiCad/PWRMET_24G/Soft/PWRMETV0.1/Drivers/STM32F0xx_HAL_Driver/Inc/Legacy" -I"C:/Users/t9569bk/Documents/KiCad/PWRMET_24G/Soft/PWRMETV0.1/Drivers/CMSIS/Device/ST/STM32F0xx/Include" -I"C:/Users/t9569bk/Documents/KiCad/PWRMET_24G/Soft/PWRMETV0.1/Drivers/CMSIS/Include" -I"C:/Users/t9569bk/Documents/KiCad/PWRMET_24G/Soft/PWRMETV0.1/Inc"  -Og -g3 -Wall -fmessage-length=0 -ffunction-sections -c -fmessage-length=0 -MMD -MP -MF"Drivers/STM32F0xx_HAL_Driver/stm32f0xx_hal_dma.d" -MT"Drivers/STM32F0xx_HAL_Driver/stm32f0xx_hal_dma.o" -o "Drivers/STM32F0xx_HAL_Driver/stm32f0xx_hal_dma.o" "C:/Users/t9569bk/Documents/KiCad/PWRMET_24G/Soft/PWRMETV0.1/Drivers/STM32F0xx_HAL_Driver/Src/stm32f0xx_hal_dma.c"
Finished building: C:/Users/t9569bk/Documents/KiCad/PWRMET_24G/Soft/PWRMETV0.1/Drivers/STM32F0xx_HAL_Driver/Src/stm32f0xx_hal_dma.c
 
Building file: C:/Users/t9569bk/Documents/KiCad/PWRMET_24G/Soft/PWRMETV0.1/Drivers/STM32F0xx_HAL_Driver/Src/stm32f0xx_hal_flash.c
Invoking: MCU GCC Compiler
C:\Users\t9569bk\Documents\KiCad\PWRMET_24G\Soft\PWRMETV0.1\SW4STM32\PWRMETV0.1\Debug
arm-none-eabi-gcc -mcpu=cortex-m0 -mthumb -mfloat-abi=soft '-D__weak=__attribute__((weak))' '-D__packed=__attribute__((__packed__))' -DUSE_HAL_DRIVER -DSTM32F030x6 -I"C:/Users/t9569bk/Documents/KiCad/PWRMET_24G/Soft/PWRMETV0.1/Inc" -I"C:/Users/t9569bk/Documents/KiCad/PWRMET_24G/Soft/PWRMETV0.1/Drivers/STM32F0xx_HAL_Driver/Inc" -I"C:/Users/t9569bk/Documents/KiCad/PWRMET_24G/Soft/PWRMETV0.1/Drivers/STM32F0xx_HAL_Driver/Inc/Legacy" -I"C:/Users/t9569bk/Documents/KiCad/PWRMET_24G/Soft/PWRMETV0.1/Drivers/CMSIS/Device/ST/STM32F0xx/Include" -I"C:/Users/t9569bk/Documents/KiCad/PWRMET_24G/Soft/PWRMETV0.1/Drivers/CMSIS/Include" -I"C:/Users/t9569bk/Documents/KiCad/PWRMET_24G/Soft/PWRMETV0.1/Inc"  -Og -g3 -Wall -fmessage-length=0 -ffunction-sections -c -fmessage-length=0 -MMD -MP -MF"Drivers/STM32F0xx_HAL_Driver/stm32f0xx_hal_flash.d" -MT"Drivers/STM32F0xx_HAL_Driver/stm32f0xx_hal_flash.o" -o "Drivers/STM32F0xx_HAL_Driver/stm32f0xx_hal_flash.o" "C:/Users/t9569bk/Documents/KiCad/PWRMET_24G/Soft/PWRMETV0.1/Drivers/STM32F0xx_HAL_Driver/Src/stm32f0xx_hal_flash.c"
Finished building: C:/Users/t9569bk/Documents/KiCad/PWRMET_24G/Soft/PWRMETV0.1/Drivers/STM32F0xx_HAL_Driver/Src/stm32f0xx_hal_flash.c
 
Building file: C:/Users/t9569bk/Documents/KiCad/PWRMET_24G/Soft/PWRMETV0.1/Drivers/STM32F0xx_HAL_Driver/Src/stm32f0xx_hal_flash_ex.c
Invoking: MCU GCC Compiler
C:\Users\t9569bk\Documents\KiCad\PWRMET_24G\Soft\PWRMETV0.1\SW4STM32\PWRMETV0.1\Debug
arm-none-eabi-gcc -mcpu=cortex-m0 -mthumb -mfloat-abi=soft '-D__weak=__attribute__((weak))' '-D__packed=__attribute__((__packed__))' -DUSE_HAL_DRIVER -DSTM32F030x6 -I"C:/Users/t9569bk/Documents/KiCad/PWRMET_24G/Soft/PWRMETV0.1/Inc" -I"C:/Users/t9569bk/Documents/KiCad/PWRMET_24G/Soft/PWRMETV0.1/Drivers/STM32F0xx_HAL_Driver/Inc" -I"C:/Users/t9569bk/Documents/KiCad/PWRMET_24G/Soft/PWRMETV0.1/Drivers/STM32F0xx_HAL_Driver/Inc/Legacy" -I"C:/Users/t9569bk/Documents/KiCad/PWRMET_24G/Soft/PWRMETV0.1/Drivers/CMSIS/Device/ST/STM32F0xx/Include" -I"C:/Users/t9569bk/Documents/KiCad/PWRMET_24G/Soft/PWRMETV0.1/Drivers/CMSIS/Include" -I"C:/Users/t9569bk/Documents/KiCad/PWRMET_24G/Soft/PWRMETV0.1/Inc"  -Og -g3 -Wall -fmessage-length=0 -ffunction-sections -c -fmessage-length=0 -MMD -MP -MF"Drivers/STM32F0xx_HAL_Driver/stm32f0xx_hal_flash_ex.d" -MT"Drivers/STM32F0xx_HAL_Driver/stm32f0xx_hal_flash_ex.o" -o "Drivers/STM32F0xx_HAL_Driver/stm32f0xx_hal_flash_ex.o" "C:/Users/t9569bk/Documents/KiCad/PWRMET_24G/Soft/PWRMETV0.1/Drivers/STM32F0xx_HAL_Driver/Src/stm32f0xx_hal_flash_ex.c"
Finished building: C:/Users/t9569bk/Documents/KiCad/PWRMET_24G/Soft/PWRMETV0.1/Drivers/STM32F0xx_HAL_Driver/Src/stm32f0xx_hal_flash_ex.c
 
Building file: C:/Users/t9569bk/Documents/KiCad/PWRMET_24G/Soft/PWRMETV0.1/Drivers/STM32F0xx_HAL_Driver/Src/stm32f0xx_hal_gpio.c
Invoking: MCU GCC Compiler
C:\Users\t9569bk\Documents\KiCad\PWRMET_24G\Soft\PWRMETV0.1\SW4STM32\PWRMETV0.1\Debug
arm-none-eabi-gcc -mcpu=cortex-m0 -mthumb -mfloat-abi=soft '-D__weak=__attribute__((weak))' '-D__packed=__attribute__((__packed__))' -DUSE_HAL_DRIVER -DSTM32F030x6 -I"C:/Users/t9569bk/Documents/KiCad/PWRMET_24G/Soft/PWRMETV0.1/Inc" -I"C:/Users/t9569bk/Documents/KiCad/PWRMET_24G/Soft/PWRMETV0.1/Drivers/STM32F0xx_HAL_Driver/Inc" -I"C:/Users/t9569bk/Documents/KiCad/PWRMET_24G/Soft/PWRMETV0.1/Drivers/STM32F0xx_HAL_Driver/Inc/Legacy" -I"C:/Users/t9569bk/Documents/KiCad/PWRMET_24G/Soft/PWRMETV0.1/Drivers/CMSIS/Device/ST/STM32F0xx/Include" -I"C:/Users/t9569bk/Documents/KiCad/PWRMET_24G/Soft/PWRMETV0.1/Drivers/CMSIS/Include" -I"C:/Users/t9569bk/Documents/KiCad/PWRMET_24G/Soft/PWRMETV0.1/Inc"  -Og -g3 -Wall -fmessage-length=0 -ffunction-sections -c -fmessage-length=0 -MMD -MP -MF"Drivers/STM32F0xx_HAL_Driver/stm32f0xx_hal_gpio.d" -MT"Drivers/STM32F0xx_HAL_Driver/stm32f0xx_hal_gpio.o" -o "Drivers/STM32F0xx_HAL_Driver/stm32f0xx_hal_gpio.o" "C:/Users/t9569bk/Documents/KiCad/PWRMET_24G/Soft/PWRMETV0.1/Drivers/STM32F0xx_HAL_Driver/Src/stm32f0xx_hal_gpio.c"
Finished building: C:/Users/t9569bk/Documents/KiCad/PWRMET_24G/Soft/PWRMETV0.1/Drivers/STM32F0xx_HAL_Driver/Src/stm32f0xx_hal_gpio.c
 
Building file: C:/Users/t9569bk/Documents/KiCad/PWRMET_24G/Soft/PWRMETV0.1/Drivers/STM32F0xx_HAL_Driver/Src/stm32f0xx_hal_i2c.c
Invoking: MCU GCC Compiler
C:\Users\t9569bk\Documents\KiCad\PWRMET_24G\Soft\PWRMETV0.1\SW4STM32\PWRMETV0.1\Debug
arm-none-eabi-gcc -mcpu=cortex-m0 -mthumb -mfloat-abi=soft '-D__weak=__attribute__((weak))' '-D__packed=__attribute__((__packed__))' -DUSE_HAL_DRIVER -DSTM32F030x6 -I"C:/Users/t9569bk/Documents/KiCad/PWRMET_24G/Soft/PWRMETV0.1/Inc" -I"C:/Users/t9569bk/Documents/KiCad/PWRMET_24G/Soft/PWRMETV0.1/Drivers/STM32F0xx_HAL_Driver/Inc" -I"C:/Users/t9569bk/Documents/KiCad/PWRMET_24G/Soft/PWRMETV0.1/Drivers/STM32F0xx_HAL_Driver/Inc/Legacy" -I"C:/Users/t9569bk/Documents/KiCad/PWRMET_24G/Soft/PWRMETV0.1/Drivers/CMSIS/Device/ST/STM32F0xx/Include" -I"C:/Users/t9569bk/Documents/KiCad/PWRMET_24G/Soft/PWRMETV0.1/Drivers/CMSIS/Include" -I"C:/Users/t9569bk/Documents/KiCad/PWRMET_24G/Soft/PWRMETV0.1/Inc"  -Og -g3 -Wall -fmessage-length=0 -ffunction-sections -c -fmessage-length=0 -MMD -MP -MF"Drivers/STM32F0xx_HAL_Driver/stm32f0xx_hal_i2c.d" -MT"Drivers/STM32F0xx_HAL_Driver/stm32f0xx_hal_i2c.o" -o "Drivers/STM32F0xx_HAL_Driver/stm32f0xx_hal_i2c.o" "C:/Users/t9569bk/Documents/KiCad/PWRMET_24G/Soft/PWRMETV0.1/Drivers/STM32F0xx_HAL_Driver/Src/stm32f0xx_hal_i2c.c"
Finished building: C:/Users/t9569bk/Documents/KiCad/PWRMET_24G/Soft/PWRMETV0.1/Drivers/STM32F0xx_HAL_Driver/Src/stm32f0xx_hal_i2c.c
 
Building file: C:/Users/t9569bk/Documents/KiCad/PWRMET_24G/Soft/PWRMETV0.1/Drivers/STM32F0xx_HAL_Driver/Src/stm32f0xx_hal_i2c_ex.c
Invoking: MCU GCC Compiler
C:\Users\t9569bk\Documents\KiCad\PWRMET_24G\Soft\PWRMETV0.1\SW4STM32\PWRMETV0.1\Debug
arm-none-eabi-gcc -mcpu=cortex-m0 -mthumb -mfloat-abi=soft '-D__weak=__attribute__((weak))' '-D__packed=__attribute__((__packed__))' -DUSE_HAL_DRIVER -DSTM32F030x6 -I"C:/Users/t9569bk/Documents/KiCad/PWRMET_24G/Soft/PWRMETV0.1/Inc" -I"C:/Users/t9569bk/Documents/KiCad/PWRMET_24G/Soft/PWRMETV0.1/Drivers/STM32F0xx_HAL_Driver/Inc" -I"C:/Users/t9569bk/Documents/KiCad/PWRMET_24G/Soft/PWRMETV0.1/Drivers/STM32F0xx_HAL_Driver/Inc/Legacy" -I"C:/Users/t9569bk/Documents/KiCad/PWRMET_24G/Soft/PWRMETV0.1/Drivers/CMSIS/Device/ST/STM32F0xx/Include" -I"C:/Users/t9569bk/Documents/KiCad/PWRMET_24G/Soft/PWRMETV0.1/Drivers/CMSIS/Include" -I"C:/Users/t9569bk/Documents/KiCad/PWRMET_24G/Soft/PWRMETV0.1/Inc"  -Og -g3 -Wall -fmessage-length=0 -ffunction-sections -c -fmessage-length=0 -MMD -MP -MF"Drivers/STM32F0xx_HAL_Driver/stm32f0xx_hal_i2c_ex.d" -MT"Drivers/STM32F0xx_HAL_Driver/stm32f0xx_hal_i2c_ex.o" -o "Drivers/STM32F0xx_HAL_Driver/stm32f0xx_hal_i2c_ex.o" "C:/Users/t9569bk/Documents/KiCad/PWRMET_24G/Soft/PWRMETV0.1/Drivers/STM32F0xx_HAL_Driver/Src/stm32f0xx_hal_i2c_ex.c"
Finished building: C:/Users/t9569bk/Documents/KiCad/PWRMET_24G/Soft/PWRMETV0.1/Drivers/STM32F0xx_HAL_Driver/Src/stm32f0xx_hal_i2c_ex.c
 
Building file: C:/Users/t9569bk/Documents/KiCad/PWRMET_24G/Soft/PWRMETV0.1/Drivers/STM32F0xx_HAL_Driver/Src/stm32f0xx_hal_pwr.c
Invoking: MCU GCC Compiler
C:\Users\t9569bk\Documents\KiCad\PWRMET_24G\Soft\PWRMETV0.1\SW4STM32\PWRMETV0.1\Debug
arm-none-eabi-gcc -mcpu=cortex-m0 -mthumb -mfloat-abi=soft '-D__weak=__attribute__((weak))' '-D__packed=__attribute__((__packed__))' -DUSE_HAL_DRIVER -DSTM32F030x6 -I"C:/Users/t9569bk/Documents/KiCad/PWRMET_24G/Soft/PWRMETV0.1/Inc" -I"C:/Users/t9569bk/Documents/KiCad/PWRMET_24G/Soft/PWRMETV0.1/Drivers/STM32F0xx_HAL_Driver/Inc" -I"C:/Users/t9569bk/Documents/KiCad/PWRMET_24G/Soft/PWRMETV0.1/Drivers/STM32F0xx_HAL_Driver/Inc/Legacy" -I"C:/Users/t9569bk/Documents/KiCad/PWRMET_24G/Soft/PWRMETV0.1/Drivers/CMSIS/Device/ST/STM32F0xx/Include" -I"C:/Users/t9569bk/Documents/KiCad/PWRMET_24G/Soft/PWRMETV0.1/Drivers/CMSIS/Include" -I"C:/Users/t9569bk/Documents/KiCad/PWRMET_24G/Soft/PWRMETV0.1/Inc"  -Og -g3 -Wall -fmessage-length=0 -ffunction-sections -c -fmessage-length=0 -MMD -MP -MF"Drivers/STM32F0xx_HAL_Driver/stm32f0xx_hal_pwr.d" -MT"Drivers/STM32F0xx_HAL_Driver/stm32f0xx_hal_pwr.o" -o "Drivers/STM32F0xx_HAL_Driver/stm32f0xx_hal_pwr.o" "C:/Users/t9569bk/Documents/KiCad/PWRMET_24G/Soft/PWRMETV0.1/Drivers/STM32F0xx_HAL_Driver/Src/stm32f0xx_hal_pwr.c"
Finished building: C:/Users/t9569bk/Documents/KiCad/PWRMET_24G/Soft/PWRMETV0.1/Drivers/STM32F0xx_HAL_Driver/Src/stm32f0xx_hal_pwr.c
 
Building file: C:/Users/t9569bk/Documents/KiCad/PWRMET_24G/Soft/PWRMETV0.1/Drivers/STM32F0xx_HAL_Driver/Src/stm32f0xx_hal_pwr_ex.c
Invoking: MCU GCC Compiler
C:\Users\t9569bk\Documents\KiCad\PWRMET_24G\Soft\PWRMETV0.1\SW4STM32\PWRMETV0.1\Debug
arm-none-eabi-gcc -mcpu=cortex-m0 -mthumb -mfloat-abi=soft '-D__weak=__attribute__((weak))' '-D__packed=__attribute__((__packed__))' -DUSE_HAL_DRIVER -DSTM32F030x6 -I"C:/Users/t9569bk/Documents/KiCad/PWRMET_24G/Soft/PWRMETV0.1/Inc" -I"C:/Users/t9569bk/Documents/KiCad/PWRMET_24G/Soft/PWRMETV0.1/Drivers/STM32F0xx_HAL_Driver/Inc" -I"C:/Users/t9569bk/Documents/KiCad/PWRMET_24G/Soft/PWRMETV0.1/Drivers/STM32F0xx_HAL_Driver/Inc/Legacy" -I"C:/Users/t9569bk/Documents/KiCad/PWRMET_24G/Soft/PWRMETV0.1/Drivers/CMSIS/Device/ST/STM32F0xx/Include" -I"C:/Users/t9569bk/Documents/KiCad/PWRMET_24G/Soft/PWRMETV0.1/Drivers/CMSIS/Include" -I"C:/Users/t9569bk/Documents/KiCad/PWRMET_24G/Soft/PWRMETV0.1/Inc"  -Og -g3 -Wall -fmessage-length=0 -ffunction-sections -c -fmessage-length=0 -MMD -MP -MF"Drivers/STM32F0xx_HAL_Driver/stm32f0xx_hal_pwr_ex.d" -MT"Drivers/STM32F0xx_HAL_Driver/stm32f0xx_hal_pwr_ex.o" -o "Drivers/STM32F0xx_HAL_Driver/stm32f0xx_hal_pwr_ex.o" "C:/Users/t9569bk/Documents/KiCad/PWRMET_24G/Soft/PWRMETV0.1/Drivers/STM32F0xx_HAL_Driver/Src/stm32f0xx_hal_pwr_ex.c"
Finished building: C:/Users/t9569bk/Documents/KiCad/PWRMET_24G/Soft/PWRMETV0.1/Drivers/STM32F0xx_HAL_Driver/Src/stm32f0xx_hal_pwr_ex.c
 
Building file: C:/Users/t9569bk/Documents/KiCad/PWRMET_24G/Soft/PWRMETV0.1/Drivers/STM32F0xx_HAL_Driver/Src/stm32f0xx_hal_rcc.c
Invoking: MCU GCC Compiler
C:\Users\t9569bk\Documents\KiCad\PWRMET_24G\Soft\PWRMETV0.1\SW4STM32\PWRMETV0.1\Debug
arm-none-eabi-gcc -mcpu=cortex-m0 -mthumb -mfloat-abi=soft '-D__weak=__attribute__((weak))' '-D__packed=__attribute__((__packed__))' -DUSE_HAL_DRIVER -DSTM32F030x6 -I"C:/Users/t9569bk/Documents/KiCad/PWRMET_24G/Soft/PWRMETV0.1/Inc" -I"C:/Users/t9569bk/Documents/KiCad/PWRMET_24G/Soft/PWRMETV0.1/Drivers/STM32F0xx_HAL_Driver/Inc" -I"C:/Users/t9569bk/Documents/KiCad/PWRMET_24G/Soft/PWRMETV0.1/Drivers/STM32F0xx_HAL_Driver/Inc/Legacy" -I"C:/Users/t9569bk/Documents/KiCad/PWRMET_24G/Soft/PWRMETV0.1/Drivers/CMSIS/Device/ST/STM32F0xx/Include" -I"C:/Users/t9569bk/Documents/KiCad/PWRMET_24G/Soft/PWRMETV0.1/Drivers/CMSIS/Include" -I"C:/Users/t9569bk/Documents/KiCad/PWRMET_24G/Soft/PWRMETV0.1/Inc"  -Og -g3 -Wall -fmessage-length=0 -ffunction-sections -c -fmessage-length=0 -MMD -MP -MF"Drivers/STM32F0xx_HAL_Driver/stm32f0xx_hal_rcc.d" -MT"Drivers/STM32F0xx_HAL_Driver/stm32f0xx_hal_rcc.o" -o "Drivers/STM32F0xx_HAL_Driver/stm32f0xx_hal_rcc.o" "C:/Users/t9569bk/Documents/KiCad/PWRMET_24G/Soft/PWRMETV0.1/Drivers/STM32F0xx_HAL_Driver/Src/stm32f0xx_hal_rcc.c"
Finished building: C:/Users/t9569bk/Documents/KiCad/PWRMET_24G/Soft/PWRMETV0.1/Drivers/STM32F0xx_HAL_Driver/Src/stm32f0xx_hal_rcc.c
 
Building file: C:/Users/t9569bk/Documents/KiCad/PWRMET_24G/Soft/PWRMETV0.1/Drivers/STM32F0xx_HAL_Driver/Src/stm32f0xx_hal_rcc_ex.c
Invoking: MCU GCC Compiler
C:\Users\t9569bk\Documents\KiCad\PWRMET_24G\Soft\PWRMETV0.1\SW4STM32\PWRMETV0.1\Debug
arm-none-eabi-gcc -mcpu=cortex-m0 -mthumb -mfloat-abi=soft '-D__weak=__attribute__((weak))' '-D__packed=__attribute__((__packed__))' -DUSE_HAL_DRIVER -DSTM32F030x6 -I"C:/Users/t9569bk/Documents/KiCad/PWRMET_24G/Soft/PWRMETV0.1/Inc" -I"C:/Users/t9569bk/Documents/KiCad/PWRMET_24G/Soft/PWRMETV0.1/Drivers/STM32F0xx_HAL_Driver/Inc" -I"C:/Users/t9569bk/Documents/KiCad/PWRMET_24G/Soft/PWRMETV0.1/Drivers/STM32F0xx_HAL_Driver/Inc/Legacy" -I"C:/Users/t9569bk/Documents/KiCad/PWRMET_24G/Soft/PWRMETV0.1/Drivers/CMSIS/Device/ST/STM32F0xx/Include" -I"C:/Users/t9569bk/Documents/KiCad/PWRMET_24G/Soft/PWRMETV0.1/Drivers/CMSIS/Include" -I"C:/Users/t9569bk/Documents/KiCad/PWRMET_24G/Soft/PWRMETV0.1/Inc"  -Og -g3 -Wall -fmessage-length=0 -ffunction-sections -c -fmessage-length=0 -MMD -MP -MF"Drivers/STM32F0xx_HAL_Driver/stm32f0xx_hal_rcc_ex.d" -MT"Drivers/STM32F0xx_HAL_Driver/stm32f0xx_hal_rcc_ex.o" -o "Drivers/STM32F0xx_HAL_Driver/stm32f0xx_hal_rcc_ex.o" "C:/Users/t9569bk/Documents/KiCad/PWRMET_24G/Soft/PWRMETV0.1/Drivers/STM32F0xx_HAL_Driver/Src/stm32f0xx_hal_rcc_ex.c"
Finished building: C:/Users/t9569bk/Documents/KiCad/PWRMET_24G/Soft/PWRMETV0.1/Drivers/STM32F0xx_HAL_Driver/Src/stm32f0xx_hal_rcc_ex.c
 
Building file: C:/Users/t9569bk/Documents/KiCad/PWRMET_24G/Soft/PWRMETV0.1/Drivers/STM32F0xx_HAL_Driver/Src/stm32f0xx_hal_spi.c
Invoking: MCU GCC Compiler
C:\Users\t9569bk\Documents\KiCad\PWRMET_24G\Soft\PWRMETV0.1\SW4STM32\PWRMETV0.1\Debug
arm-none-eabi-gcc -mcpu=cortex-m0 -mthumb -mfloat-abi=soft '-D__weak=__attribute__((weak))' '-D__packed=__attribute__((__packed__))' -DUSE_HAL_DRIVER -DSTM32F030x6 -I"C:/Users/t9569bk/Documents/KiCad/PWRMET_24G/Soft/PWRMETV0.1/Inc" -I"C:/Users/t9569bk/Documents/KiCad/PWRMET_24G/Soft/PWRMETV0.1/Drivers/STM32F0xx_HAL_Driver/Inc" -I"C:/Users/t9569bk/Documents/KiCad/PWRMET_24G/Soft/PWRMETV0.1/Drivers/STM32F0xx_HAL_Driver/Inc/Legacy" -I"C:/Users/t9569bk/Documents/KiCad/PWRMET_24G/Soft/PWRMETV0.1/Drivers/CMSIS/Device/ST/STM32F0xx/Include" -I"C:/Users/t9569bk/Documents/KiCad/PWRMET_24G/Soft/PWRMETV0.1/Drivers/CMSIS/Include" -I"C:/Users/t9569bk/Documents/KiCad/PWRMET_24G/Soft/PWRMETV0.1/Inc"  -Og -g3 -Wall -fmessage-length=0 -ffunction-sections -c -fmessage-length=0 -MMD -MP -MF"Drivers/STM32F0xx_HAL_Driver/stm32f0xx_hal_spi.d" -MT"Drivers/STM32F0xx_HAL_Driver/stm32f0xx_hal_spi.o" -o "Drivers/STM32F0xx_HAL_Driver/stm32f0xx_hal_spi.o" "C:/Users/t9569bk/Documents/KiCad/PWRMET_24G/Soft/PWRMETV0.1/Drivers/STM32F0xx_HAL_Driver/Src/stm32f0xx_hal_spi.c"
Finished building: C:/Users/t9569bk/Documents/KiCad/PWRMET_24G/Soft/PWRMETV0.1/Drivers/STM32F0xx_HAL_Driver/Src/stm32f0xx_hal_spi.c
 
Building file: C:/Users/t9569bk/Documents/KiCad/PWRMET_24G/Soft/PWRMETV0.1/Drivers/STM32F0xx_HAL_Driver/Src/stm32f0xx_hal_spi_ex.c
Invoking: MCU GCC Compiler
C:\Users\t9569bk\Documents\KiCad\PWRMET_24G\Soft\PWRMETV0.1\SW4STM32\PWRMETV0.1\Debug
arm-none-eabi-gcc -mcpu=cortex-m0 -mthumb -mfloat-abi=soft '-D__weak=__attribute__((weak))' '-D__packed=__attribute__((__packed__))' -DUSE_HAL_DRIVER -DSTM32F030x6 -I"C:/Users/t9569bk/Documents/KiCad/PWRMET_24G/Soft/PWRMETV0.1/Inc" -I"C:/Users/t9569bk/Documents/KiCad/PWRMET_24G/Soft/PWRMETV0.1/Drivers/STM32F0xx_HAL_Driver/Inc" -I"C:/Users/t9569bk/Documents/KiCad/PWRMET_24G/Soft/PWRMETV0.1/Drivers/STM32F0xx_HAL_Driver/Inc/Legacy" -I"C:/Users/t9569bk/Documents/KiCad/PWRMET_24G/Soft/PWRMETV0.1/Drivers/CMSIS/Device/ST/STM32F0xx/Include" -I"C:/Users/t9569bk/Documents/KiCad/PWRMET_24G/Soft/PWRMETV0.1/Drivers/CMSIS/Include" -I"C:/Users/t9569bk/Documents/KiCad/PWRMET_24G/Soft/PWRMETV0.1/Inc"  -Og -g3 -Wall -fmessage-length=0 -ffunction-sections -c -fmessage-length=0 -MMD -MP -MF"Drivers/STM32F0xx_HAL_Driver/stm32f0xx_hal_spi_ex.d" -MT"Drivers/STM32F0xx_HAL_Driver/stm32f0xx_hal_spi_ex.o" -o "Drivers/STM32F0xx_HAL_Driver/stm32f0xx_hal_spi_ex.o" "C:/Users/t9569bk/Documents/KiCad/PWRMET_24G/Soft/PWRMETV0.1/Drivers/STM32F0xx_HAL_Driver/Src/stm32f0xx_hal_spi_ex.c"
Finished building: C:/Users/t9569bk/Documents/KiCad/PWRMET_24G/Soft/PWRMETV0.1/Drivers/STM32F0xx_HAL_Driver/Src/stm32f0xx_hal_spi_ex.c
 
Building file: C:/Users/t9569bk/Documents/KiCad/PWRMET_24G/Soft/PWRMETV0.1/Drivers/STM32F0xx_HAL_Driver/Src/stm32f0xx_hal_tim.c
Invoking: MCU GCC Compiler
C:\Users\t9569bk\Documents\KiCad\PWRMET_24G\Soft\PWRMETV0.1\SW4STM32\PWRMETV0.1\Debug
arm-none-eabi-gcc -mcpu=cortex-m0 -mthumb -mfloat-abi=soft '-D__weak=__attribute__((weak))' '-D__packed=__attribute__((__packed__))' -DUSE_HAL_DRIVER -DSTM32F030x6 -I"C:/Users/t9569bk/Documents/KiCad/PWRMET_24G/Soft/PWRMETV0.1/Inc" -I"C:/Users/t9569bk/Documents/KiCad/PWRMET_24G/Soft/PWRMETV0.1/Drivers/STM32F0xx_HAL_Driver/Inc" -I"C:/Users/t9569bk/Documents/KiCad/PWRMET_24G/Soft/PWRMETV0.1/Drivers/STM32F0xx_HAL_Driver/Inc/Legacy" -I"C:/Users/t9569bk/Documents/KiCad/PWRMET_24G/Soft/PWRMETV0.1/Drivers/CMSIS/Device/ST/STM32F0xx/Include" -I"C:/Users/t9569bk/Documents/KiCad/PWRMET_24G/Soft/PWRMETV0.1/Drivers/CMSIS/Include" -I"C:/Users/t9569bk/Documents/KiCad/PWRMET_24G/Soft/PWRMETV0.1/Inc"  -Og -g3 -Wall -fmessage-length=0 -ffunction-sections -c -fmessage-length=0 -MMD -MP -MF"Drivers/STM32F0xx_HAL_Driver/stm32f0xx_hal_tim.d" -MT"Drivers/STM32F0xx_HAL_Driver/stm32f0xx_hal_tim.o" -o "Drivers/STM32F0xx_HAL_Driver/stm32f0xx_hal_tim.o" "C:/Users/t9569bk/Documents/KiCad/PWRMET_24G/Soft/PWRMETV0.1/Drivers/STM32F0xx_HAL_Driver/Src/stm32f0xx_hal_tim.c"
Finished building: C:/Users/t9569bk/Documents/KiCad/PWRMET_24G/Soft/PWRMETV0.1/Drivers/STM32F0xx_HAL_Driver/Src/stm32f0xx_hal_tim.c
 
Building file: C:/Users/t9569bk/Documents/KiCad/PWRMET_24G/Soft/PWRMETV0.1/Drivers/STM32F0xx_HAL_Driver/Src/stm32f0xx_hal_tim_ex.c
Invoking: MCU GCC Compiler
C:\Users\t9569bk\Documents\KiCad\PWRMET_24G\Soft\PWRMETV0.1\SW4STM32\PWRMETV0.1\Debug
arm-none-eabi-gcc -mcpu=cortex-m0 -mthumb -mfloat-abi=soft '-D__weak=__attribute__((weak))' '-D__packed=__attribute__((__packed__))' -DUSE_HAL_DRIVER -DSTM32F030x6 -I"C:/Users/t9569bk/Documents/KiCad/PWRMET_24G/Soft/PWRMETV0.1/Inc" -I"C:/Users/t9569bk/Documents/KiCad/PWRMET_24G/Soft/PWRMETV0.1/Drivers/STM32F0xx_HAL_Driver/Inc" -I"C:/Users/t9569bk/Documents/KiCad/PWRMET_24G/Soft/PWRMETV0.1/Drivers/STM32F0xx_HAL_Driver/Inc/Legacy" -I"C:/Users/t9569bk/Documents/KiCad/PWRMET_24G/Soft/PWRMETV0.1/Drivers/CMSIS/Device/ST/STM32F0xx/Include" -I"C:/Users/t9569bk/Documents/KiCad/PWRMET_24G/Soft/PWRMETV0.1/Drivers/CMSIS/Include" -I"C:/Users/t9569bk/Documents/KiCad/PWRMET_24G/Soft/PWRMETV0.1/Inc"  -Og -g3 -Wall -fmessage-length=0 -ffunction-sections -c -fmessage-length=0 -MMD -MP -MF"Drivers/STM32F0xx_HAL_Driver/stm32f0xx_hal_tim_ex.d" -MT"Drivers/STM32F0xx_HAL_Driver/stm32f0xx_hal_tim_ex.o" -o "Drivers/STM32F0xx_HAL_Driver/stm32f0xx_hal_tim_ex.o" "C:/Users/t9569bk/Documents/KiCad/PWRMET_24G/Soft/PWRMETV0.1/Drivers/STM32F0xx_HAL_Driver/Src/stm32f0xx_hal_tim_ex.c"
Finished building: C:/Users/t9569bk/Documents/KiCad/PWRMET_24G/Soft/PWRMETV0.1/Drivers/STM32F0xx_HAL_Driver/Src/stm32f0xx_hal_tim_ex.c
 
Building file: C:/Users/t9569bk/Documents/KiCad/PWRMET_24G/Soft/PWRMETV0.1/Drivers/STM32F0xx_HAL_Driver/Src/stm32f0xx_hal_uart.c
Invoking: MCU GCC Compiler
C:\Users\t9569bk\Documents\KiCad\PWRMET_24G\Soft\PWRMETV0.1\SW4STM32\PWRMETV0.1\Debug
arm-none-eabi-gcc -mcpu=cortex-m0 -mthumb -mfloat-abi=soft '-D__weak=__attribute__((weak))' '-D__packed=__attribute__((__packed__))' -DUSE_HAL_DRIVER -DSTM32F030x6 -I"C:/Users/t9569bk/Documents/KiCad/PWRMET_24G/Soft/PWRMETV0.1/Inc" -I"C:/Users/t9569bk/Documents/KiCad/PWRMET_24G/Soft/PWRMETV0.1/Drivers/STM32F0xx_HAL_Driver/Inc" -I"C:/Users/t9569bk/Documents/KiCad/PWRMET_24G/Soft/PWRMETV0.1/Drivers/STM32F0xx_HAL_Driver/Inc/Legacy" -I"C:/Users/t9569bk/Documents/KiCad/PWRMET_24G/Soft/PWRMETV0.1/Drivers/CMSIS/Device/ST/STM32F0xx/Include" -I"C:/Users/t9569bk/Documents/KiCad/PWRMET_24G/Soft/PWRMETV0.1/Drivers/CMSIS/Include" -I"C:/Users/t9569bk/Documents/KiCad/PWRMET_24G/Soft/PWRMETV0.1/Inc"  -Og -g3 -Wall -fmessage-length=0 -ffunction-sections -c -fmessage-length=0 -MMD -MP -MF"Drivers/STM32F0xx_HAL_Driver/stm32f0xx_hal_uart.d" -MT"Drivers/STM32F0xx_HAL_Driver/stm32f0xx_hal_uart.o" -o "Drivers/STM32F0xx_HAL_Driver/stm32f0xx_hal_uart.o" "C:/Users/t9569bk/Documents/KiCad/PWRMET_24G/Soft/PWRMETV0.1/Drivers/STM32F0xx_HAL_Driver/Src/stm32f0xx_hal_uart.c"
Finished building: C:/Users/t9569bk/Documents/KiCad/PWRMET_24G/Soft/PWRMETV0.1/Drivers/STM32F0xx_HAL_Driver/Src/stm32f0xx_hal_uart.c
 
Building file: C:/Users/t9569bk/Documents/KiCad/PWRMET_24G/Soft/PWRMETV0.1/Drivers/STM32F0xx_HAL_Driver/Src/stm32f0xx_hal_uart_ex.c
Invoking: MCU GCC Compiler
C:\Users\t9569bk\Documents\KiCad\PWRMET_24G\Soft\PWRMETV0.1\SW4STM32\PWRMETV0.1\Debug
arm-none-eabi-gcc -mcpu=cortex-m0 -mthumb -mfloat-abi=soft '-D__weak=__attribute__((weak))' '-D__packed=__attribute__((__packed__))' -DUSE_HAL_DRIVER -DSTM32F030x6 -I"C:/Users/t9569bk/Documents/KiCad/PWRMET_24G/Soft/PWRMETV0.1/Inc" -I"C:/Users/t9569bk/Documents/KiCad/PWRMET_24G/Soft/PWRMETV0.1/Drivers/STM32F0xx_HAL_Driver/Inc" -I"C:/Users/t9569bk/Documents/KiCad/PWRMET_24G/Soft/PWRMETV0.1/Drivers/STM32F0xx_HAL_Driver/Inc/Legacy" -I"C:/Users/t9569bk/Documents/KiCad/PWRMET_24G/Soft/PWRMETV0.1/Drivers/CMSIS/Device/ST/STM32F0xx/Include" -I"C:/Users/t9569bk/Documents/KiCad/PWRMET_24G/Soft/PWRMETV0.1/Drivers/CMSIS/Include" -I"C:/Users/t9569bk/Documents/KiCad/PWRMET_24G/Soft/PWRMETV0.1/Inc"  -Og -g3 -Wall -fmessage-length=0 -ffunction-sections -c -fmessage-length=0 -MMD -MP -MF"Drivers/STM32F0xx_HAL_Driver/stm32f0xx_hal_uart_ex.d" -MT"Drivers/STM32F0xx_HAL_Driver/stm32f0xx_hal_uart_ex.o" -o "Drivers/STM32F0xx_HAL_Driver/stm32f0xx_hal_uart_ex.o" "C:/Users/t9569bk/Documents/KiCad/PWRMET_24G/Soft/PWRMETV0.1/Drivers/STM32F0xx_HAL_Driver/Src/stm32f0xx_hal_uart_ex.c"
Finished building: C:/Users/t9569bk/Documents/KiCad/PWRMET_24G/Soft/PWRMETV0.1/Drivers/STM32F0xx_HAL_Driver/Src/stm32f0xx_hal_uart_ex.c
 
Building file: C:/Users/t9569bk/Documents/KiCad/PWRMET_24G/Soft/PWRMETV0.1/Src/system_stm32f0xx.c
Invoking: MCU GCC Compiler
C:\Users\t9569bk\Documents\KiCad\PWRMET_24G\Soft\PWRMETV0.1\SW4STM32\PWRMETV0.1\Debug
arm-none-eabi-gcc -mcpu=cortex-m0 -mthumb -mfloat-abi=soft '-D__weak=__attribute__((weak))' '-D__packed=__attribute__((__packed__))' -DUSE_HAL_DRIVER -DSTM32F030x6 -I"C:/Users/t9569bk/Documents/KiCad/PWRMET_24G/Soft/PWRMETV0.1/Inc" -I"C:/Users/t9569bk/Documents/KiCad/PWRMET_24G/Soft/PWRMETV0.1/Drivers/STM32F0xx_HAL_Driver/Inc" -I"C:/Users/t9569bk/Documents/KiCad/PWRMET_24G/Soft/PWRMETV0.1/Drivers/STM32F0xx_HAL_Driver/Inc/Legacy" -I"C:/Users/t9569bk/Documents/KiCad/PWRMET_24G/Soft/PWRMETV0.1/Drivers/CMSIS/Device/ST/STM32F0xx/Include" -I"C:/Users/t9569bk/Documents/KiCad/PWRMET_24G/Soft/PWRMETV0.1/Drivers/CMSIS/Include" -I"C:/Users/t9569bk/Documents/KiCad/PWRMET_24G/Soft/PWRMETV0.1/Inc"  -Og -g3 -Wall -fmessage-length=0 -ffunction-sections -c -fmessage-length=0 -MMD -MP -MF"Drivers/CMSIS/system_stm32f0xx.d" -MT"Drivers/CMSIS/system_stm32f0xx.o" -o "Drivers/CMSIS/system_stm32f0xx.o" "C:/Users/t9569bk/Documents/KiCad/PWRMET_24G/Soft/PWRMETV0.1/Src/system_stm32f0xx.c"
Finished building: C:/Users/t9569bk/Documents/KiCad/PWRMET_24G/Soft/PWRMETV0.1/Src/system_stm32f0xx.c
 
Building file: C:/Users/t9569bk/Documents/KiCad/PWRMET_24G/Soft/PWRMETV0.1/Src/gpio.c
Invoking: MCU GCC Compiler
C:\Users\t9569bk\Documents\KiCad\PWRMET_24G\Soft\PWRMETV0.1\SW4STM32\PWRMETV0.1\Debug
arm-none-eabi-gcc -mcpu=cortex-m0 -mthumb -mfloat-abi=soft '-D__weak=__attribute__((weak))' '-D__packed=__attribute__((__packed__))' -DUSE_HAL_DRIVER -DSTM32F030x6 -I"C:/Users/t9569bk/Documents/KiCad/PWRMET_24G/Soft/PWRMETV0.1/Inc" -I"C:/Users/t9569bk/Documents/KiCad/PWRMET_24G/Soft/PWRMETV0.1/Drivers/STM32F0xx_HAL_Driver/Inc" -I"C:/Users/t9569bk/Documents/KiCad/PWRMET_24G/Soft/PWRMETV0.1/Drivers/STM32F0xx_HAL_Driver/Inc/Legacy" -I"C:/Users/t9569bk/Documents/KiCad/PWRMET_24G/Soft/PWRMETV0.1/Drivers/CMSIS/Device/ST/STM32F0xx/Include" -I"C:/Users/t9569bk/Documents/KiCad/PWRMET_24G/Soft/PWRMETV0.1/Drivers/CMSIS/Include" -I"C:/Users/t9569bk/Documents/KiCad/PWRMET_24G/Soft/PWRMETV0.1/Inc"  -Og -g3 -Wall -fmessage-length=0 -ffunction-sections -c -fmessage-length=0 -MMD -MP -MF"Application/User/gpio.d" -MT"Application/User/gpio.o" -o "Application/User/gpio.o" "C:/Users/t9569bk/Documents/KiCad/PWRMET_24G/Soft/PWRMETV0.1/Src/gpio.c"
Finished building: C:/Users/t9569bk/Documents/KiCad/PWRMET_24G/Soft/PWRMETV0.1/Src/gpio.c
 
Building file: C:/Users/t9569bk/Documents/KiCad/PWRMET_24G/Soft/PWRMETV0.1/Src/main.c
Invoking: MCU GCC Compiler
C:\Users\t9569bk\Documents\KiCad\PWRMET_24G\Soft\PWRMETV0.1\SW4STM32\PWRMETV0.1\Debug
arm-none-eabi-gcc -mcpu=cortex-m0 -mthumb -mfloat-abi=soft '-D__weak=__attribute__((weak))' '-D__packed=__attribute__((__packed__))' -DUSE_HAL_DRIVER -DSTM32F030x6 -I"C:/Users/t9569bk/Documents/KiCad/PWRMET_24G/Soft/PWRMETV0.1/Inc" -I"C:/Users/t9569bk/Documents/KiCad/PWRMET_24G/Soft/PWRMETV0.1/Drivers/STM32F0xx_HAL_Driver/Inc" -I"C:/Users/t9569bk/Documents/KiCad/PWRMET_24G/Soft/PWRMETV0.1/Drivers/STM32F0xx_HAL_Driver/Inc/Legacy" -I"C:/Users/t9569bk/Documents/KiCad/PWRMET_24G/Soft/PWRMETV0.1/Drivers/CMSIS/Device/ST/STM32F0xx/Include" -I"C:/Users/t9569bk/Documents/KiCad/PWRMET_24G/Soft/PWRMETV0.1/Drivers/CMSIS/Include" -I"C:/Users/t9569bk/Documents/KiCad/PWRMET_24G/Soft/PWRMETV0.1/Inc"  -Og -g3 -Wall -fmessage-length=0 -ffunction-sections -c -fmessage-length=0 -MMD -MP -MF"Application/User/main.d" -MT"Application/User/main.o" -o "Application/User/main.o" "C:/Users/t9569bk/Documents/KiCad/PWRMET_24G/Soft/PWRMETV0.1/Src/main.c"
Finished building: C:/Users/t9569bk/Documents/KiCad/PWRMET_24G/Soft/PWRMETV0.1/Src/main.c
 
Building file: ../Application/User/nrf24l01.c
Invoking: MCU GCC Compiler
C:\Users\t9569bk\Documents\KiCad\PWRMET_24G\Soft\PWRMETV0.1\SW4STM32\PWRMETV0.1\Debug
arm-none-eabi-gcc -mcpu=cortex-m0 -mthumb -mfloat-abi=soft '-D__weak=__attribute__((weak))' '-D__packed=__attribute__((__packed__))' -DUSE_HAL_DRIVER -DSTM32F030x6 -I"C:/Users/t9569bk/Documents/KiCad/PWRMET_24G/Soft/PWRMETV0.1/Inc" -I"C:/Users/t9569bk/Documents/KiCad/PWRMET_24G/Soft/PWRMETV0.1/Drivers/STM32F0xx_HAL_Driver/Inc" -I"C:/Users/t9569bk/Documents/KiCad/PWRMET_24G/Soft/PWRMETV0.1/Drivers/STM32F0xx_HAL_Driver/Inc/Legacy" -I"C:/Users/t9569bk/Documents/KiCad/PWRMET_24G/Soft/PWRMETV0.1/Drivers/CMSIS/Device/ST/STM32F0xx/Include" -I"C:/Users/t9569bk/Documents/KiCad/PWRMET_24G/Soft/PWRMETV0.1/Drivers/CMSIS/Include" -I"C:/Users/t9569bk/Documents/KiCad/PWRMET_24G/Soft/PWRMETV0.1/Inc"  -Og -g3 -Wall -fmessage-length=0 -ffunction-sections -c -fmessage-length=0 -MMD -MP -MF"Application/User/nrf24l01.d" -MT"Application/User/nrf24l01.o" -o "Application/User/nrf24l01.o" "../Application/User/nrf24l01.c"
../Application/User/nrf24l01.c: In function 'NRF24L01_SpiInit':
../Application/User/nrf24l01.c:382:19: warning: unused variable 'GPIO_InitStruct' [-Wunused-variable]
  GPIO_InitTypeDef GPIO_InitStruct;
                   ^
../Application/User/nrf24l01.c: In function 'NRF24L01_Read':
../Application/User/nrf24l01.c:1067:2: warning: implicit declaration of function 'memcpy' [-Wimplicit-function-declaration]
  memcpy( data, &rxBuffer[1], NRF24L01_Struct.PayloadSize );
  ^
../Application/User/nrf24l01.c:1067:2: warning: incompatible implicit declaration of built-in function 'memcpy'
../Application/User/nrf24l01.c:1067:2: note: include '<string.h>' or provide a declaration of 'memcpy'
../Application/User/nrf24l01.c:1059:2: warning: 'rxBuffer' is used uninitialized in this function [-Wuninitialized]
  HAL_SPI_TransmitReceive( NRF24L01_Struct.hspi, txBuffer, rxBuffer, (NRF24L01_Struct.PayloadSize+1), NRF24L01_SPI_TIMEOUT );    // (TROCAR) ordem caso de erro
  ^
Finished building: ../Application/User/nrf24l01.c
 
Building file: C:/Users/t9569bk/Documents/KiCad/PWRMET_24G/Soft/PWRMETV0.1/Src/spi.c
Invoking: MCU GCC Compiler
C:\Users\t9569bk\Documents\KiCad\PWRMET_24G\Soft\PWRMETV0.1\SW4STM32\PWRMETV0.1\Debug
arm-none-eabi-gcc -mcpu=cortex-m0 -mthumb -mfloat-abi=soft '-D__weak=__attribute__((weak))' '-D__packed=__attribute__((__packed__))' -DUSE_HAL_DRIVER -DSTM32F030x6 -I"C:/Users/t9569bk/Documents/KiCad/PWRMET_24G/Soft/PWRMETV0.1/Inc" -I"C:/Users/t9569bk/Documents/KiCad/PWRMET_24G/Soft/PWRMETV0.1/Drivers/STM32F0xx_HAL_Driver/Inc" -I"C:/Users/t9569bk/Documents/KiCad/PWRMET_24G/Soft/PWRMETV0.1/Drivers/STM32F0xx_HAL_Driver/Inc/Legacy" -I"C:/Users/t9569bk/Documents/KiCad/PWRMET_24G/Soft/PWRMETV0.1/Drivers/CMSIS/Device/ST/STM32F0xx/Include" -I"C:/Users/t9569bk/Documents/KiCad/PWRMET_24G/Soft/PWRMETV0.1/Drivers/CMSIS/Include" -I"C:/Users/t9569bk/Documents/KiCad/PWRMET_24G/Soft/PWRMETV0.1/Inc"  -Og -g3 -Wall -fmessage-length=0 -ffunction-sections -c -fmessage-length=0 -MMD -MP -MF"Application/User/spi.d" -MT"Application/User/spi.o" -o "Application/User/spi.o" "C:/Users/t9569bk/Documents/KiCad/PWRMET_24G/Soft/PWRMETV0.1/Src/spi.c"
Finished building: C:/Users/t9569bk/Documents/KiCad/PWRMET_24G/Soft/PWRMETV0.1/Src/spi.c
 
Building file: C:/Users/t9569bk/Documents/KiCad/PWRMET_24G/Soft/PWRMETV0.1/Src/stm32f0xx_hal_msp.c
Invoking: MCU GCC Compiler
C:\Users\t9569bk\Documents\KiCad\PWRMET_24G\Soft\PWRMETV0.1\SW4STM32\PWRMETV0.1\Debug
arm-none-eabi-gcc -mcpu=cortex-m0 -mthumb -mfloat-abi=soft '-D__weak=__attribute__((weak))' '-D__packed=__attribute__((__packed__))' -DUSE_HAL_DRIVER -DSTM32F030x6 -I"C:/Users/t9569bk/Documents/KiCad/PWRMET_24G/Soft/PWRMETV0.1/Inc" -I"C:/Users/t9569bk/Documents/KiCad/PWRMET_24G/Soft/PWRMETV0.1/Drivers/STM32F0xx_HAL_Driver/Inc" -I"C:/Users/t9569bk/Documents/KiCad/PWRMET_24G/Soft/PWRMETV0.1/Drivers/STM32F0xx_HAL_Driver/Inc/Legacy" -I"C:/Users/t9569bk/Documents/KiCad/PWRMET_24G/Soft/PWRMETV0.1/Drivers/CMSIS/Device/ST/STM32F0xx/Include" -I"C:/Users/t9569bk/Documents/KiCad/PWRMET_24G/Soft/PWRMETV0.1/Drivers/CMSIS/Include" -I"C:/Users/t9569bk/Documents/KiCad/PWRMET_24G/Soft/PWRMETV0.1/Inc"  -Og -g3 -Wall -fmessage-length=0 -ffunction-sections -c -fmessage-length=0 -MMD -MP -MF"Application/User/stm32f0xx_hal_msp.d" -MT"Application/User/stm32f0xx_hal_msp.o" -o "Application/User/stm32f0xx_hal_msp.o" "C:/Users/t9569bk/Documents/KiCad/PWRMET_24G/Soft/PWRMETV0.1/Src/stm32f0xx_hal_msp.c"
Finished building: C:/Users/t9569bk/Documents/KiCad/PWRMET_24G/Soft/PWRMETV0.1/Src/stm32f0xx_hal_msp.c
 
Building file: C:/Users/t9569bk/Documents/KiCad/PWRMET_24G/Soft/PWRMETV0.1/Src/stm32f0xx_it.c
Invoking: MCU GCC Compiler
C:\Users\t9569bk\Documents\KiCad\PWRMET_24G\Soft\PWRMETV0.1\SW4STM32\PWRMETV0.1\Debug
arm-none-eabi-gcc -mcpu=cortex-m0 -mthumb -mfloat-abi=soft '-D__weak=__attribute__((weak))' '-D__packed=__attribute__((__packed__))' -DUSE_HAL_DRIVER -DSTM32F030x6 -I"C:/Users/t9569bk/Documents/KiCad/PWRMET_24G/Soft/PWRMETV0.1/Inc" -I"C:/Users/t9569bk/Documents/KiCad/PWRMET_24G/Soft/PWRMETV0.1/Drivers/STM32F0xx_HAL_Driver/Inc" -I"C:/Users/t9569bk/Documents/KiCad/PWRMET_24G/Soft/PWRMETV0.1/Drivers/STM32F0xx_HAL_Driver/Inc/Legacy" -I"C:/Users/t9569bk/Documents/KiCad/PWRMET_24G/Soft/PWRMETV0.1/Drivers/CMSIS/Device/ST/STM32F0xx/Include" -I"C:/Users/t9569bk/Documents/KiCad/PWRMET_24G/Soft/PWRMETV0.1/Drivers/CMSIS/Include" -I"C:/Users/t9569bk/Documents/KiCad/PWRMET_24G/Soft/PWRMETV0.1/Inc"  -Og -g3 -Wall -fmessage-length=0 -ffunction-sections -c -fmessage-length=0 -MMD -MP -MF"Application/User/stm32f0xx_it.d" -MT"Application/User/stm32f0xx_it.o" -o "Application/User/stm32f0xx_it.o" "C:/Users/t9569bk/Documents/KiCad/PWRMET_24G/Soft/PWRMETV0.1/Src/stm32f0xx_it.c"
Finished building: C:/Users/t9569bk/Documents/KiCad/PWRMET_24G/Soft/PWRMETV0.1/Src/stm32f0xx_it.c
 
Building file: C:/Users/t9569bk/Documents/KiCad/PWRMET_24G/Soft/PWRMETV0.1/Src/tim.c
Invoking: MCU GCC Compiler
C:\Users\t9569bk\Documents\KiCad\PWRMET_24G\Soft\PWRMETV0.1\SW4STM32\PWRMETV0.1\Debug
arm-none-eabi-gcc -mcpu=cortex-m0 -mthumb -mfloat-abi=soft '-D__weak=__attribute__((weak))' '-D__packed=__attribute__((__packed__))' -DUSE_HAL_DRIVER -DSTM32F030x6 -I"C:/Users/t9569bk/Documents/KiCad/PWRMET_24G/Soft/PWRMETV0.1/Inc" -I"C:/Users/t9569bk/Documents/KiCad/PWRMET_24G/Soft/PWRMETV0.1/Drivers/STM32F0xx_HAL_Driver/Inc" -I"C:/Users/t9569bk/Documents/KiCad/PWRMET_24G/Soft/PWRMETV0.1/Drivers/STM32F0xx_HAL_Driver/Inc/Legacy" -I"C:/Users/t9569bk/Documents/KiCad/PWRMET_24G/Soft/PWRMETV0.1/Drivers/CMSIS/Device/ST/STM32F0xx/Include" -I"C:/Users/t9569bk/Documents/KiCad/PWRMET_24G/Soft/PWRMETV0.1/Drivers/CMSIS/Include" -I"C:/Users/t9569bk/Documents/KiCad/PWRMET_24G/Soft/PWRMETV0.1/Inc"  -Og -g3 -Wall -fmessage-length=0 -ffunction-sections -c -fmessage-length=0 -MMD -MP -MF"Application/User/tim.d" -MT"Application/User/tim.o" -o "Application/User/tim.o" "C:/Users/t9569bk/Documents/KiCad/PWRMET_24G/Soft/PWRMETV0.1/Src/tim.c"
Finished building: C:/Users/t9569bk/Documents/KiCad/PWRMET_24G/Soft/PWRMETV0.1/Src/tim.c
 
Building file: C:/Users/t9569bk/Documents/KiCad/PWRMET_24G/Soft/PWRMETV0.1/Src/usart.c
Invoking: MCU GCC Compiler
C:\Users\t9569bk\Documents\KiCad\PWRMET_24G\Soft\PWRMETV0.1\SW4STM32\PWRMETV0.1\Debug
arm-none-eabi-gcc -mcpu=cortex-m0 -mthumb -mfloat-abi=soft '-D__weak=__attribute__((weak))' '-D__packed=__attribute__((__packed__))' -DUSE_HAL_DRIVER -DSTM32F030x6 -I"C:/Users/t9569bk/Documents/KiCad/PWRMET_24G/Soft/PWRMETV0.1/Inc" -I"C:/Users/t9569bk/Documents/KiCad/PWRMET_24G/Soft/PWRMETV0.1/Drivers/STM32F0xx_HAL_Driver/Inc" -I"C:/Users/t9569bk/Documents/KiCad/PWRMET_24G/Soft/PWRMETV0.1/Drivers/STM32F0xx_HAL_Driver/Inc/Legacy" -I"C:/Users/t9569bk/Documents/KiCad/PWRMET_24G/Soft/PWRMETV0.1/Drivers/CMSIS/Device/ST/STM32F0xx/Include" -I"C:/Users/t9569bk/Documents/KiCad/PWRMET_24G/Soft/PWRMETV0.1/Drivers/CMSIS/Include" -I"C:/Users/t9569bk/Documents/KiCad/PWRMET_24G/Soft/PWRMETV0.1/Inc"  -Og -g3 -Wall -fmessage-length=0 -ffunction-sections -c -fmessage-length=0 -MMD -MP -MF"Application/User/usart.d" -MT"Application/User/usart.o" -o "Application/User/usart.o" "C:/Users/t9569bk/Documents/KiCad/PWRMET_24G/Soft/PWRMETV0.1/Src/usart.c"
Finished building: C:/Users/t9569bk/Documents/KiCad/PWRMET_24G/Soft/PWRMETV0.1/Src/usart.c
 
Building file: C:/Users/t9569bk/Documents/KiCad/PWRMET_24G/Soft/PWRMETV0.1/SW4STM32/startup_stm32f030x6.s
Invoking: MCU GCC Assembler
C:\Users\t9569bk\Documents\KiCad\PWRMET_24G\Soft\PWRMETV0.1\SW4STM32\PWRMETV0.1\Debug
arm-none-eabi-as -mcpu=cortex-m0 -mthumb -mfloat-abi=soft -g -o "Application/SW4STM32/startup_stm32f030x6.o" "C:/Users/t9569bk/Documents/KiCad/PWRMET_24G/Soft/PWRMETV0.1/SW4STM32/startup_stm32f030x6.s"
Finished building: C:/Users/t9569bk/Documents/KiCad/PWRMET_24G/Soft/PWRMETV0.1/SW4STM32/startup_stm32f030x6.s
 
Building target: PWRMETV0.1.elf
Invoking: MCU GCC Linker
arm-none-eabi-gcc -mcpu=cortex-m0 -mthumb -mfloat-abi=soft -specs=nosys.specs -specs=nano.specs -T"../STM32F030F4Px_FLASH.ld" -Wl,-Map=output.map -Wl,--gc-sections -o "PWRMETV0.1.elf" @"objects.list"   -lm
Finished building target: PWRMETV0.1.elf
 
make --no-print-directory post-build
Generating binary and Printing size information:
arm-none-eabi-objcopy -O binary "PWRMETV0.1.elf" "PWRMETV0.1.bin"
arm-none-eabi-size "PWRMETV0.1.elf"
   text	   data	    bss	    dec	    hex	filename
  10044	     24	   2000	  12068	   2f24	PWRMETV0.1.elf
 
15:22:01 **** Incremental Build of configuration Debug for project PWRMETV0.1 ****
make all 
make: Nothing to be done for `all'.
15:22:13 **** Incremental Build of configuration Debug for project PWRMETV0.1 ****
make all 
Building file: ../Application/User/nrf24l01.c
Invoking: MCU GCC Compiler
C:\Users\t9569bk\Documents\KiCad\PWRMET_24G\Soft\PWRMETV0.1\SW4STM32\PWRMETV0.1\Debug
arm-none-eabi-gcc -mcpu=cortex-m0 -mthumb -mfloat-abi=soft '-D__weak=__attribute__((weak))' '-D__packed=__attribute__((__packed__))' -DUSE_HAL_DRIVER -DSTM32F030x6 -I"C:/Users/t9569bk/Documents/KiCad/PWRMET_24G/Soft/PWRMETV0.1/Inc" -I"C:/Users/t9569bk/Documents/KiCad/PWRMET_24G/Soft/PWRMETV0.1/Drivers/STM32F0xx_HAL_Driver/Inc" -I"C:/Users/t9569bk/Documents/KiCad/PWRMET_24G/Soft/PWRMETV0.1/Drivers/STM32F0xx_HAL_Driver/Inc/Legacy" -I"C:/Users/t9569bk/Documents/KiCad/PWRMET_24G/Soft/PWRMETV0.1/Drivers/CMSIS/Device/ST/STM32F0xx/Include" -I"C:/Users/t9569bk/Documents/KiCad/PWRMET_24G/Soft/PWRMETV0.1/Drivers/CMSIS/Include" -I"C:/Users/t9569bk/Documents/KiCad/PWRMET_24G/Soft/PWRMETV0.1/Inc"  -Og -g3 -Wall -fmessage-length=0 -ffunction-sections -c -fmessage-length=0 -MMD -MP -MF"Application/User/nrf24l01.d" -MT"Application/User/nrf24l01.o" -o "Application/User/nrf24l01.o" "../Application/User/nrf24l01.c"
../Application/User/nrf24l01.c:1044:9: error: conflicting types for 'NRF24L01_Read'
 uint8_t NRF24L01_Read(uint8_t *data)
         ^
[...]
Finished building: C:/Users/t9569bk/Documents/KiCad/PWRMET_24G/Soft/PWRMETV0.1/Src/usart.c
 
Building target: PWRMETV0.1.elf
Invoking: MCU GCC Linker
arm-none-eabi-gcc -mcpu=cortex-m0 -mthumb -mfloat-abi=soft -specs=nosys.specs -specs=nano.specs -T"../STM32F030F4Px_FLASH.ld" -Wl,-Map=output.map -Wl,--gc-sections -o "PWRMETV0.1.elf" @"objects.list"   -lm
Finished building target: PWRMETV0.1.elf
 
make --no-print-directory post-build
Generating binary and Printing size information:
arm-none-eabi-objcopy -O binary "PWRMETV0.1.elf" "PWRMETV0.1.bin"
arm-none-eabi-size "PWRMETV0.1.elf"
   text	   data	    bss	    dec	    hex	filename
  10156	     24	   2000	  12180	   2f94	PWRMETV0.1.elf
 
16:16:56 **** Incremental Build of configuration Debug for project PWRMETV0.1 ****
make all 
Building file: C:/Users/t9569bk/Documents/KiCad/PWRMET_24G/Soft/PWRMETV0.1/Src/main.c
Invoking: MCU GCC Compiler
C:\Users\t9569bk\Documents\KiCad\PWRMET_24G\Soft\PWRMETV0.1\SW4STM32\PWRMETV0.1\Debug
arm-none-eabi-gcc -mcpu=cortex-m0 -mthumb -mfloat-abi=soft '-D__weak=__attribute__((weak))' '-D__packed=__attribute__((__packed__))' -DUSE_HAL_DRIVER -DSTM32F030x6 -I"C:/Users/t9569bk/Documents/KiCad/PWRMET_24G/Soft/PWRMETV0.1/Inc" -I"C:/Ac6/SystemWorkbench/plugins/fr.ac6.mcu.externaltools.arm-none.win32_1.13.2.201705091103/tools/compiler/arm-none-eabi/include" -I"C:/Ac6/SystemWorkbench/plugins/fr.ac6.mcu.externaltools.arm-none.win32_1.13.2.201705091103/tools/compiler/lib/gcc/arm-none-eabi/5.4.1/include" -I"C:/Ac6/SystemWorkbench/plugins/fr.ac6.mcu.externaltools.arm-none.win32_1.13.2.201705091103/tools/compiler/lib/gcc/arm-none-eabi/5.4.1/include-fixed" -I"C:/Users/t9569bk/Documents/KiCad/PWRMET_24G/Soft/PWRMETV0.1/Drivers/STM32F0xx_HAL_Driver/Inc" -I"C:/Users/t9569bk/Documents/KiCad/PWRMET_24G/Soft/PWRMETV0.1/Drivers/STM32F0xx_HAL_Driver/Inc/Legacy" -I"C:/Users/t9569bk/Documents/KiCad/PWRMET_24G/Soft/PWRMETV0.1/Drivers/CMSIS/Device/ST/STM32F0xx/Include" -I"C:/Users/t9569bk/Documents/KiCad/PWRMET_24G/Soft/PWRMETV0.1/Drivers/CMSIS/Include" -I"C:/Users/t9569bk/Documents/KiCad/PWRMET_24G/Soft/PWRMETV0.1/Inc"  -Og -g3 -Wall -fmessage-length=0 -ffunction-sections -c -fmessage-length=0 -MMD -MP -MF"Application/User/main.d" -MT"Application/User/main.o" -o "Application/User/main.o" "C:/Users/t9569bk/Documents/KiCad/PWRMET_24G/Soft/PWRMETV0.1/Src/main.c"
Finished building: C:/Users/t9569bk/Documents/KiCad/PWRMET_24G/Soft/PWRMETV0.1/Src/main.c
 
Building target: PWRMETV0.1.elf
Invoking: MCU GCC Linker
arm-none-eabi-gcc -mcpu=cortex-m0 -mthumb -mfloat-abi=soft -specs=nosys.specs -specs=nano.specs -T"../STM32F030F4Px_FLASH.ld" -Wl,-Map=output.map -Wl,--gc-sections -o "PWRMETV0.1.elf" @"objects.list"   -lm
Finished building target: PWRMETV0.1.elf
 
make --no-print-directory post-build
Generating binary and Printing size information:
arm-none-eabi-objcopy -O binary "PWRMETV0.1.elf" "PWRMETV0.1.bin"
arm-none-eabi-size "PWRMETV0.1.elf"
   text	   data	    bss	    dec	    hex	filename
  10248	     24	   1976	  12248	   2fd8	PWRMETV0.1.elf
 
16:20:21 **** Incremental Build of configuration Debug for project PWRMETV0.1 ****
make all 
Building file: C:/Users/t9569bk/Documents/KiCad/PWRMET_24G/Soft/PWRMETV0.1/Src/main.c
Invoking: MCU GCC Compiler
C:\Users\t9569bk\Documents\KiCad\PWRMET_24G\Soft\PWRMETV0.1\SW4STM32\PWRMETV0.1\Debug
arm-none-eabi-gcc -mcpu=cortex-m0 -mthumb -mfloat-abi=soft '-D__weak=__attribute__((weak))' '-D__packed=__attribute__((__packed__))' -DUSE_HAL_DRIVER -DSTM32F030x6 -I"C:/Users/t9569bk/Documents/KiCad/PWRMET_24G/Soft/PWRMETV0.1/Inc" -I"C:/Ac6/SystemWorkbench/plugins/fr.ac6.mcu.externaltools.arm-none.win32_1.13.2.201705091103/tools/compiler/arm-none-eabi/include" -I"C:/Ac6/SystemWorkbench/plugins/fr.ac6.mcu.externaltools.arm-none.win32_1.13.2.201705091103/tools/compiler/lib/gcc/arm-none-eabi/5.4.1/include" -I"C:/Ac6/SystemWorkbench/plugins/fr.ac6.mcu.externaltools.arm-none.win32_1.13.2.201705091103/tools/compiler/lib/gcc/arm-none-eabi/5.4.1/include-fixed" -I"C:/Users/t9569bk/Documents/KiCad/PWRMET_24G/Soft/PWRMETV0.1/Drivers/STM32F0xx_HAL_Driver/Inc" -I"C:/Users/t9569bk/Documents/KiCad/PWRMET_24G/Soft/PWRMETV0.1/Drivers/STM32F0xx_HAL_Driver/Inc/Legacy" -I"C:/Users/t9569bk/Documents/KiCad/PWRMET_24G/Soft/PWRMETV0.1/Drivers/CMSIS/Device/ST/STM32F0xx/Include" -I"C:/Users/t9569bk/Documents/KiCad/PWRMET_24G/Soft/PWRMETV0.1/Drivers/CMSIS/Include" -I"C:/Users/t9569bk/Documents/KiCad/PWRMET_24G/Soft/PWRMETV0.1/Inc"  -Og -g3 -Wall -fmessage-length=0 -ffunction-sections -c -fmessage-length=0 -MMD -MP -MF"Application/User/main.d" -MT"Application/User/main.o" -o "Application/User/main.o" "C:/Users/t9569bk/Documents/KiCad/PWRMET_24G/Soft/PWRMETV0.1/Src/main.c"
C:/Users/t9569bk/Documents/KiCad/PWRMET_24G/Soft/PWRMETV0.1/Src/main.c: In function 'main':
C:/Users/t9569bk/Documents/KiCad/PWRMET_24G/Soft/PWRMETV0.1/Src/main.c:117:28: error: 'Request' undeclared (first use in this function)
      if(dataIn[3]==0x05)   Request Data
                            ^
C:/Users/t9569bk/Documents/KiCad/PWRMET_24G/Soft/PWRMETV0.1/Src/main.c:117:28: note: each undeclared identifier is reported only once for each function it appears in
C:/Users/t9569bk/Documents/KiCad/PWRMET_24G/Soft/PWRMETV0.1/Src/main.c:117:36: error: expected ';' before 'Data'
      if(dataIn[3]==0x05)   Request Data
                                    ^
make: *** [Application/User/main.o] Error 1
16:20:51 **** Incremental Build of configuration Debug for project PWRMETV0.1 ****
make all 
Building file: C:/Users/t9569bk/Documents/KiCad/PWRMET_24G/Soft/PWRMETV0.1/Src/main.c
Invoking: MCU GCC Compiler
C:\Users\t9569bk\Documents\KiCad\PWRMET_24G\Soft\PWRMETV0.1\SW4STM32\PWRMETV0.1\Debug
arm-none-eabi-gcc -mcpu=cortex-m0 -mthumb -mfloat-abi=soft '-D__weak=__attribute__((weak))' '-D__packed=__attribute__((__packed__))' -DUSE_HAL_DRIVER -DSTM32F030x6 -I"C:/Users/t9569bk/Documents/KiCad/PWRMET_24G/Soft/PWRMETV0.1/Inc" -I"C:/Ac6/SystemWorkbench/plugins/fr.ac6.mcu.externaltools.arm-none.win32_1.13.2.201705091103/tools/compiler/arm-none-eabi/include" -I"C:/Ac6/SystemWorkbench/plugins/fr.ac6.mcu.externaltools.arm-none.win32_1.13.2.201705091103/tools/compiler/lib/gcc/arm-none-eabi/5.4.1/include" -I"C:/Ac6/SystemWorkbench/plugins/fr.ac6.mcu.externaltools.arm-none.win32_1.13.2.201705091103/tools/compiler/lib/gcc/arm-none-eabi/5.4.1/include-fixed" -I"C:/Users/t9569bk/Documents/KiCad/PWRMET_24G/Soft/PWRMETV0.1/Drivers/STM32F0xx_HAL_Driver/Inc" -I"C:/Users/t9569bk/Documents/KiCad/PWRMET_24G/Soft/PWRMETV0.1/Drivers/STM32F0xx_HAL_Driver/Inc/Legacy" -I"C:/Users/t9569bk/Documents/KiCad/PWRMET_24G/Soft/PWRMETV0.1/Drivers/CMSIS/Device/ST/STM32F0xx/Include" -I"C:/Users/t9569bk/Documents/KiCad/PWRMET_24G/Soft/PWRMETV0.1/Drivers/CMSIS/Include" -I"C:/Users/t9569bk/Documents/KiCad/PWRMET_24G/Soft/PWRMETV0.1/Inc"  -Og -g3 -Wall -fmessage-length=0 -ffunction-sections -c -fmessage-length=0 -MMD -MP -MF"Application/User/main.d" -MT"Application/User/main.o" -o "Application/User/main.o" "C:/Users/t9569bk/Documents/KiCad/PWRMET_24G/Soft/PWRMETV0.1/Src/main.c"
C:/Users/t9569bk/Documents/KiCad/PWRMET_24G/Soft/PWRMETV0.1/Src/main.c: In function 'main':
C:/Users/t9569bk/Documents/KiCad/PWRMET_24G/Soft/PWRMETV0.1/Src/main.c:119:25: error: incompatible type for argument 1 of 'NRF24L01_Transmit'
       NRF24L01_Transmit(txPackage);
                         ^
In file included from C:/Users/t9569bk/Documents/KiCad/PWRMET_24G/Soft/PWRMETV0.1/Src/main.c:42:0:
C:/Users/t9569bk/Documents/KiCad/PWRMET_24G/Soft/PWRMETV0.1/Inc/nrf24l01.h:223:28: note: expected 'const void *' but argument is of type 'struct structPackage'
 NRF24L01_Transmit_Status_t NRF24L01_Transmit(const void *data);
                            ^
make: *** [Application/User/main.o] Error 1
16:21:13 **** Incremental Build of configuration Debug for project PWRMETV0.1 ****
make all 
Building file: C:/Users/t9569bk/Documents/KiCad/PWRMET_24G/Soft/PWRMETV0.1/Src/main.c
Invoking: MCU GCC Compiler
C:\Users\t9569bk\Documents\KiCad\PWRMET_24G\Soft\PWRMETV0.1\SW4STM32\PWRMETV0.1\Debug
arm-none-eabi-gcc -mcpu=cortex-m0 -mthumb -mfloat-abi=soft '-D__weak=__attribute__((weak))' '-D__packed=__attribute__((__packed__))' -DUSE_HAL_DRIVER -DSTM32F030x6 -I"C:/Users/t9569bk/Documents/KiCad/PWRMET_24G/Soft/PWRMETV0.1/Inc" -I"C:/Ac6/SystemWorkbench/plugins/fr.ac6.mcu.externaltools.arm-none.win32_1.13.2.201705091103/tools/compiler/arm-none-eabi/include" -I"C:/Ac6/SystemWorkbench/plugins/fr.ac6.mcu.externaltools.arm-none.win32_1.13.2.201705091103/tools/compiler/lib/gcc/arm-none-eabi/5.4.1/include" -I"C:/Ac6/SystemWorkbench/plugins/fr.ac6.mcu.externaltools.arm-none.win32_1.13.2.201705091103/tools/compiler/lib/gcc/arm-none-eabi/5.4.1/include-fixed" -I"C:/Users/t9569bk/Documents/KiCad/PWRMET_24G/Soft/PWRMETV0.1/Drivers/STM32F0xx_HAL_Driver/Inc" -I"C:/Users/t9569bk/Documents/KiCad/PWRMET_24G/Soft/PWRMETV0.1/Drivers/STM32F0xx_HAL_Driver/Inc/Legacy" -I"C:/Users/t9569bk/Documents/KiCad/PWRMET_24G/Soft/PWRMETV0.1/Drivers/CMSIS/Device/ST/STM32F0xx/Include" -I"C:/Users/t9569bk/Documents/KiCad/PWRMET_24G/Soft/PWRMETV0.1/Drivers/CMSIS/Include" -I"C:/Users/t9569bk/Documents/KiCad/PWRMET_24G/Soft/PWRMETV0.1/Inc"  -Og -g3 -Wall -fmessage-length=0 -ffunction-sections -c -fmessage-length=0 -MMD -MP -MF"Application/User/main.d" -MT"Application/User/main.o" -o "Application/User/main.o" "C:/Users/t9569bk/Documents/KiCad/PWRMET_24G/Soft/PWRMETV0.1/Src/main.c"
Finished building: C:/Users/t9569bk/Documents/KiCad/PWRMET_24G/Soft/PWRMETV0.1/Src/main.c
 
Building target: PWRMETV0.1.elf
Invoking: MCU GCC Linker
arm-none-eabi-gcc -mcpu=cortex-m0 -mthumb -mfloat-abi=soft -specs=nosys.specs -specs=nano.specs -T"../STM32F030F4Px_FLASH.ld" -Wl,-Map=output.map -Wl,--gc-sections -o "PWRMETV0.1.elf" @"objects.list"   -lm
Finished building target: PWRMETV0.1.elf
 
make --no-print-directory post-build
Generating binary and Printing size information:
arm-none-eabi-objcopy -O binary "PWRMETV0.1.elf" "PWRMETV0.1.bin"
arm-none-eabi-size "PWRMETV0.1.elf"
   text	   data	    bss	    dec	    hex	filename
  10568	     24	   1976	  12568	   3118	PWRMETV0.1.elf
 
16:39:00 **** Incremental Build of configuration Debug for project PWRMETV0.1 ****
make all 
Building file: ../Application/User/eeprom_emul.c
Invoking: MCU GCC Compiler
C:\Users\t9569bk\Documents\KiCad\PWRMET_24G\Soft\PWRMETV0.1\SW4STM32\PWRMETV0.1\Debug
arm-none-eabi-gcc -mcpu=cortex-m0 -mthumb -mfloat-abi=soft '-D__weak=__attribute__((weak))' '-D__packed=__attribute__((__packed__))' -DUSE_HAL_DRIVER -DSTM32F030x6 -I"C:/Users/t9569bk/Documents/KiCad/PWRMET_24G/Soft/PWRMETV0.1/Inc" -I"C:/Ac6/SystemWorkbench/plugins/fr.ac6.mcu.externaltools.arm-none.win32_1.13.2.201705091103/tools/compiler/arm-none-eabi/include" -I"C:/Ac6/SystemWorkbench/plugins/fr.ac6.mcu.externaltools.arm-none.win32_1.13.2.201705091103/tools/compiler/lib/gcc/arm-none-eabi/5.4.1/include" -I"C:/Ac6/SystemWorkbench/plugins/fr.ac6.mcu.externaltools.arm-none.win32_1.13.2.201705091103/tools/compiler/lib/gcc/arm-none-eabi/5.4.1/include-fixed" -I"C:/Users/t9569bk/Documents/KiCad/PWRMET_24G/Soft/PWRMETV0.1/Drivers/STM32F0xx_HAL_Driver/Inc" -I"C:/Users/t9569bk/Documents/KiCad/PWRMET_24G/Soft/PWRMETV0.1/Drivers/STM32F0xx_HAL_Driver/Inc/Legacy" -I"C:/Users/t9569bk/Documents/KiCad/PWRMET_24G/Soft/PWRMETV0.1/Drivers/CMSIS/Device/ST/STM32F0xx/Include" -I"C:/Users/t9569bk/Documents/KiCad/PWRMET_24G/Soft/PWRMETV0.1/Drivers/CMSIS/Include" -I"C:/Users/t9569bk/Documents/KiCad/PWRMET_24G/Soft/PWRMETV0.1/Inc"  -Og -g3 -Wall -fmessage-length=0 -ffunction-sections -c -fmessage-length=0 -MMD -MP -MF"Application/User/eeprom_emul.d" -MT"Application/User/eeprom_emul.o" -o "Application/User/eeprom_emul.o" "../Application/User/eeprom_emul.c"
In file included from ../Application/User/eeprom_emul.c:23:0:
C:/Users/t9569bk/Documents/KiCad/PWRMET_24G/Soft/PWRMETV0.1/Inc/eeprom_emul.h:24:23: fatal error: stm32f10x.h: No such file or directory
compilation terminated.
make: *** [Application/User/eeprom_emul.o] Error 1
16:40:28 **** Incremental Build of configuration Debug for project PWRMETV0.1 ****
make all 
Building file: ../Application/User/eeprom_emul.c
Invoking: MCU GCC Compiler
C:\Users\t9569bk\Documents\KiCad\PWRMET_24G\Soft\PWRMETV0.1\SW4STM32\PWRMETV0.1\Debug
arm-none-eabi-gcc -mcpu=cortex-m0 -mthumb -mfloat-abi=soft '-D__weak=__attribute__((weak))' '-D__packed=__attribute__((__packed__))' -DUSE_HAL_DRIVER -DSTM32F030x6 -I"C:/Users/t9569bk/Documents/KiCad/PWRMET_24G/Soft/PWRMETV0.1/Inc" -I"C:/Ac6/SystemWorkbench/plugins/fr.ac6.mcu.externaltools.arm-none.win32_1.13.2.201705091103/tools/compiler/arm-none-eabi/include" -I"C:/Ac6/SystemWorkbench/plugins/fr.ac6.mcu.externaltools.arm-none.win32_1.13.2.201705091103/tools/compiler/lib/gcc/arm-none-eabi/5.4.1/include" -I"C:/Ac6/SystemWorkbench/plugins/fr.ac6.mcu.externaltools.arm-none.win32_1.13.2.201705091103/tools/compiler/lib/gcc/arm-none-eabi/5.4.1/include-fixed" -I"C:/Users/t9569bk/Documents/KiCad/PWRMET_24G/Soft/PWRMETV0.1/Drivers/STM32F0xx_HAL_Driver/Inc" -I"C:/Users/t9569bk/Documents/KiCad/PWRMET_24G/Soft/PWRMETV0.1/Drivers/STM32F0xx_HAL_Driver/Inc/Legacy" -I"C:/Users/t9569bk/Documents/KiCad/PWRMET_24G/Soft/PWRMETV0.1/Drivers/CMSIS/Device/ST/STM32F0xx/Include" -I"C:/Users/t9569bk/Documents/KiCad/PWRMET_24G/Soft/PWRMETV0.1/Drivers/CMSIS/Include" -I"C:/Users/t9569bk/Documents/KiCad/PWRMET_24G/Soft/PWRMETV0.1/Inc"  -Og -g3 -Wall -fmessage-length=0 -ffunction-sections -c -fmessage-length=0 -MMD -MP -MF"Application/User/eeprom_emul.d" -MT"Application/User/eeprom_emul.o" -o "Application/User/eeprom_emul.o" "../Application/User/eeprom_emul.c"
../Application/User/eeprom_emul.c:31:8: error: unknown type name 'FLASH_Status'
 static FLASH_Status EE_Format(void);
        ^
In file included from ../Application/User/eeprom_emul.c:23:0:
../Application/User/eeprom_emul.c: In function 'EE_Init':
C:/Users/t9569bk/Documents/KiCad/PWRMET_24G/Soft/PWRMETV0.1/Inc/eeprom_emul.h:41:68: error: 'PAGE_SIZE' undeclared (first use in this function)
 #define PAGE1_BASE_ADDRESS      ((uint32_t)(EEPROM_START_ADDRESS + PAGE_SIZE))
                                                                    ^
../Application/User/eeprom_emul.c:54:35: note: in expansion of macro 'PAGE1_BASE_ADDRESS'
   PageStatus1 = (*(__IO uint16_t*)PAGE1_BASE_ADDRESS);
                                   ^
C:/Users/t9569bk/Documents/KiCad/PWRMET_24G/Soft/PWRMETV0.1/Inc/eeprom_emul.h:41:68: note: each undeclared identifier is reported only once for each function it appears in
 #define PAGE1_BASE_ADDRESS      ((uint32_t)(EEPROM_START_ADDRESS + PAGE_SIZE))
                                                                    ^
../Application/User/eeprom_emul.c:54:35: note: in expansion of macro 'PAGE1_BASE_ADDRESS'
   PageStatus1 = (*(__IO uint16_t*)PAGE1_BASE_ADDRESS);
                                   ^
../Application/User/eeprom_emul.c:63:23: warning: implicit declaration of function 'FLASH_ErasePage' [-Wimplicit-function-declaration]
         FlashStatus = FLASH_ErasePage(PAGE0_BASE_ADDRESS);
                       ^
../Application/User/eeprom_emul.c:65:28: error: 'FLASH_COMPLETE' undeclared (first use in this function)
         if (FlashStatus != FLASH_COMPLETE)
                            ^
../Application/User/eeprom_emul.c:80:23: warning: implicit declaration of function 'FLASH_ProgramHalfWord' [-Wimplicit-function-declaration]
         FlashStatus = FLASH_ProgramHalfWord(PAGE1_BASE_ADDRESS, VALID_PAGE);
                       ^
../Application/User/eeprom_emul.c: In function 'EE_ReadVariable':
../Application/User/eeprom_emul.c:274:79: error: 'PAGE_SIZE' undeclared (first use in this function)
   PageStartAddress = (uint32_t)(EEPROM_START_ADDRESS + (uint32_t)(ValidPage * PAGE_SIZE));
                                                                               ^
../Application/User/eeprom_emul.c: At top level:
../Application/User/eeprom_emul.c:341:8: error: unknown type name 'FLASH_Status'
 static FLASH_Status EE_Format(void)
        ^
../Application/User/eeprom_emul.c: In function 'EE_Format':
../Application/User/eeprom_emul.c:343:3: error: unknown type name 'FLASH_Status'
   FLASH_Status FlashStatus = FLASH_COMPLETE;
   ^
../Application/User/eeprom_emul.c:343:30: error: 'FLASH_COMPLETE' undeclared (first use in this function)
   FLASH_Status FlashStatus = FLASH_COMPLETE;
                              ^
In file included from ../Application/User/eeprom_emul.c:23:0:
C:/Users/t9569bk/Documents/KiCad/PWRMET_24G/Soft/PWRMETV0.1/Inc/eeprom_emul.h:41:68: error: 'PAGE_SIZE' undeclared (first use in this function)
 #define PAGE1_BASE_ADDRESS      ((uint32_t)(EEPROM_START_ADDRESS + PAGE_SIZE))
                                                                    ^
../Application/User/eeprom_emul.c:364:33: note: in expansion of macro 'PAGE1_BASE_ADDRESS'
   FlashStatus = FLASH_ErasePage(PAGE1_BASE_ADDRESS);
                                 ^
../Application/User/eeprom_emul.c: In function 'EE_FindValidPage':
C:/Users/t9569bk/Documents/KiCad/PWRMET_24G/Soft/PWRMETV0.1/Inc/eeprom_emul.h:41:68: error: 'PAGE_SIZE' undeclared (first use in this function)
 #define PAGE1_BASE_ADDRESS      ((uint32_t)(EEPROM_START_ADDRESS + PAGE_SIZE))
                                                                    ^
../Application/User/eeprom_emul.c:387:35: note: in expansion of macro 'PAGE1_BASE_ADDRESS'
   PageStatus1 = (*(__IO uint16_t*)PAGE1_BASE_ADDRESS);
                                   ^
../Application/User/eeprom_emul.c: In function 'EE_VerifyPageFullWriteVariable':
../Application/User/eeprom_emul.c:453:3: error: unknown type name 'FLASH_Status'
   FLASH_Status FlashStatus = FLASH_COMPLETE;
   ^
../Application/User/eeprom_emul.c:453:30: error: 'FLASH_COMPLETE' undeclared (first use in this function)
   FLASH_Status FlashStatus = FLASH_COMPLETE;
                              ^
../Application/User/eeprom_emul.c:467:70: error: 'PAGE_SIZE' undeclared (first use in this function)
   Address = (uint32_t)(EEPROM_START_ADDRESS + (uint32_t)(ValidPage * PAGE_SIZE));
                                                                      ^
../Application/User/eeprom_emul.c: In function 'EE_PageTransfer':
../Application/User/eeprom_emul.c:514:3: error: unknown type name 'FLASH_Status'
   FLASH_Status FlashStatus = FLASH_COMPLETE;
   ^
../Application/User/eeprom_emul.c:514:30: error: 'FLASH_COMPLETE' undeclared (first use in this function)
   FLASH_Status FlashStatus = FLASH_COMPLETE;
                              ^
In file included from ../Application/User/eeprom_emul.c:23:0:
C:/Users/t9569bk/Documents/KiCad/PWRMET_24G/Soft/PWRMETV0.1/Inc/eeprom_emul.h:41:68: error: 'PAGE_SIZE' undeclared (first use in this function)
 #define PAGE1_BASE_ADDRESS      ((uint32_t)(EEPROM_START_ADDRESS + PAGE_SIZE))
                                                                    ^
../Application/User/eeprom_emul.c:528:22: note: in expansion of macro 'PAGE1_BASE_ADDRESS'
     OldPageAddress = PAGE1_BASE_ADDRESS;
                      ^
../Application/User/eeprom_emul.c: In function 'EE_Init':
../Application/User/eeprom_emul.c:246:1: warning: control reaches end of non-void function [-Wreturn-type]
 }
 ^
make: *** [Application/User/eeprom_emul.o] Error 1
