10:13:18 **** Build of configuration Debug for project PWRMETV0.1 ****
make all 
Building file: C:/Users/Balazs/Documents/STM32/PWRMET_24G/Soft/PWRMETV0.1/Drivers/STM32F0xx_HAL_Driver/Src/stm32f0xx_hal.c
Invoking: MCU GCC Compiler
%cd%
arm-none-eabi-gcc -mcpu=cortex-m0 -mthumb -mfloat-abi=soft '-D__weak=__attribute__((weak))' '-D__packed=__attribute__((__packed__))' -DUSE_HAL_DRIVER -DSTM32F030x6 -I"C:/Users/Balazs/Documents/STM32/PWRMET_24G/Soft/PWRMETV0.1/Inc" -I"C:/Users/Balazs/Documents/STM32/PWRMET_24G/Soft/PWRMETV0.1/Drivers/STM32F0xx_HAL_Driver/Inc" -I"C:/Users/Balazs/Documents/STM32/PWRMET_24G/Soft/PWRMETV0.1/Drivers/STM32F0xx_HAL_Driver/Inc/Legacy" -I"C:/Users/Balazs/Documents/STM32/PWRMET_24G/Soft/PWRMETV0.1/Drivers/CMSIS/Device/ST/STM32F0xx/Include" -I"C:/Users/Balazs/Documents/STM32/PWRMET_24G/Soft/PWRMETV0.1/Drivers/CMSIS/Include"  -Og -g3 -Wall -fmessage-length=0 -ffunction-sections -c -fmessage-length=0 -MMD -MP -MF"Drivers/STM32F0xx_HAL_Driver/stm32f0xx_hal.d" -MT"Drivers/STM32F0xx_HAL_Driver/stm32f0xx_hal.o" -o "Drivers/STM32F0xx_HAL_Driver/stm32f0xx_hal.o" "C:/Users/Balazs/Documents/STM32/PWRMET_24G/Soft/PWRMETV0.1/Drivers/STM32F0xx_HAL_Driver/Src/stm32f0xx_hal.c"
Finished building: C:/Users/Balazs/Documents/STM32/PWRMET_24G/Soft/PWRMETV0.1/Drivers/STM32F0xx_HAL_Driver/Src/stm32f0xx_hal.c
 
Building file: C:/Users/Balazs/Documents/STM32/PWRMET_24G/Soft/PWRMETV0.1/Drivers/STM32F0xx_HAL_Driver/Src/stm32f0xx_hal_cortex.c
Invoking: MCU GCC Compiler
%cd%
arm-none-eabi-gcc -mcpu=cortex-m0 -mthumb -mfloat-abi=soft '-D__weak=__attribute__((weak))' '-D__packed=__attribute__((__packed__))' -DUSE_HAL_DRIVER -DSTM32F030x6 -I"C:/Users/Balazs/Documents/STM32/PWRMET_24G/Soft/PWRMETV0.1/Inc" -I"C:/Users/Balazs/Documents/STM32/PWRMET_24G/Soft/PWRMETV0.1/Drivers/STM32F0xx_HAL_Driver/Inc" -I"C:/Users/Balazs/Documents/STM32/PWRMET_24G/Soft/PWRMETV0.1/Drivers/STM32F0xx_HAL_Driver/Inc/Legacy" -I"C:/Users/Balazs/Documents/STM32/PWRMET_24G/Soft/PWRMETV0.1/Drivers/CMSIS/Device/ST/STM32F0xx/Include" -I"C:/Users/Balazs/Documents/STM32/PWRMET_24G/Soft/PWRMETV0.1/Drivers/CMSIS/Include"  -Og -g3 -Wall -fmessage-length=0 -ffunction-sections -c -fmessage-length=0 -MMD -MP -MF"Drivers/STM32F0xx_HAL_Driver/stm32f0xx_hal_cortex.d" -MT"Drivers/STM32F0xx_HAL_Driver/stm32f0xx_hal_cortex.o" -o "Drivers/STM32F0xx_HAL_Driver/stm32f0xx_hal_cortex.o" "C:/Users/Balazs/Documents/STM32/PWRMET_24G/Soft/PWRMETV0.1/Drivers/STM32F0xx_HAL_Driver/Src/stm32f0xx_hal_cortex.c"
Finished building: C:/Users/Balazs/Documents/STM32/PWRMET_24G/Soft/PWRMETV0.1/Drivers/STM32F0xx_HAL_Driver/Src/stm32f0xx_hal_cortex.c
 
Building file: C:/Users/Balazs/Documents/STM32/PWRMET_24G/Soft/PWRMETV0.1/Drivers/STM32F0xx_HAL_Driver/Src/stm32f0xx_hal_dma.c
Invoking: MCU GCC Compiler
%cd%
arm-none-eabi-gcc -mcpu=cortex-m0 -mthumb -mfloat-abi=soft '-D__weak=__attribute__((weak))' '-D__packed=__attribute__((__packed__))' -DUSE_HAL_DRIVER -DSTM32F030x6 -I"C:/Users/Balazs/Documents/STM32/PWRMET_24G/Soft/PWRMETV0.1/Inc" -I"C:/Users/Balazs/Documents/STM32/PWRMET_24G/Soft/PWRMETV0.1/Drivers/STM32F0xx_HAL_Driver/Inc" -I"C:/Users/Balazs/Documents/STM32/PWRMET_24G/Soft/PWRMETV0.1/Drivers/STM32F0xx_HAL_Driver/Inc/Legacy" -I"C:/Users/Balazs/Documents/STM32/PWRMET_24G/Soft/PWRMETV0.1/Drivers/CMSIS/Device/ST/STM32F0xx/Include" -I"C:/Users/Balazs/Documents/STM32/PWRMET_24G/Soft/PWRMETV0.1/Drivers/CMSIS/Include"  -Og -g3 -Wall -fmessage-length=0 -ffunction-sections -c -fmessage-length=0 -MMD -MP -MF"Drivers/STM32F0xx_HAL_Driver/stm32f0xx_hal_dma.d" -MT"Drivers/STM32F0xx_HAL_Driver/stm32f0xx_hal_dma.o" -o "Drivers/STM32F0xx_HAL_Driver/stm32f0xx_hal_dma.o" "C:/Users/Balazs/Documents/STM32/PWRMET_24G/Soft/PWRMETV0.1/Drivers/STM32F0xx_HAL_Driver/Src/stm32f0xx_hal_dma.c"
Finished building: C:/Users/Balazs/Documents/STM32/PWRMET_24G/Soft/PWRMETV0.1/Drivers/STM32F0xx_HAL_Driver/Src/stm32f0xx_hal_dma.c
 
Building file: C:/Users/Balazs/Documents/STM32/PWRMET_24G/Soft/PWRMETV0.1/Drivers/STM32F0xx_HAL_Driver/Src/stm32f0xx_hal_flash.c
Invoking: MCU GCC Compiler
%cd%
arm-none-eabi-gcc -mcpu=cortex-m0 -mthumb -mfloat-abi=soft '-D__weak=__attribute__((weak))' '-D__packed=__attribute__((__packed__))' -DUSE_HAL_DRIVER -DSTM32F030x6 -I"C:/Users/Balazs/Documents/STM32/PWRMET_24G/Soft/PWRMETV0.1/Inc" -I"C:/Users/Balazs/Documents/STM32/PWRMET_24G/Soft/PWRMETV0.1/Drivers/STM32F0xx_HAL_Driver/Inc" -I"C:/Users/Balazs/Documents/STM32/PWRMET_24G/Soft/PWRMETV0.1/Drivers/STM32F0xx_HAL_Driver/Inc/Legacy" -I"C:/Users/Balazs/Documents/STM32/PWRMET_24G/Soft/PWRMETV0.1/Drivers/CMSIS/Device/ST/STM32F0xx/Include" -I"C:/Users/Balazs/Documents/STM32/PWRMET_24G/Soft/PWRMETV0.1/Drivers/CMSIS/Include"  -Og -g3 -Wall -fmessage-length=0 -ffunction-sections -c -fmessage-length=0 -MMD -MP -MF"Drivers/STM32F0xx_HAL_Driver/stm32f0xx_hal_flash.d" -MT"Drivers/STM32F0xx_HAL_Driver/stm32f0xx_hal_flash.o" -o "Drivers/STM32F0xx_HAL_Driver/stm32f0xx_hal_flash.o" "C:/Users/Balazs/Documents/STM32/PWRMET_24G/Soft/PWRMETV0.1/Drivers/STM32F0xx_HAL_Driver/Src/stm32f0xx_hal_flash.c"
Finished building: C:/Users/Balazs/Documents/STM32/PWRMET_24G/Soft/PWRMETV0.1/Drivers/STM32F0xx_HAL_Driver/Src/stm32f0xx_hal_flash.c
 
Building file: C:/Users/Balazs/Documents/STM32/PWRMET_24G/Soft/PWRMETV0.1/Drivers/STM32F0xx_HAL_Driver/Src/stm32f0xx_hal_flash_ex.c
Invoking: MCU GCC Compiler
%cd%
arm-none-eabi-gcc -mcpu=cortex-m0 -mthumb -mfloat-abi=soft '-D__weak=__attribute__((weak))' '-D__packed=__attribute__((__packed__))' -DUSE_HAL_DRIVER -DSTM32F030x6 -I"C:/Users/Balazs/Documents/STM32/PWRMET_24G/Soft/PWRMETV0.1/Inc" -I"C:/Users/Balazs/Documents/STM32/PWRMET_24G/Soft/PWRMETV0.1/Drivers/STM32F0xx_HAL_Driver/Inc" -I"C:/Users/Balazs/Documents/STM32/PWRMET_24G/Soft/PWRMETV0.1/Drivers/STM32F0xx_HAL_Driver/Inc/Legacy" -I"C:/Users/Balazs/Documents/STM32/PWRMET_24G/Soft/PWRMETV0.1/Drivers/CMSIS/Device/ST/STM32F0xx/Include" -I"C:/Users/Balazs/Documents/STM32/PWRMET_24G/Soft/PWRMETV0.1/Drivers/CMSIS/Include"  -Og -g3 -Wall -fmessage-length=0 -ffunction-sections -c -fmessage-length=0 -MMD -MP -MF"Drivers/STM32F0xx_HAL_Driver/stm32f0xx_hal_flash_ex.d" -MT"Drivers/STM32F0xx_HAL_Driver/stm32f0xx_hal_flash_ex.o" -o "Drivers/STM32F0xx_HAL_Driver/stm32f0xx_hal_flash_ex.o" "C:/Users/Balazs/Documents/STM32/PWRMET_24G/Soft/PWRMETV0.1/Drivers/STM32F0xx_HAL_Driver/Src/stm32f0xx_hal_flash_ex.c"
Finished building: C:/Users/Balazs/Documents/STM32/PWRMET_24G/Soft/PWRMETV0.1/Drivers/STM32F0xx_HAL_Driver/Src/stm32f0xx_hal_flash_ex.c
 
Building file: C:/Users/Balazs/Documents/STM32/PWRMET_24G/Soft/PWRMETV0.1/Drivers/STM32F0xx_HAL_Driver/Src/stm32f0xx_hal_gpio.c
Invoking: MCU GCC Compiler
%cd%
arm-none-eabi-gcc -mcpu=cortex-m0 -mthumb -mfloat-abi=soft '-D__weak=__attribute__((weak))' '-D__packed=__attribute__((__packed__))' -DUSE_HAL_DRIVER -DSTM32F030x6 -I"C:/Users/Balazs/Documents/STM32/PWRMET_24G/Soft/PWRMETV0.1/Inc" -I"C:/Users/Balazs/Documents/STM32/PWRMET_24G/Soft/PWRMETV0.1/Drivers/STM32F0xx_HAL_Driver/Inc" -I"C:/Users/Balazs/Documents/STM32/PWRMET_24G/Soft/PWRMETV0.1/Drivers/STM32F0xx_HAL_Driver/Inc/Legacy" -I"C:/Users/Balazs/Documents/STM32/PWRMET_24G/Soft/PWRMETV0.1/Drivers/CMSIS/Device/ST/STM32F0xx/Include" -I"C:/Users/Balazs/Documents/STM32/PWRMET_24G/Soft/PWRMETV0.1/Drivers/CMSIS/Include"  -Og -g3 -Wall -fmessage-length=0 -ffunction-sections -c -fmessage-length=0 -MMD -MP -MF"Drivers/STM32F0xx_HAL_Driver/stm32f0xx_hal_gpio.d" -MT"Drivers/STM32F0xx_HAL_Driver/stm32f0xx_hal_gpio.o" -o "Drivers/STM32F0xx_HAL_Driver/stm32f0xx_hal_gpio.o" "C:/Users/Balazs/Documents/STM32/PWRMET_24G/Soft/PWRMETV0.1/Drivers/STM32F0xx_HAL_Driver/Src/stm32f0xx_hal_gpio.c"
Finished building: C:/Users/Balazs/Documents/STM32/PWRMET_24G/Soft/PWRMETV0.1/Drivers/STM32F0xx_HAL_Driver/Src/stm32f0xx_hal_gpio.c
 
Building file: C:/Users/Balazs/Documents/STM32/PWRMET_24G/Soft/PWRMETV0.1/Drivers/STM32F0xx_HAL_Driver/Src/stm32f0xx_hal_i2c.c
Invoking: MCU GCC Compiler
%cd%
arm-none-eabi-gcc -mcpu=cortex-m0 -mthumb -mfloat-abi=soft '-D__weak=__attribute__((weak))' '-D__packed=__attribute__((__packed__))' -DUSE_HAL_DRIVER -DSTM32F030x6 -I"C:/Users/Balazs/Documents/STM32/PWRMET_24G/Soft/PWRMETV0.1/Inc" -I"C:/Users/Balazs/Documents/STM32/PWRMET_24G/Soft/PWRMETV0.1/Drivers/STM32F0xx_HAL_Driver/Inc" -I"C:/Users/Balazs/Documents/STM32/PWRMET_24G/Soft/PWRMETV0.1/Drivers/STM32F0xx_HAL_Driver/Inc/Legacy" -I"C:/Users/Balazs/Documents/STM32/PWRMET_24G/Soft/PWRMETV0.1/Drivers/CMSIS/Device/ST/STM32F0xx/Include" -I"C:/Users/Balazs/Documents/STM32/PWRMET_24G/Soft/PWRMETV0.1/Drivers/CMSIS/Include"  -Og -g3 -Wall -fmessage-length=0 -ffunction-sections -c -fmessage-length=0 -MMD -MP -MF"Drivers/STM32F0xx_HAL_Driver/stm32f0xx_hal_i2c.d" -MT"Drivers/STM32F0xx_HAL_Driver/stm32f0xx_hal_i2c.o" -o "Drivers/STM32F0xx_HAL_Driver/stm32f0xx_hal_i2c.o" "C:/Users/Balazs/Documents/STM32/PWRMET_24G/Soft/PWRMETV0.1/Drivers/STM32F0xx_HAL_Driver/Src/stm32f0xx_hal_i2c.c"
Finished building: C:/Users/Balazs/Documents/STM32/PWRMET_24G/Soft/PWRMETV0.1/Drivers/STM32F0xx_HAL_Driver/Src/stm32f0xx_hal_i2c.c
 
Building file: C:/Users/Balazs/Documents/STM32/PWRMET_24G/Soft/PWRMETV0.1/Drivers/STM32F0xx_HAL_Driver/Src/stm32f0xx_hal_i2c_ex.c
Invoking: MCU GCC Compiler
%cd%
arm-none-eabi-gcc -mcpu=cortex-m0 -mthumb -mfloat-abi=soft '-D__weak=__attribute__((weak))' '-D__packed=__attribute__((__packed__))' -DUSE_HAL_DRIVER -DSTM32F030x6 -I"C:/Users/Balazs/Documents/STM32/PWRMET_24G/Soft/PWRMETV0.1/Inc" -I"C:/Users/Balazs/Documents/STM32/PWRMET_24G/Soft/PWRMETV0.1/Drivers/STM32F0xx_HAL_Driver/Inc" -I"C:/Users/Balazs/Documents/STM32/PWRMET_24G/Soft/PWRMETV0.1/Drivers/STM32F0xx_HAL_Driver/Inc/Legacy" -I"C:/Users/Balazs/Documents/STM32/PWRMET_24G/Soft/PWRMETV0.1/Drivers/CMSIS/Device/ST/STM32F0xx/Include" -I"C:/Users/Balazs/Documents/STM32/PWRMET_24G/Soft/PWRMETV0.1/Drivers/CMSIS/Include"  -Og -g3 -Wall -fmessage-length=0 -ffunction-sections -c -fmessage-length=0 -MMD -MP -MF"Drivers/STM32F0xx_HAL_Driver/stm32f0xx_hal_i2c_ex.d" -MT"Drivers/STM32F0xx_HAL_Driver/stm32f0xx_hal_i2c_ex.o" -o "Drivers/STM32F0xx_HAL_Driver/stm32f0xx_hal_i2c_ex.o" "C:/Users/Balazs/Documents/STM32/PWRMET_24G/Soft/PWRMETV0.1/Drivers/STM32F0xx_HAL_Driver/Src/stm32f0xx_hal_i2c_ex.c"
Finished building: C:/Users/Balazs/Documents/STM32/PWRMET_24G/Soft/PWRMETV0.1/Drivers/STM32F0xx_HAL_Driver/Src/stm32f0xx_hal_i2c_ex.c
 
Building file: C:/Users/Balazs/Documents/STM32/PWRMET_24G/Soft/PWRMETV0.1/Drivers/STM32F0xx_HAL_Driver/Src/stm32f0xx_hal_pwr.c
Invoking: MCU GCC Compiler
%cd%
arm-none-eabi-gcc -mcpu=cortex-m0 -mthumb -mfloat-abi=soft '-D__weak=__attribute__((weak))' '-D__packed=__attribute__((__packed__))' -DUSE_HAL_DRIVER -DSTM32F030x6 -I"C:/Users/Balazs/Documents/STM32/PWRMET_24G/Soft/PWRMETV0.1/Inc" -I"C:/Users/Balazs/Documents/STM32/PWRMET_24G/Soft/PWRMETV0.1/Drivers/STM32F0xx_HAL_Driver/Inc" -I"C:/Users/Balazs/Documents/STM32/PWRMET_24G/Soft/PWRMETV0.1/Drivers/STM32F0xx_HAL_Driver/Inc/Legacy" -I"C:/Users/Balazs/Documents/STM32/PWRMET_24G/Soft/PWRMETV0.1/Drivers/CMSIS/Device/ST/STM32F0xx/Include" -I"C:/Users/Balazs/Documents/STM32/PWRMET_24G/Soft/PWRMETV0.1/Drivers/CMSIS/Include"  -Og -g3 -Wall -fmessage-length=0 -ffunction-sections -c -fmessage-length=0 -MMD -MP -MF"Drivers/STM32F0xx_HAL_Driver/stm32f0xx_hal_pwr.d" -MT"Drivers/STM32F0xx_HAL_Driver/stm32f0xx_hal_pwr.o" -o "Drivers/STM32F0xx_HAL_Driver/stm32f0xx_hal_pwr.o" "C:/Users/Balazs/Documents/STM32/PWRMET_24G/Soft/PWRMETV0.1/Drivers/STM32F0xx_HAL_Driver/Src/stm32f0xx_hal_pwr.c"
Finished building: C:/Users/Balazs/Documents/STM32/PWRMET_24G/Soft/PWRMETV0.1/Drivers/STM32F0xx_HAL_Driver/Src/stm32f0xx_hal_pwr.c
 
Building file: C:/Users/Balazs/Documents/STM32/PWRMET_24G/Soft/PWRMETV0.1/Drivers/STM32F0xx_HAL_Driver/Src/stm32f0xx_hal_pwr_ex.c
Invoking: MCU GCC Compiler
%cd%
arm-none-eabi-gcc -mcpu=cortex-m0 -mthumb -mfloat-abi=soft '-D__weak=__attribute__((weak))' '-D__packed=__attribute__((__packed__))' -DUSE_HAL_DRIVER -DSTM32F030x6 -I"C:/Users/Balazs/Documents/STM32/PWRMET_24G/Soft/PWRMETV0.1/Inc" -I"C:/Users/Balazs/Documents/STM32/PWRMET_24G/Soft/PWRMETV0.1/Drivers/STM32F0xx_HAL_Driver/Inc" -I"C:/Users/Balazs/Documents/STM32/PWRMET_24G/Soft/PWRMETV0.1/Drivers/STM32F0xx_HAL_Driver/Inc/Legacy" -I"C:/Users/Balazs/Documents/STM32/PWRMET_24G/Soft/PWRMETV0.1/Drivers/CMSIS/Device/ST/STM32F0xx/Include" -I"C:/Users/Balazs/Documents/STM32/PWRMET_24G/Soft/PWRMETV0.1/Drivers/CMSIS/Include"  -Og -g3 -Wall -fmessage-length=0 -ffunction-sections -c -fmessage-length=0 -MMD -MP -MF"Drivers/STM32F0xx_HAL_Driver/stm32f0xx_hal_pwr_ex.d" -MT"Drivers/STM32F0xx_HAL_Driver/stm32f0xx_hal_pwr_ex.o" -o "Drivers/STM32F0xx_HAL_Driver/stm32f0xx_hal_pwr_ex.o" "C:/Users/Balazs/Documents/STM32/PWRMET_24G/Soft/PWRMETV0.1/Drivers/STM32F0xx_HAL_Driver/Src/stm32f0xx_hal_pwr_ex.c"
Finished building: C:/Users/Balazs/Documents/STM32/PWRMET_24G/Soft/PWRMETV0.1/Drivers/STM32F0xx_HAL_Driver/Src/stm32f0xx_hal_pwr_ex.c
 
Building file: C:/Users/Balazs/Documents/STM32/PWRMET_24G/Soft/PWRMETV0.1/Drivers/STM32F0xx_HAL_Driver/Src/stm32f0xx_hal_rcc.c
Invoking: MCU GCC Compiler
%cd%
arm-none-eabi-gcc -mcpu=cortex-m0 -mthumb -mfloat-abi=soft '-D__weak=__attribute__((weak))' '-D__packed=__attribute__((__packed__))' -DUSE_HAL_DRIVER -DSTM32F030x6 -I"C:/Users/Balazs/Documents/STM32/PWRMET_24G/Soft/PWRMETV0.1/Inc" -I"C:/Users/Balazs/Documents/STM32/PWRMET_24G/Soft/PWRMETV0.1/Drivers/STM32F0xx_HAL_Driver/Inc" -I"C:/Users/Balazs/Documents/STM32/PWRMET_24G/Soft/PWRMETV0.1/Drivers/STM32F0xx_HAL_Driver/Inc/Legacy" -I"C:/Users/Balazs/Documents/STM32/PWRMET_24G/Soft/PWRMETV0.1/Drivers/CMSIS/Device/ST/STM32F0xx/Include" -I"C:/Users/Balazs/Documents/STM32/PWRMET_24G/Soft/PWRMETV0.1/Drivers/CMSIS/Include"  -Og -g3 -Wall -fmessage-length=0 -ffunction-sections -c -fmessage-length=0 -MMD -MP -MF"Drivers/STM32F0xx_HAL_Driver/stm32f0xx_hal_rcc.d" -MT"Drivers/STM32F0xx_HAL_Driver/stm32f0xx_hal_rcc.o" -o "Drivers/STM32F0xx_HAL_Driver/stm32f0xx_hal_rcc.o" "C:/Users/Balazs/Documents/STM32/PWRMET_24G/Soft/PWRMETV0.1/Drivers/STM32F0xx_HAL_Driver/Src/stm32f0xx_hal_rcc.c"
Finished building: C:/Users/Balazs/Documents/STM32/PWRMET_24G/Soft/PWRMETV0.1/Drivers/STM32F0xx_HAL_Driver/Src/stm32f0xx_hal_rcc.c
 
Building file: C:/Users/Balazs/Documents/STM32/PWRMET_24G/Soft/PWRMETV0.1/Drivers/STM32F0xx_HAL_Driver/Src/stm32f0xx_hal_rcc_ex.c
Invoking: MCU GCC Compiler
%cd%
arm-none-eabi-gcc -mcpu=cortex-m0 -mthumb -mfloat-abi=soft '-D__weak=__attribute__((weak))' '-D__packed=__attribute__((__packed__))' -DUSE_HAL_DRIVER -DSTM32F030x6 -I"C:/Users/Balazs/Documents/STM32/PWRMET_24G/Soft/PWRMETV0.1/Inc" -I"C:/Users/Balazs/Documents/STM32/PWRMET_24G/Soft/PWRMETV0.1/Drivers/STM32F0xx_HAL_Driver/Inc" -I"C:/Users/Balazs/Documents/STM32/PWRMET_24G/Soft/PWRMETV0.1/Drivers/STM32F0xx_HAL_Driver/Inc/Legacy" -I"C:/Users/Balazs/Documents/STM32/PWRMET_24G/Soft/PWRMETV0.1/Drivers/CMSIS/Device/ST/STM32F0xx/Include" -I"C:/Users/Balazs/Documents/STM32/PWRMET_24G/Soft/PWRMETV0.1/Drivers/CMSIS/Include"  -Og -g3 -Wall -fmessage-length=0 -ffunction-sections -c -fmessage-length=0 -MMD -MP -MF"Drivers/STM32F0xx_HAL_Driver/stm32f0xx_hal_rcc_ex.d" -MT"Drivers/STM32F0xx_HAL_Driver/stm32f0xx_hal_rcc_ex.o" -o "Drivers/STM32F0xx_HAL_Driver/stm32f0xx_hal_rcc_ex.o" "C:/Users/Balazs/Documents/STM32/PWRMET_24G/Soft/PWRMETV0.1/Drivers/STM32F0xx_HAL_Driver/Src/stm32f0xx_hal_rcc_ex.c"
Finished building: C:/Users/Balazs/Documents/STM32/PWRMET_24G/Soft/PWRMETV0.1/Drivers/STM32F0xx_HAL_Driver/Src/stm32f0xx_hal_rcc_ex.c
 
Building file: C:/Users/Balazs/Documents/STM32/PWRMET_24G/Soft/PWRMETV0.1/Drivers/STM32F0xx_HAL_Driver/Src/stm32f0xx_hal_spi.c
Invoking: MCU GCC Compiler
%cd%
arm-none-eabi-gcc -mcpu=cortex-m0 -mthumb -mfloat-abi=soft '-D__weak=__attribute__((weak))' '-D__packed=__attribute__((__packed__))' -DUSE_HAL_DRIVER -DSTM32F030x6 -I"C:/Users/Balazs/Documents/STM32/PWRMET_24G/Soft/PWRMETV0.1/Inc" -I"C:/Users/Balazs/Documents/STM32/PWRMET_24G/Soft/PWRMETV0.1/Drivers/STM32F0xx_HAL_Driver/Inc" -I"C:/Users/Balazs/Documents/STM32/PWRMET_24G/Soft/PWRMETV0.1/Drivers/STM32F0xx_HAL_Driver/Inc/Legacy" -I"C:/Users/Balazs/Documents/STM32/PWRMET_24G/Soft/PWRMETV0.1/Drivers/CMSIS/Device/ST/STM32F0xx/Include" -I"C:/Users/Balazs/Documents/STM32/PWRMET_24G/Soft/PWRMETV0.1/Drivers/CMSIS/Include"  -Og -g3 -Wall -fmessage-length=0 -ffunction-sections -c -fmessage-length=0 -MMD -MP -MF"Drivers/STM32F0xx_HAL_Driver/stm32f0xx_hal_spi.d" -MT"Drivers/STM32F0xx_HAL_Driver/stm32f0xx_hal_spi.o" -o "Drivers/STM32F0xx_HAL_Driver/stm32f0xx_hal_spi.o" "C:/Users/Balazs/Documents/STM32/PWRMET_24G/Soft/PWRMETV0.1/Drivers/STM32F0xx_HAL_Driver/Src/stm32f0xx_hal_spi.c"
Finished building: C:/Users/Balazs/Documents/STM32/PWRMET_24G/Soft/PWRMETV0.1/Drivers/STM32F0xx_HAL_Driver/Src/stm32f0xx_hal_spi.c
 
Building file: C:/Users/Balazs/Documents/STM32/PWRMET_24G/Soft/PWRMETV0.1/Drivers/STM32F0xx_HAL_Driver/Src/stm32f0xx_hal_spi_ex.c
Invoking: MCU GCC Compiler
%cd%
arm-none-eabi-gcc -mcpu=cortex-m0 -mthumb -mfloat-abi=soft '-D__weak=__attribute__((weak))' '-D__packed=__attribute__((__packed__))' -DUSE_HAL_DRIVER -DSTM32F030x6 -I"C:/Users/Balazs/Documents/STM32/PWRMET_24G/Soft/PWRMETV0.1/Inc" -I"C:/Users/Balazs/Documents/STM32/PWRMET_24G/Soft/PWRMETV0.1/Drivers/STM32F0xx_HAL_Driver/Inc" -I"C:/Users/Balazs/Documents/STM32/PWRMET_24G/Soft/PWRMETV0.1/Drivers/STM32F0xx_HAL_Driver/Inc/Legacy" -I"C:/Users/Balazs/Documents/STM32/PWRMET_24G/Soft/PWRMETV0.1/Drivers/CMSIS/Device/ST/STM32F0xx/Include" -I"C:/Users/Balazs/Documents/STM32/PWRMET_24G/Soft/PWRMETV0.1/Drivers/CMSIS/Include"  -Og -g3 -Wall -fmessage-length=0 -ffunction-sections -c -fmessage-length=0 -MMD -MP -MF"Drivers/STM32F0xx_HAL_Driver/stm32f0xx_hal_spi_ex.d" -MT"Drivers/STM32F0xx_HAL_Driver/stm32f0xx_hal_spi_ex.o" -o "Drivers/STM32F0xx_HAL_Driver/stm32f0xx_hal_spi_ex.o" "C:/Users/Balazs/Documents/STM32/PWRMET_24G/Soft/PWRMETV0.1/Drivers/STM32F0xx_HAL_Driver/Src/stm32f0xx_hal_spi_ex.c"
Finished building: C:/Users/Balazs/Documents/STM32/PWRMET_24G/Soft/PWRMETV0.1/Drivers/STM32F0xx_HAL_Driver/Src/stm32f0xx_hal_spi_ex.c
 
Building file: C:/Users/Balazs/Documents/STM32/PWRMET_24G/Soft/PWRMETV0.1/Drivers/STM32F0xx_HAL_Driver/Src/stm32f0xx_hal_tim.c
Invoking: MCU GCC Compiler
%cd%
arm-none-eabi-gcc -mcpu=cortex-m0 -mthumb -mfloat-abi=soft '-D__weak=__attribute__((weak))' '-D__packed=__attribute__((__packed__))' -DUSE_HAL_DRIVER -DSTM32F030x6 -I"C:/Users/Balazs/Documents/STM32/PWRMET_24G/Soft/PWRMETV0.1/Inc" -I"C:/Users/Balazs/Documents/STM32/PWRMET_24G/Soft/PWRMETV0.1/Drivers/STM32F0xx_HAL_Driver/Inc" -I"C:/Users/Balazs/Documents/STM32/PWRMET_24G/Soft/PWRMETV0.1/Drivers/STM32F0xx_HAL_Driver/Inc/Legacy" -I"C:/Users/Balazs/Documents/STM32/PWRMET_24G/Soft/PWRMETV0.1/Drivers/CMSIS/Device/ST/STM32F0xx/Include" -I"C:/Users/Balazs/Documents/STM32/PWRMET_24G/Soft/PWRMETV0.1/Drivers/CMSIS/Include"  -Og -g3 -Wall -fmessage-length=0 -ffunction-sections -c -fmessage-length=0 -MMD -MP -MF"Drivers/STM32F0xx_HAL_Driver/stm32f0xx_hal_tim.d" -MT"Drivers/STM32F0xx_HAL_Driver/stm32f0xx_hal_tim.o" -o "Drivers/STM32F0xx_HAL_Driver/stm32f0xx_hal_tim.o" "C:/Users/Balazs/Documents/STM32/PWRMET_24G/Soft/PWRMETV0.1/Drivers/STM32F0xx_HAL_Driver/Src/stm32f0xx_hal_tim.c"
Finished building: C:/Users/Balazs/Documents/STM32/PWRMET_24G/Soft/PWRMETV0.1/Drivers/STM32F0xx_HAL_Driver/Src/stm32f0xx_hal_tim.c
 
Building file: C:/Users/Balazs/Documents/STM32/PWRMET_24G/Soft/PWRMETV0.1/Drivers/STM32F0xx_HAL_Driver/Src/stm32f0xx_hal_tim_ex.c
Invoking: MCU GCC Compiler
%cd%
arm-none-eabi-gcc -mcpu=cortex-m0 -mthumb -mfloat-abi=soft '-D__weak=__attribute__((weak))' '-D__packed=__attribute__((__packed__))' -DUSE_HAL_DRIVER -DSTM32F030x6 -I"C:/Users/Balazs/Documents/STM32/PWRMET_24G/Soft/PWRMETV0.1/Inc" -I"C:/Users/Balazs/Documents/STM32/PWRMET_24G/Soft/PWRMETV0.1/Drivers/STM32F0xx_HAL_Driver/Inc" -I"C:/Users/Balazs/Documents/STM32/PWRMET_24G/Soft/PWRMETV0.1/Drivers/STM32F0xx_HAL_Driver/Inc/Legacy" -I"C:/Users/Balazs/Documents/STM32/PWRMET_24G/Soft/PWRMETV0.1/Drivers/CMSIS/Device/ST/STM32F0xx/Include" -I"C:/Users/Balazs/Documents/STM32/PWRMET_24G/Soft/PWRMETV0.1/Drivers/CMSIS/Include"  -Og -g3 -Wall -fmessage-length=0 -ffunction-sections -c -fmessage-length=0 -MMD -MP -MF"Drivers/STM32F0xx_HAL_Driver/stm32f0xx_hal_tim_ex.d" -MT"Drivers/STM32F0xx_HAL_Driver/stm32f0xx_hal_tim_ex.o" -o "Drivers/STM32F0xx_HAL_Driver/stm32f0xx_hal_tim_ex.o" "C:/Users/Balazs/Documents/STM32/PWRMET_24G/Soft/PWRMETV0.1/Drivers/STM32F0xx_HAL_Driver/Src/stm32f0xx_hal_tim_ex.c"
Finished building: C:/Users/Balazs/Documents/STM32/PWRMET_24G/Soft/PWRMETV0.1/Drivers/STM32F0xx_HAL_Driver/Src/stm32f0xx_hal_tim_ex.c
 
Building file: C:/Users/Balazs/Documents/STM32/PWRMET_24G/Soft/PWRMETV0.1/Drivers/STM32F0xx_HAL_Driver/Src/stm32f0xx_hal_uart.c
Invoking: MCU GCC Compiler
%cd%
arm-none-eabi-gcc -mcpu=cortex-m0 -mthumb -mfloat-abi=soft '-D__weak=__attribute__((weak))' '-D__packed=__attribute__((__packed__))' -DUSE_HAL_DRIVER -DSTM32F030x6 -I"C:/Users/Balazs/Documents/STM32/PWRMET_24G/Soft/PWRMETV0.1/Inc" -I"C:/Users/Balazs/Documents/STM32/PWRMET_24G/Soft/PWRMETV0.1/Drivers/STM32F0xx_HAL_Driver/Inc" -I"C:/Users/Balazs/Documents/STM32/PWRMET_24G/Soft/PWRMETV0.1/Drivers/STM32F0xx_HAL_Driver/Inc/Legacy" -I"C:/Users/Balazs/Documents/STM32/PWRMET_24G/Soft/PWRMETV0.1/Drivers/CMSIS/Device/ST/STM32F0xx/Include" -I"C:/Users/Balazs/Documents/STM32/PWRMET_24G/Soft/PWRMETV0.1/Drivers/CMSIS/Include"  -Og -g3 -Wall -fmessage-length=0 -ffunction-sections -c -fmessage-length=0 -MMD -MP -MF"Drivers/STM32F0xx_HAL_Driver/stm32f0xx_hal_uart.d" -MT"Drivers/STM32F0xx_HAL_Driver/stm32f0xx_hal_uart.o" -o "Drivers/STM32F0xx_HAL_Driver/stm32f0xx_hal_uart.o" "C:/Users/Balazs/Documents/STM32/PWRMET_24G/Soft/PWRMETV0.1/Drivers/STM32F0xx_HAL_Driver/Src/stm32f0xx_hal_uart.c"
Finished building: C:/Users/Balazs/Documents/STM32/PWRMET_24G/Soft/PWRMETV0.1/Drivers/STM32F0xx_HAL_Driver/Src/stm32f0xx_hal_uart.c
 
Building file: C:/Users/Balazs/Documents/STM32/PWRMET_24G/Soft/PWRMETV0.1/Drivers/STM32F0xx_HAL_Driver/Src/stm32f0xx_hal_uart_ex.c
Invoking: MCU GCC Compiler
%cd%
arm-none-eabi-gcc -mcpu=cortex-m0 -mthumb -mfloat-abi=soft '-D__weak=__attribute__((weak))' '-D__packed=__attribute__((__packed__))' -DUSE_HAL_DRIVER -DSTM32F030x6 -I"C:/Users/Balazs/Documents/STM32/PWRMET_24G/Soft/PWRMETV0.1/Inc" -I"C:/Users/Balazs/Documents/STM32/PWRMET_24G/Soft/PWRMETV0.1/Drivers/STM32F0xx_HAL_Driver/Inc" -I"C:/Users/Balazs/Documents/STM32/PWRMET_24G/Soft/PWRMETV0.1/Drivers/STM32F0xx_HAL_Driver/Inc/Legacy" -I"C:/Users/Balazs/Documents/STM32/PWRMET_24G/Soft/PWRMETV0.1/Drivers/CMSIS/Device/ST/STM32F0xx/Include" -I"C:/Users/Balazs/Documents/STM32/PWRMET_24G/Soft/PWRMETV0.1/Drivers/CMSIS/Include"  -Og -g3 -Wall -fmessage-length=0 -ffunction-sections -c -fmessage-length=0 -MMD -MP -MF"Drivers/STM32F0xx_HAL_Driver/stm32f0xx_hal_uart_ex.d" -MT"Drivers/STM32F0xx_HAL_Driver/stm32f0xx_hal_uart_ex.o" -o "Drivers/STM32F0xx_HAL_Driver/stm32f0xx_hal_uart_ex.o" "C:/Users/Balazs/Documents/STM32/PWRMET_24G/Soft/PWRMETV0.1/Drivers/STM32F0xx_HAL_Driver/Src/stm32f0xx_hal_uart_ex.c"
Finished building: C:/Users/Balazs/Documents/STM32/PWRMET_24G/Soft/PWRMETV0.1/Drivers/STM32F0xx_HAL_Driver/Src/stm32f0xx_hal_uart_ex.c
 
Building file: C:/Users/Balazs/Documents/STM32/PWRMET_24G/Soft/PWRMETV0.1/Src/system_stm32f0xx.c
Invoking: MCU GCC Compiler
%cd%
arm-none-eabi-gcc -mcpu=cortex-m0 -mthumb -mfloat-abi=soft '-D__weak=__attribute__((weak))' '-D__packed=__attribute__((__packed__))' -DUSE_HAL_DRIVER -DSTM32F030x6 -I"C:/Users/Balazs/Documents/STM32/PWRMET_24G/Soft/PWRMETV0.1/Inc" -I"C:/Users/Balazs/Documents/STM32/PWRMET_24G/Soft/PWRMETV0.1/Drivers/STM32F0xx_HAL_Driver/Inc" -I"C:/Users/Balazs/Documents/STM32/PWRMET_24G/Soft/PWRMETV0.1/Drivers/STM32F0xx_HAL_Driver/Inc/Legacy" -I"C:/Users/Balazs/Documents/STM32/PWRMET_24G/Soft/PWRMETV0.1/Drivers/CMSIS/Device/ST/STM32F0xx/Include" -I"C:/Users/Balazs/Documents/STM32/PWRMET_24G/Soft/PWRMETV0.1/Drivers/CMSIS/Include"  -Og -g3 -Wall -fmessage-length=0 -ffunction-sections -c -fmessage-length=0 -MMD -MP -MF"Drivers/CMSIS/system_stm32f0xx.d" -MT"Drivers/CMSIS/system_stm32f0xx.o" -o "Drivers/CMSIS/system_stm32f0xx.o" "C:/Users/Balazs/Documents/STM32/PWRMET_24G/Soft/PWRMETV0.1/Src/system_stm32f0xx.c"
Finished building: C:/Users/Balazs/Documents/STM32/PWRMET_24G/Soft/PWRMETV0.1/Src/system_stm32f0xx.c
 
Building file: C:/Users/Balazs/Documents/STM32/PWRMET_24G/Soft/PWRMETV0.1/Src/gpio.c
Invoking: MCU GCC Compiler
%cd%
arm-none-eabi-gcc -mcpu=cortex-m0 -mthumb -mfloat-abi=soft '-D__weak=__attribute__((weak))' '-D__packed=__attribute__((__packed__))' -DUSE_HAL_DRIVER -DSTM32F030x6 -I"C:/Users/Balazs/Documents/STM32/PWRMET_24G/Soft/PWRMETV0.1/Inc" -I"C:/Users/Balazs/Documents/STM32/PWRMET_24G/Soft/PWRMETV0.1/Drivers/STM32F0xx_HAL_Driver/Inc" -I"C:/Users/Balazs/Documents/STM32/PWRMET_24G/Soft/PWRMETV0.1/Drivers/STM32F0xx_HAL_Driver/Inc/Legacy" -I"C:/Users/Balazs/Documents/STM32/PWRMET_24G/Soft/PWRMETV0.1/Drivers/CMSIS/Device/ST/STM32F0xx/Include" -I"C:/Users/Balazs/Documents/STM32/PWRMET_24G/Soft/PWRMETV0.1/Drivers/CMSIS/Include"  -Og -g3 -Wall -fmessage-length=0 -ffunction-sections -c -fmessage-length=0 -MMD -MP -MF"Application/User/gpio.d" -MT"Application/User/gpio.o" -o "Application/User/gpio.o" "C:/Users/Balazs/Documents/STM32/PWRMET_24G/Soft/PWRMETV0.1/Src/gpio.c"
Finished building: C:/Users/Balazs/Documents/STM32/PWRMET_24G/Soft/PWRMETV0.1/Src/gpio.c
 
Building file: C:/Users/Balazs/Documents/STM32/PWRMET_24G/Soft/PWRMETV0.1/Src/main.c
Invoking: MCU GCC Compiler
%cd%
arm-none-eabi-gcc -mcpu=cortex-m0 -mthumb -mfloat-abi=soft '-D__weak=__attribute__((weak))' '-D__packed=__attribute__((__packed__))' -DUSE_HAL_DRIVER -DSTM32F030x6 -I"C:/Users/Balazs/Documents/STM32/PWRMET_24G/Soft/PWRMETV0.1/Inc" -I"C:/Users/Balazs/Documents/STM32/PWRMET_24G/Soft/PWRMETV0.1/Drivers/STM32F0xx_HAL_Driver/Inc" -I"C:/Users/Balazs/Documents/STM32/PWRMET_24G/Soft/PWRMETV0.1/Drivers/STM32F0xx_HAL_Driver/Inc/Legacy" -I"C:/Users/Balazs/Documents/STM32/PWRMET_24G/Soft/PWRMETV0.1/Drivers/CMSIS/Device/ST/STM32F0xx/Include" -I"C:/Users/Balazs/Documents/STM32/PWRMET_24G/Soft/PWRMETV0.1/Drivers/CMSIS/Include"  -Og -g3 -Wall -fmessage-length=0 -ffunction-sections -c -fmessage-length=0 -MMD -MP -MF"Application/User/main.d" -MT"Application/User/main.o" -o "Application/User/main.o" "C:/Users/Balazs/Documents/STM32/PWRMET_24G/Soft/PWRMETV0.1/Src/main.c"
Finished building: C:/Users/Balazs/Documents/STM32/PWRMET_24G/Soft/PWRMETV0.1/Src/main.c
 
Building file: C:/Users/Balazs/Documents/STM32/PWRMET_24G/Soft/PWRMETV0.1/Src/spi.c
Invoking: MCU GCC Compiler
%cd%
arm-none-eabi-gcc -mcpu=cortex-m0 -mthumb -mfloat-abi=soft '-D__weak=__attribute__((weak))' '-D__packed=__attribute__((__packed__))' -DUSE_HAL_DRIVER -DSTM32F030x6 -I"C:/Users/Balazs/Documents/STM32/PWRMET_24G/Soft/PWRMETV0.1/Inc" -I"C:/Users/Balazs/Documents/STM32/PWRMET_24G/Soft/PWRMETV0.1/Drivers/STM32F0xx_HAL_Driver/Inc" -I"C:/Users/Balazs/Documents/STM32/PWRMET_24G/Soft/PWRMETV0.1/Drivers/STM32F0xx_HAL_Driver/Inc/Legacy" -I"C:/Users/Balazs/Documents/STM32/PWRMET_24G/Soft/PWRMETV0.1/Drivers/CMSIS/Device/ST/STM32F0xx/Include" -I"C:/Users/Balazs/Documents/STM32/PWRMET_24G/Soft/PWRMETV0.1/Drivers/CMSIS/Include"  -Og -g3 -Wall -fmessage-length=0 -ffunction-sections -c -fmessage-length=0 -MMD -MP -MF"Application/User/spi.d" -MT"Application/User/spi.o" -o "Application/User/spi.o" "C:/Users/Balazs/Documents/STM32/PWRMET_24G/Soft/PWRMETV0.1/Src/spi.c"
Finished building: C:/Users/Balazs/Documents/STM32/PWRMET_24G/Soft/PWRMETV0.1/Src/spi.c
 
Building file: C:/Users/Balazs/Documents/STM32/PWRMET_24G/Soft/PWRMETV0.1/Src/stm32f0xx_hal_msp.c
Invoking: MCU GCC Compiler
%cd%
arm-none-eabi-gcc -mcpu=cortex-m0 -mthumb -mfloat-abi=soft '-D__weak=__attribute__((weak))' '-D__packed=__attribute__((__packed__))' -DUSE_HAL_DRIVER -DSTM32F030x6 -I"C:/Users/Balazs/Documents/STM32/PWRMET_24G/Soft/PWRMETV0.1/Inc" -I"C:/Users/Balazs/Documents/STM32/PWRMET_24G/Soft/PWRMETV0.1/Drivers/STM32F0xx_HAL_Driver/Inc" -I"C:/Users/Balazs/Documents/STM32/PWRMET_24G/Soft/PWRMETV0.1/Drivers/STM32F0xx_HAL_Driver/Inc/Legacy" -I"C:/Users/Balazs/Documents/STM32/PWRMET_24G/Soft/PWRMETV0.1/Drivers/CMSIS/Device/ST/STM32F0xx/Include" -I"C:/Users/Balazs/Documents/STM32/PWRMET_24G/Soft/PWRMETV0.1/Drivers/CMSIS/Include"  -Og -g3 -Wall -fmessage-length=0 -ffunction-sections -c -fmessage-length=0 -MMD -MP -MF"Application/User/stm32f0xx_hal_msp.d" -MT"Application/User/stm32f0xx_hal_msp.o" -o "Application/User/stm32f0xx_hal_msp.o" "C:/Users/Balazs/Documents/STM32/PWRMET_24G/Soft/PWRMETV0.1/Src/stm32f0xx_hal_msp.c"
Finished building: C:/Users/Balazs/Documents/STM32/PWRMET_24G/Soft/PWRMETV0.1/Src/stm32f0xx_hal_msp.c
 
Building file: C:/Users/Balazs/Documents/STM32/PWRMET_24G/Soft/PWRMETV0.1/Src/stm32f0xx_it.c
Invoking: MCU GCC Compiler
%cd%
arm-none-eabi-gcc -mcpu=cortex-m0 -mthumb -mfloat-abi=soft '-D__weak=__attribute__((weak))' '-D__packed=__attribute__((__packed__))' -DUSE_HAL_DRIVER -DSTM32F030x6 -I"C:/Users/Balazs/Documents/STM32/PWRMET_24G/Soft/PWRMETV0.1/Inc" -I"C:/Users/Balazs/Documents/STM32/PWRMET_24G/Soft/PWRMETV0.1/Drivers/STM32F0xx_HAL_Driver/Inc" -I"C:/Users/Balazs/Documents/STM32/PWRMET_24G/Soft/PWRMETV0.1/Drivers/STM32F0xx_HAL_Driver/Inc/Legacy" -I"C:/Users/Balazs/Documents/STM32/PWRMET_24G/Soft/PWRMETV0.1/Drivers/CMSIS/Device/ST/STM32F0xx/Include" -I"C:/Users/Balazs/Documents/STM32/PWRMET_24G/Soft/PWRMETV0.1/Drivers/CMSIS/Include"  -Og -g3 -Wall -fmessage-length=0 -ffunction-sections -c -fmessage-length=0 -MMD -MP -MF"Application/User/stm32f0xx_it.d" -MT"Application/User/stm32f0xx_it.o" -o "Application/User/stm32f0xx_it.o" "C:/Users/Balazs/Documents/STM32/PWRMET_24G/Soft/PWRMETV0.1/Src/stm32f0xx_it.c"
Finished building: C:/Users/Balazs/Documents/STM32/PWRMET_24G/Soft/PWRMETV0.1/Src/stm32f0xx_it.c
 
Building file: C:/Users/Balazs/Documents/STM32/PWRMET_24G/Soft/PWRMETV0.1/Src/tim.c
Invoking: MCU GCC Compiler
%cd%
arm-none-eabi-gcc -mcpu=cortex-m0 -mthumb -mfloat-abi=soft '-D__weak=__attribute__((weak))' '-D__packed=__attribute__((__packed__))' -DUSE_HAL_DRIVER -DSTM32F030x6 -I"C:/Users/Balazs/Documents/STM32/PWRMET_24G/Soft/PWRMETV0.1/Inc" -I"C:/Users/Balazs/Documents/STM32/PWRMET_24G/Soft/PWRMETV0.1/Drivers/STM32F0xx_HAL_Driver/Inc" -I"C:/Users/Balazs/Documents/STM32/PWRMET_24G/Soft/PWRMETV0.1/Drivers/STM32F0xx_HAL_Driver/Inc/Legacy" -I"C:/Users/Balazs/Documents/STM32/PWRMET_24G/Soft/PWRMETV0.1/Drivers/CMSIS/Device/ST/STM32F0xx/Include" -I"C:/Users/Balazs/Documents/STM32/PWRMET_24G/Soft/PWRMETV0.1/Drivers/CMSIS/Include"  -Og -g3 -Wall -fmessage-length=0 -ffunction-sections -c -fmessage-length=0 -MMD -MP -MF"Application/User/tim.d" -MT"Application/User/tim.o" -o "Application/User/tim.o" "C:/Users/Balazs/Documents/STM32/PWRMET_24G/Soft/PWRMETV0.1/Src/tim.c"
Finished building: C:/Users/Balazs/Documents/STM32/PWRMET_24G/Soft/PWRMETV0.1/Src/tim.c
 
Building file: C:/Users/Balazs/Documents/STM32/PWRMET_24G/Soft/PWRMETV0.1/Src/usart.c
Invoking: MCU GCC Compiler
%cd%
arm-none-eabi-gcc -mcpu=cortex-m0 -mthumb -mfloat-abi=soft '-D__weak=__attribute__((weak))' '-D__packed=__attribute__((__packed__))' -DUSE_HAL_DRIVER -DSTM32F030x6 -I"C:/Users/Balazs/Documents/STM32/PWRMET_24G/Soft/PWRMETV0.1/Inc" -I"C:/Users/Balazs/Documents/STM32/PWRMET_24G/Soft/PWRMETV0.1/Drivers/STM32F0xx_HAL_Driver/Inc" -I"C:/Users/Balazs/Documents/STM32/PWRMET_24G/Soft/PWRMETV0.1/Drivers/STM32F0xx_HAL_Driver/Inc/Legacy" -I"C:/Users/Balazs/Documents/STM32/PWRMET_24G/Soft/PWRMETV0.1/Drivers/CMSIS/Device/ST/STM32F0xx/Include" -I"C:/Users/Balazs/Documents/STM32/PWRMET_24G/Soft/PWRMETV0.1/Drivers/CMSIS/Include"  -Og -g3 -Wall -fmessage-length=0 -ffunction-sections -c -fmessage-length=0 -MMD -MP -MF"Application/User/usart.d" -MT"Application/User/usart.o" -o "Application/User/usart.o" "C:/Users/Balazs/Documents/STM32/PWRMET_24G/Soft/PWRMETV0.1/Src/usart.c"
Finished building: C:/Users/Balazs/Documents/STM32/PWRMET_24G/Soft/PWRMETV0.1/Src/usart.c
 
Building file: C:/Users/Balazs/Documents/STM32/PWRMET_24G/Soft/PWRMETV0.1/SW4STM32/startup_stm32f030x6.s
Invoking: MCU GCC Assembler
%cd%
arm-none-eabi-as -mcpu=cortex-m0 -mthumb -mfloat-abi=soft -g -o "Application/SW4STM32/startup_stm32f030x6.o" "C:/Users/Balazs/Documents/STM32/PWRMET_24G/Soft/PWRMETV0.1/SW4STM32/startup_stm32f030x6.s"
Finished building: C:/Users/Balazs/Documents/STM32/PWRMET_24G/Soft/PWRMETV0.1/SW4STM32/startup_stm32f030x6.s
 
Building target: PWRMETV0.1.elf
Invoking: MCU GCC Linker
arm-none-eabi-gcc -mcpu=cortex-m0 -mthumb -mfloat-abi=soft -specs=nosys.specs -specs=nano.specs -T"../STM32F030F4Px_FLASH.ld" -Wl,-Map=output.map -Wl,--gc-sections -lm -o "PWRMETV0.1.elf" @"objects.list"  
Finished building target: PWRMETV0.1.elf
 
make --no-print-directory post-build
Generating binary and Printing size information:
arm-none-eabi-objcopy -O binary "PWRMETV0.1.elf" "PWRMETV0.1.bin"
arm-none-eabi-size "PWRMETV0.1.elf"
   text	   data	    bss	    dec	    hex	filename
   6628	     12	   1844	   8484	   2124	PWRMETV0.1.elf
 
10:13:50 **** Incremental Build of configuration Debug for project PWRMETV0.1 ****
make all 
make: Nothing to be done for `all'.
10:14:27 **** Clean-only build of configuration Debug for project PWRMETV0.1 ****
make clean 
rm -rf *
 
10:14:32 **** Build of configuration Debug for project PWRMETV0.1 ****
make all 
Building file: C:/Users/Balazs/Documents/STM32/PWRMET_24G/Soft/PWRMETV0.1/Drivers/STM32F0xx_HAL_Driver/Src/stm32f0xx_hal.c
Invoking: MCU GCC Compiler
%cd%
arm-none-eabi-gcc -mcpu=cortex-m0 -mthumb -mfloat-abi=soft '-D__weak=__attribute__((weak))' '-D__packed=__attribute__((__packed__))' -DUSE_HAL_DRIVER -DSTM32F030x6 -I"C:/Users/Balazs/Documents/STM32/PWRMET_24G/Soft/PWRMETV0.1/Inc" -I"C:/Users/Balazs/Documents/STM32/PWRMET_24G/Soft/PWRMETV0.1/Drivers/STM32F0xx_HAL_Driver/Inc" -I"C:/Users/Balazs/Documents/STM32/PWRMET_24G/Soft/PWRMETV0.1/Drivers/STM32F0xx_HAL_Driver/Inc/Legacy" -I"C:/Users/Balazs/Documents/STM32/PWRMET_24G/Soft/PWRMETV0.1/Drivers/CMSIS/Device/ST/STM32F0xx/Include" -I"C:/Users/Balazs/Documents/STM32/PWRMET_24G/Soft/PWRMETV0.1/Drivers/CMSIS/Include"  -Og -g3 -Wall -fmessage-length=0 -ffunction-sections -c -fmessage-length=0 -MMD -MP -MF"Drivers/STM32F0xx_HAL_Driver/stm32f0xx_hal.d" -MT"Drivers/STM32F0xx_HAL_Driver/stm32f0xx_hal.o" -o "Drivers/STM32F0xx_HAL_Driver/stm32f0xx_hal.o" "C:/Users/Balazs/Documents/STM32/PWRMET_24G/Soft/PWRMETV0.1/Drivers/STM32F0xx_HAL_Driver/Src/stm32f0xx_hal.c"
Finished building: C:/Users/Balazs/Documents/STM32/PWRMET_24G/Soft/PWRMETV0.1/Drivers/STM32F0xx_HAL_Driver/Src/stm32f0xx_hal.c
 
Building file: C:/Users/Balazs/Documents/STM32/PWRMET_24G/Soft/PWRMETV0.1/Drivers/STM32F0xx_HAL_Driver/Src/stm32f0xx_hal_cortex.c
Invoking: MCU GCC Compiler
%cd%
arm-none-eabi-gcc -mcpu=cortex-m0 -mthumb -mfloat-abi=soft '-D__weak=__attribute__((weak))' '-D__packed=__attribute__((__packed__))' -DUSE_HAL_DRIVER -DSTM32F030x6 -I"C:/Users/Balazs/Documents/STM32/PWRMET_24G/Soft/PWRMETV0.1/Inc" -I"C:/Users/Balazs/Documents/STM32/PWRMET_24G/Soft/PWRMETV0.1/Drivers/STM32F0xx_HAL_Driver/Inc" -I"C:/Users/Balazs/Documents/STM32/PWRMET_24G/Soft/PWRMETV0.1/Drivers/STM32F0xx_HAL_Driver/Inc/Legacy" -I"C:/Users/Balazs/Documents/STM32/PWRMET_24G/Soft/PWRMETV0.1/Drivers/CMSIS/Device/ST/STM32F0xx/Include" -I"C:/Users/Balazs/Documents/STM32/PWRMET_24G/Soft/PWRMETV0.1/Drivers/CMSIS/Include"  -Og -g3 -Wall -fmessage-length=0 -ffunction-sections -c -fmessage-length=0 -MMD -MP -MF"Drivers/STM32F0xx_HAL_Driver/stm32f0xx_hal_cortex.d" -MT"Drivers/STM32F0xx_HAL_Driver/stm32f0xx_hal_cortex.o" -o "Drivers/STM32F0xx_HAL_Driver/stm32f0xx_hal_cortex.o" "C:/Users/Balazs/Documents/STM32/PWRMET_24G/Soft/PWRMETV0.1/Drivers/STM32F0xx_HAL_Driver/Src/stm32f0xx_hal_cortex.c"
Finished building: C:/Users/Balazs/Documents/STM32/PWRMET_24G/Soft/PWRMETV0.1/Drivers/STM32F0xx_HAL_Driver/Src/stm32f0xx_hal_cortex.c
 
Building file: C:/Users/Balazs/Documents/STM32/PWRMET_24G/Soft/PWRMETV0.1/Drivers/STM32F0xx_HAL_Driver/Src/stm32f0xx_hal_dma.c
Invoking: MCU GCC Compiler
%cd%
arm-none-eabi-gcc -mcpu=cortex-m0 -mthumb -mfloat-abi=soft '-D__weak=__attribute__((weak))' '-D__packed=__attribute__((__packed__))' -DUSE_HAL_DRIVER -DSTM32F030x6 -I"C:/Users/Balazs/Documents/STM32/PWRMET_24G/Soft/PWRMETV0.1/Inc" -I"C:/Users/Balazs/Documents/STM32/PWRMET_24G/Soft/PWRMETV0.1/Drivers/STM32F0xx_HAL_Driver/Inc" -I"C:/Users/Balazs/Documents/STM32/PWRMET_24G/Soft/PWRMETV0.1/Drivers/STM32F0xx_HAL_Driver/Inc/Legacy" -I"C:/Users/Balazs/Documents/STM32/PWRMET_24G/Soft/PWRMETV0.1/Drivers/CMSIS/Device/ST/STM32F0xx/Include" -I"C:/Users/Balazs/Documents/STM32/PWRMET_24G/Soft/PWRMETV0.1/Drivers/CMSIS/Include"  -Og -g3 -Wall -fmessage-length=0 -ffunction-sections -c -fmessage-length=0 -MMD -MP -MF"Drivers/STM32F0xx_HAL_Driver/stm32f0xx_hal_dma.d" -MT"Drivers/STM32F0xx_HAL_Driver/stm32f0xx_hal_dma.o" -o "Drivers/STM32F0xx_HAL_Driver/stm32f0xx_hal_dma.o" "C:/Users/Balazs/Documents/STM32/PWRMET_24G/Soft/PWRMETV0.1/Drivers/STM32F0xx_HAL_Driver/Src/stm32f0xx_hal_dma.c"
Finished building: C:/Users/Balazs/Documents/STM32/PWRMET_24G/Soft/PWRMETV0.1/Drivers/STM32F0xx_HAL_Driver/Src/stm32f0xx_hal_dma.c
 
Building file: C:/Users/Balazs/Documents/STM32/PWRMET_24G/Soft/PWRMETV0.1/Drivers/STM32F0xx_HAL_Driver/Src/stm32f0xx_hal_flash.c
Invoking: MCU GCC Compiler
%cd%
arm-none-eabi-gcc -mcpu=cortex-m0 -mthumb -mfloat-abi=soft '-D__weak=__attribute__((weak))' '-D__packed=__attribute__((__packed__))' -DUSE_HAL_DRIVER -DSTM32F030x6 -I"C:/Users/Balazs/Documents/STM32/PWRMET_24G/Soft/PWRMETV0.1/Inc" -I"C:/Users/Balazs/Documents/STM32/PWRMET_24G/Soft/PWRMETV0.1/Drivers/STM32F0xx_HAL_Driver/Inc" -I"C:/Users/Balazs/Documents/STM32/PWRMET_24G/Soft/PWRMETV0.1/Drivers/STM32F0xx_HAL_Driver/Inc/Legacy" -I"C:/Users/Balazs/Documents/STM32/PWRMET_24G/Soft/PWRMETV0.1/Drivers/CMSIS/Device/ST/STM32F0xx/Include" -I"C:/Users/Balazs/Documents/STM32/PWRMET_24G/Soft/PWRMETV0.1/Drivers/CMSIS/Include"  -Og -g3 -Wall -fmessage-length=0 -ffunction-sections -c -fmessage-length=0 -MMD -MP -MF"Drivers/STM32F0xx_HAL_Driver/stm32f0xx_hal_flash.d" -MT"Drivers/STM32F0xx_HAL_Driver/stm32f0xx_hal_flash.o" -o "Drivers/STM32F0xx_HAL_Driver/stm32f0xx_hal_flash.o" "C:/Users/Balazs/Documents/STM32/PWRMET_24G/Soft/PWRMETV0.1/Drivers/STM32F0xx_HAL_Driver/Src/stm32f0xx_hal_flash.c"
Finished building: C:/Users/Balazs/Documents/STM32/PWRMET_24G/Soft/PWRMETV0.1/Drivers/STM32F0xx_HAL_Driver/Src/stm32f0xx_hal_flash.c
 
Building file: C:/Users/Balazs/Documents/STM32/PWRMET_24G/Soft/PWRMETV0.1/Drivers/STM32F0xx_HAL_Driver/Src/stm32f0xx_hal_flash_ex.c
Invoking: MCU GCC Compiler
%cd%
arm-none-eabi-gcc -mcpu=cortex-m0 -mthumb -mfloat-abi=soft '-D__weak=__attribute__((weak))' '-D__packed=__attribute__((__packed__))' -DUSE_HAL_DRIVER -DSTM32F030x6 -I"C:/Users/Balazs/Documents/STM32/PWRMET_24G/Soft/PWRMETV0.1/Inc" -I"C:/Users/Balazs/Documents/STM32/PWRMET_24G/Soft/PWRMETV0.1/Drivers/STM32F0xx_HAL_Driver/Inc" -I"C:/Users/Balazs/Documents/STM32/PWRMET_24G/Soft/PWRMETV0.1/Drivers/STM32F0xx_HAL_Driver/Inc/Legacy" -I"C:/Users/Balazs/Documents/STM32/PWRMET_24G/Soft/PWRMETV0.1/Drivers/CMSIS/Device/ST/STM32F0xx/Include" -I"C:/Users/Balazs/Documents/STM32/PWRMET_24G/Soft/PWRMETV0.1/Drivers/CMSIS/Include"  -Og -g3 -Wall -fmessage-length=0 -ffunction-sections -c -fmessage-length=0 -MMD -MP -MF"Drivers/STM32F0xx_HAL_Driver/stm32f0xx_hal_flash_ex.d" -MT"Drivers/STM32F0xx_HAL_Driver/stm32f0xx_hal_flash_ex.o" -o "Drivers/STM32F0xx_HAL_Driver/stm32f0xx_hal_flash_ex.o" "C:/Users/Balazs/Documents/STM32/PWRMET_24G/Soft/PWRMETV0.1/Drivers/STM32F0xx_HAL_Driver/Src/stm32f0xx_hal_flash_ex.c"
Finished building: C:/Users/Balazs/Documents/STM32/PWRMET_24G/Soft/PWRMETV0.1/Drivers/STM32F0xx_HAL_Driver/Src/stm32f0xx_hal_flash_ex.c
 
Building file: C:/Users/Balazs/Documents/STM32/PWRMET_24G/Soft/PWRMETV0.1/Drivers/STM32F0xx_HAL_Driver/Src/stm32f0xx_hal_gpio.c
Invoking: MCU GCC Compiler
%cd%
arm-none-eabi-gcc -mcpu=cortex-m0 -mthumb -mfloat-abi=soft '-D__weak=__attribute__((weak))' '-D__packed=__attribute__((__packed__))' -DUSE_HAL_DRIVER -DSTM32F030x6 -I"C:/Users/Balazs/Documents/STM32/PWRMET_24G/Soft/PWRMETV0.1/Inc" -I"C:/Users/Balazs/Documents/STM32/PWRMET_24G/Soft/PWRMETV0.1/Drivers/STM32F0xx_HAL_Driver/Inc" -I"C:/Users/Balazs/Documents/STM32/PWRMET_24G/Soft/PWRMETV0.1/Drivers/STM32F0xx_HAL_Driver/Inc/Legacy" -I"C:/Users/Balazs/Documents/STM32/PWRMET_24G/Soft/PWRMETV0.1/Drivers/CMSIS/Device/ST/STM32F0xx/Include" -I"C:/Users/Balazs/Documents/STM32/PWRMET_24G/Soft/PWRMETV0.1/Drivers/CMSIS/Include"  -Og -g3 -Wall -fmessage-length=0 -ffunction-sections -c -fmessage-length=0 -MMD -MP -MF"Drivers/STM32F0xx_HAL_Driver/stm32f0xx_hal_gpio.d" -MT"Drivers/STM32F0xx_HAL_Driver/stm32f0xx_hal_gpio.o" -o "Drivers/STM32F0xx_HAL_Driver/stm32f0xx_hal_gpio.o" "C:/Users/Balazs/Documents/STM32/PWRMET_24G/Soft/PWRMETV0.1/Drivers/STM32F0xx_HAL_Driver/Src/stm32f0xx_hal_gpio.c"
Finished building: C:/Users/Balazs/Documents/STM32/PWRMET_24G/Soft/PWRMETV0.1/Drivers/STM32F0xx_HAL_Driver/Src/stm32f0xx_hal_gpio.c
 
Building file: C:/Users/Balazs/Documents/STM32/PWRMET_24G/Soft/PWRMETV0.1/Drivers/STM32F0xx_HAL_Driver/Src/stm32f0xx_hal_i2c.c
Invoking: MCU GCC Compiler
%cd%
arm-none-eabi-gcc -mcpu=cortex-m0 -mthumb -mfloat-abi=soft '-D__weak=__attribute__((weak))' '-D__packed=__attribute__((__packed__))' -DUSE_HAL_DRIVER -DSTM32F030x6 -I"C:/Users/Balazs/Documents/STM32/PWRMET_24G/Soft/PWRMETV0.1/Inc" -I"C:/Users/Balazs/Documents/STM32/PWRMET_24G/Soft/PWRMETV0.1/Drivers/STM32F0xx_HAL_Driver/Inc" -I"C:/Users/Balazs/Documents/STM32/PWRMET_24G/Soft/PWRMETV0.1/Drivers/STM32F0xx_HAL_Driver/Inc/Legacy" -I"C:/Users/Balazs/Documents/STM32/PWRMET_24G/Soft/PWRMETV0.1/Drivers/CMSIS/Device/ST/STM32F0xx/Include" -I"C:/Users/Balazs/Documents/STM32/PWRMET_24G/Soft/PWRMETV0.1/Drivers/CMSIS/Include"  -Og -g3 -Wall -fmessage-length=0 -ffunction-sections -c -fmessage-length=0 -MMD -MP -MF"Drivers/STM32F0xx_HAL_Driver/stm32f0xx_hal_i2c.d" -MT"Drivers/STM32F0xx_HAL_Driver/stm32f0xx_hal_i2c.o" -o "Drivers/STM32F0xx_HAL_Driver/stm32f0xx_hal_i2c.o" "C:/Users/Balazs/Documents/STM32/PWRMET_24G/Soft/PWRMETV0.1/Drivers/STM32F0xx_HAL_Driver/Src/stm32f0xx_hal_i2c.c"
Finished building: C:/Users/Balazs/Documents/STM32/PWRMET_24G/Soft/PWRMETV0.1/Drivers/STM32F0xx_HAL_Driver/Src/stm32f0xx_hal_i2c.c
 
Building file: C:/Users/Balazs/Documents/STM32/PWRMET_24G/Soft/PWRMETV0.1/Drivers/STM32F0xx_HAL_Driver/Src/stm32f0xx_hal_i2c_ex.c
Invoking: MCU GCC Compiler
%cd%
arm-none-eabi-gcc -mcpu=cortex-m0 -mthumb -mfloat-abi=soft '-D__weak=__attribute__((weak))' '-D__packed=__attribute__((__packed__))' -DUSE_HAL_DRIVER -DSTM32F030x6 -I"C:/Users/Balazs/Documents/STM32/PWRMET_24G/Soft/PWRMETV0.1/Inc" -I"C:/Users/Balazs/Documents/STM32/PWRMET_24G/Soft/PWRMETV0.1/Drivers/STM32F0xx_HAL_Driver/Inc" -I"C:/Users/Balazs/Documents/STM32/PWRMET_24G/Soft/PWRMETV0.1/Drivers/STM32F0xx_HAL_Driver/Inc/Legacy" -I"C:/Users/Balazs/Documents/STM32/PWRMET_24G/Soft/PWRMETV0.1/Drivers/CMSIS/Device/ST/STM32F0xx/Include" -I"C:/Users/Balazs/Documents/STM32/PWRMET_24G/Soft/PWRMETV0.1/Drivers/CMSIS/Include"  -Og -g3 -Wall -fmessage-length=0 -ffunction-sections -c -fmessage-length=0 -MMD -MP -MF"Drivers/STM32F0xx_HAL_Driver/stm32f0xx_hal_i2c_ex.d" -MT"Drivers/STM32F0xx_HAL_Driver/stm32f0xx_hal_i2c_ex.o" -o "Drivers/STM32F0xx_HAL_Driver/stm32f0xx_hal_i2c_ex.o" "C:/Users/Balazs/Documents/STM32/PWRMET_24G/Soft/PWRMETV0.1/Drivers/STM32F0xx_HAL_Driver/Src/stm32f0xx_hal_i2c_ex.c"
Finished building: C:/Users/Balazs/Documents/STM32/PWRMET_24G/Soft/PWRMETV0.1/Drivers/STM32F0xx_HAL_Driver/Src/stm32f0xx_hal_i2c_ex.c
 
Building file: C:/Users/Balazs/Documents/STM32/PWRMET_24G/Soft/PWRMETV0.1/Drivers/STM32F0xx_HAL_Driver/Src/stm32f0xx_hal_pwr.c
Invoking: MCU GCC Compiler
%cd%
arm-none-eabi-gcc -mcpu=cortex-m0 -mthumb -mfloat-abi=soft '-D__weak=__attribute__((weak))' '-D__packed=__attribute__((__packed__))' -DUSE_HAL_DRIVER -DSTM32F030x6 -I"C:/Users/Balazs/Documents/STM32/PWRMET_24G/Soft/PWRMETV0.1/Inc" -I"C:/Users/Balazs/Documents/STM32/PWRMET_24G/Soft/PWRMETV0.1/Drivers/STM32F0xx_HAL_Driver/Inc" -I"C:/Users/Balazs/Documents/STM32/PWRMET_24G/Soft/PWRMETV0.1/Drivers/STM32F0xx_HAL_Driver/Inc/Legacy" -I"C:/Users/Balazs/Documents/STM32/PWRMET_24G/Soft/PWRMETV0.1/Drivers/CMSIS/Device/ST/STM32F0xx/Include" -I"C:/Users/Balazs/Documents/STM32/PWRMET_24G/Soft/PWRMETV0.1/Drivers/CMSIS/Include"  -Og -g3 -Wall -fmessage-length=0 -ffunction-sections -c -fmessage-length=0 -MMD -MP -MF"Drivers/STM32F0xx_HAL_Driver/stm32f0xx_hal_pwr.d" -MT"Drivers/STM32F0xx_HAL_Driver/stm32f0xx_hal_pwr.o" -o "Drivers/STM32F0xx_HAL_Driver/stm32f0xx_hal_pwr.o" "C:/Users/Balazs/Documents/STM32/PWRMET_24G/Soft/PWRMETV0.1/Drivers/STM32F0xx_HAL_Driver/Src/stm32f0xx_hal_pwr.c"
Finished building: C:/Users/Balazs/Documents/STM32/PWRMET_24G/Soft/PWRMETV0.1/Drivers/STM32F0xx_HAL_Driver/Src/stm32f0xx_hal_pwr.c
 
Building file: C:/Users/Balazs/Documents/STM32/PWRMET_24G/Soft/PWRMETV0.1/Drivers/STM32F0xx_HAL_Driver/Src/stm32f0xx_hal_pwr_ex.c
Invoking: MCU GCC Compiler
%cd%
arm-none-eabi-gcc -mcpu=cortex-m0 -mthumb -mfloat-abi=soft '-D__weak=__attribute__((weak))' '-D__packed=__attribute__((__packed__))' -DUSE_HAL_DRIVER -DSTM32F030x6 -I"C:/Users/Balazs/Documents/STM32/PWRMET_24G/Soft/PWRMETV0.1/Inc" -I"C:/Users/Balazs/Documents/STM32/PWRMET_24G/Soft/PWRMETV0.1/Drivers/STM32F0xx_HAL_Driver/Inc" -I"C:/Users/Balazs/Documents/STM32/PWRMET_24G/Soft/PWRMETV0.1/Drivers/STM32F0xx_HAL_Driver/Inc/Legacy" -I"C:/Users/Balazs/Documents/STM32/PWRMET_24G/Soft/PWRMETV0.1/Drivers/CMSIS/Device/ST/STM32F0xx/Include" -I"C:/Users/Balazs/Documents/STM32/PWRMET_24G/Soft/PWRMETV0.1/Drivers/CMSIS/Include"  -Og -g3 -Wall -fmessage-length=0 -ffunction-sections -c -fmessage-length=0 -MMD -MP -MF"Drivers/STM32F0xx_HAL_Driver/stm32f0xx_hal_pwr_ex.d" -MT"Drivers/STM32F0xx_HAL_Driver/stm32f0xx_hal_pwr_ex.o" -o "Drivers/STM32F0xx_HAL_Driver/stm32f0xx_hal_pwr_ex.o" "C:/Users/Balazs/Documents/STM32/PWRMET_24G/Soft/PWRMETV0.1/Drivers/STM32F0xx_HAL_Driver/Src/stm32f0xx_hal_pwr_ex.c"
Finished building: C:/Users/Balazs/Documents/STM32/PWRMET_24G/Soft/PWRMETV0.1/Drivers/STM32F0xx_HAL_Driver/Src/stm32f0xx_hal_pwr_ex.c
 
Building file: C:/Users/Balazs/Documents/STM32/PWRMET_24G/Soft/PWRMETV0.1/Drivers/STM32F0xx_HAL_Driver/Src/stm32f0xx_hal_rcc.c
Invoking: MCU GCC Compiler
%cd%
arm-none-eabi-gcc -mcpu=cortex-m0 -mthumb -mfloat-abi=soft '-D__weak=__attribute__((weak))' '-D__packed=__attribute__((__packed__))' -DUSE_HAL_DRIVER -DSTM32F030x6 -I"C:/Users/Balazs/Documents/STM32/PWRMET_24G/Soft/PWRMETV0.1/Inc" -I"C:/Users/Balazs/Documents/STM32/PWRMET_24G/Soft/PWRMETV0.1/Drivers/STM32F0xx_HAL_Driver/Inc" -I"C:/Users/Balazs/Documents/STM32/PWRMET_24G/Soft/PWRMETV0.1/Drivers/STM32F0xx_HAL_Driver/Inc/Legacy" -I"C:/Users/Balazs/Documents/STM32/PWRMET_24G/Soft/PWRMETV0.1/Drivers/CMSIS/Device/ST/STM32F0xx/Include" -I"C:/Users/Balazs/Documents/STM32/PWRMET_24G/Soft/PWRMETV0.1/Drivers/CMSIS/Include"  -Og -g3 -Wall -fmessage-length=0 -ffunction-sections -c -fmessage-length=0 -MMD -MP -MF"Drivers/STM32F0xx_HAL_Driver/stm32f0xx_hal_rcc.d" -MT"Drivers/STM32F0xx_HAL_Driver/stm32f0xx_hal_rcc.o" -o "Drivers/STM32F0xx_HAL_Driver/stm32f0xx_hal_rcc.o" "C:/Users/Balazs/Documents/STM32/PWRMET_24G/Soft/PWRMETV0.1/Drivers/STM32F0xx_HAL_Driver/Src/stm32f0xx_hal_rcc.c"
Finished building: C:/Users/Balazs/Documents/STM32/PWRMET_24G/Soft/PWRMETV0.1/Drivers/STM32F0xx_HAL_Driver/Src/stm32f0xx_hal_rcc.c
 
Building file: C:/Users/Balazs/Documents/STM32/PWRMET_24G/Soft/PWRMETV0.1/Drivers/STM32F0xx_HAL_Driver/Src/stm32f0xx_hal_rcc_ex.c
Invoking: MCU GCC Compiler
%cd%
arm-none-eabi-gcc -mcpu=cortex-m0 -mthumb -mfloat-abi=soft '-D__weak=__attribute__((weak))' '-D__packed=__attribute__((__packed__))' -DUSE_HAL_DRIVER -DSTM32F030x6 -I"C:/Users/Balazs/Documents/STM32/PWRMET_24G/Soft/PWRMETV0.1/Inc" -I"C:/Users/Balazs/Documents/STM32/PWRMET_24G/Soft/PWRMETV0.1/Drivers/STM32F0xx_HAL_Driver/Inc" -I"C:/Users/Balazs/Documents/STM32/PWRMET_24G/Soft/PWRMETV0.1/Drivers/STM32F0xx_HAL_Driver/Inc/Legacy" -I"C:/Users/Balazs/Documents/STM32/PWRMET_24G/Soft/PWRMETV0.1/Drivers/CMSIS/Device/ST/STM32F0xx/Include" -I"C:/Users/Balazs/Documents/STM32/PWRMET_24G/Soft/PWRMETV0.1/Drivers/CMSIS/Include"  -Og -g3 -Wall -fmessage-length=0 -ffunction-sections -c -fmessage-length=0 -MMD -MP -MF"Drivers/STM32F0xx_HAL_Driver/stm32f0xx_hal_rcc_ex.d" -MT"Drivers/STM32F0xx_HAL_Driver/stm32f0xx_hal_rcc_ex.o" -o "Drivers/STM32F0xx_HAL_Driver/stm32f0xx_hal_rcc_ex.o" "C:/Users/Balazs/Documents/STM32/PWRMET_24G/Soft/PWRMETV0.1/Drivers/STM32F0xx_HAL_Driver/Src/stm32f0xx_hal_rcc_ex.c"
Finished building: C:/Users/Balazs/Documents/STM32/PWRMET_24G/Soft/PWRMETV0.1/Drivers/STM32F0xx_HAL_Driver/Src/stm32f0xx_hal_rcc_ex.c
 
Building file: C:/Users/Balazs/Documents/STM32/PWRMET_24G/Soft/PWRMETV0.1/Drivers/STM32F0xx_HAL_Driver/Src/stm32f0xx_hal_spi.c
Invoking: MCU GCC Compiler
%cd%
arm-none-eabi-gcc -mcpu=cortex-m0 -mthumb -mfloat-abi=soft '-D__weak=__attribute__((weak))' '-D__packed=__attribute__((__packed__))' -DUSE_HAL_DRIVER -DSTM32F030x6 -I"C:/Users/Balazs/Documents/STM32/PWRMET_24G/Soft/PWRMETV0.1/Inc" -I"C:/Users/Balazs/Documents/STM32/PWRMET_24G/Soft/PWRMETV0.1/Drivers/STM32F0xx_HAL_Driver/Inc" -I"C:/Users/Balazs/Documents/STM32/PWRMET_24G/Soft/PWRMETV0.1/Drivers/STM32F0xx_HAL_Driver/Inc/Legacy" -I"C:/Users/Balazs/Documents/STM32/PWRMET_24G/Soft/PWRMETV0.1/Drivers/CMSIS/Device/ST/STM32F0xx/Include" -I"C:/Users/Balazs/Documents/STM32/PWRMET_24G/Soft/PWRMETV0.1/Drivers/CMSIS/Include"  -Og -g3 -Wall -fmessage-length=0 -ffunction-sections -c -fmessage-length=0 -MMD -MP -MF"Drivers/STM32F0xx_HAL_Driver/stm32f0xx_hal_spi.d" -MT"Drivers/STM32F0xx_HAL_Driver/stm32f0xx_hal_spi.o" -o "Drivers/STM32F0xx_HAL_Driver/stm32f0xx_hal_spi.o" "C:/Users/Balazs/Documents/STM32/PWRMET_24G/Soft/PWRMETV0.1/Drivers/STM32F0xx_HAL_Driver/Src/stm32f0xx_hal_spi.c"
Finished building: C:/Users/Balazs/Documents/STM32/PWRMET_24G/Soft/PWRMETV0.1/Drivers/STM32F0xx_HAL_Driver/Src/stm32f0xx_hal_spi.c
 
Building file: C:/Users/Balazs/Documents/STM32/PWRMET_24G/Soft/PWRMETV0.1/Drivers/STM32F0xx_HAL_Driver/Src/stm32f0xx_hal_spi_ex.c
Invoking: MCU GCC Compiler
%cd%
arm-none-eabi-gcc -mcpu=cortex-m0 -mthumb -mfloat-abi=soft '-D__weak=__attribute__((weak))' '-D__packed=__attribute__((__packed__))' -DUSE_HAL_DRIVER -DSTM32F030x6 -I"C:/Users/Balazs/Documents/STM32/PWRMET_24G/Soft/PWRMETV0.1/Inc" -I"C:/Users/Balazs/Documents/STM32/PWRMET_24G/Soft/PWRMETV0.1/Drivers/STM32F0xx_HAL_Driver/Inc" -I"C:/Users/Balazs/Documents/STM32/PWRMET_24G/Soft/PWRMETV0.1/Drivers/STM32F0xx_HAL_Driver/Inc/Legacy" -I"C:/Users/Balazs/Documents/STM32/PWRMET_24G/Soft/PWRMETV0.1/Drivers/CMSIS/Device/ST/STM32F0xx/Include" -I"C:/Users/Balazs/Documents/STM32/PWRMET_24G/Soft/PWRMETV0.1/Drivers/CMSIS/Include"  -Og -g3 -Wall -fmessage-length=0 -ffunction-sections -c -fmessage-length=0 -MMD -MP -MF"Drivers/STM32F0xx_HAL_Driver/stm32f0xx_hal_spi_ex.d" -MT"Drivers/STM32F0xx_HAL_Driver/stm32f0xx_hal_spi_ex.o" -o "Drivers/STM32F0xx_HAL_Driver/stm32f0xx_hal_spi_ex.o" "C:/Users/Balazs/Documents/STM32/PWRMET_24G/Soft/PWRMETV0.1/Drivers/STM32F0xx_HAL_Driver/Src/stm32f0xx_hal_spi_ex.c"
Finished building: C:/Users/Balazs/Documents/STM32/PWRMET_24G/Soft/PWRMETV0.1/Drivers/STM32F0xx_HAL_Driver/Src/stm32f0xx_hal_spi_ex.c
 
Building file: C:/Users/Balazs/Documents/STM32/PWRMET_24G/Soft/PWRMETV0.1/Drivers/STM32F0xx_HAL_Driver/Src/stm32f0xx_hal_tim.c
Invoking: MCU GCC Compiler
%cd%
arm-none-eabi-gcc -mcpu=cortex-m0 -mthumb -mfloat-abi=soft '-D__weak=__attribute__((weak))' '-D__packed=__attribute__((__packed__))' -DUSE_HAL_DRIVER -DSTM32F030x6 -I"C:/Users/Balazs/Documents/STM32/PWRMET_24G/Soft/PWRMETV0.1/Inc" -I"C:/Users/Balazs/Documents/STM32/PWRMET_24G/Soft/PWRMETV0.1/Drivers/STM32F0xx_HAL_Driver/Inc" -I"C:/Users/Balazs/Documents/STM32/PWRMET_24G/Soft/PWRMETV0.1/Drivers/STM32F0xx_HAL_Driver/Inc/Legacy" -I"C:/Users/Balazs/Documents/STM32/PWRMET_24G/Soft/PWRMETV0.1/Drivers/CMSIS/Device/ST/STM32F0xx/Include" -I"C:/Users/Balazs/Documents/STM32/PWRMET_24G/Soft/PWRMETV0.1/Drivers/CMSIS/Include"  -Og -g3 -Wall -fmessage-length=0 -ffunction-sections -c -fmessage-length=0 -MMD -MP -MF"Drivers/STM32F0xx_HAL_Driver/stm32f0xx_hal_tim.d" -MT"Drivers/STM32F0xx_HAL_Driver/stm32f0xx_hal_tim.o" -o "Drivers/STM32F0xx_HAL_Driver/stm32f0xx_hal_tim.o" "C:/Users/Balazs/Documents/STM32/PWRMET_24G/Soft/PWRMETV0.1/Drivers/STM32F0xx_HAL_Driver/Src/stm32f0xx_hal_tim.c"
Finished building: C:/Users/Balazs/Documents/STM32/PWRMET_24G/Soft/PWRMETV0.1/Drivers/STM32F0xx_HAL_Driver/Src/stm32f0xx_hal_tim.c
 
Building file: C:/Users/Balazs/Documents/STM32/PWRMET_24G/Soft/PWRMETV0.1/Drivers/STM32F0xx_HAL_Driver/Src/stm32f0xx_hal_tim_ex.c
Invoking: MCU GCC Compiler
%cd%
arm-none-eabi-gcc -mcpu=cortex-m0 -mthumb -mfloat-abi=soft '-D__weak=__attribute__((weak))' '-D__packed=__attribute__((__packed__))' -DUSE_HAL_DRIVER -DSTM32F030x6 -I"C:/Users/Balazs/Documents/STM32/PWRMET_24G/Soft/PWRMETV0.1/Inc" -I"C:/Users/Balazs/Documents/STM32/PWRMET_24G/Soft/PWRMETV0.1/Drivers/STM32F0xx_HAL_Driver/Inc" -I"C:/Users/Balazs/Documents/STM32/PWRMET_24G/Soft/PWRMETV0.1/Drivers/STM32F0xx_HAL_Driver/Inc/Legacy" -I"C:/Users/Balazs/Documents/STM32/PWRMET_24G/Soft/PWRMETV0.1/Drivers/CMSIS/Device/ST/STM32F0xx/Include" -I"C:/Users/Balazs/Documents/STM32/PWRMET_24G/Soft/PWRMETV0.1/Drivers/CMSIS/Include"  -Og -g3 -Wall -fmessage-length=0 -ffunction-sections -c -fmessage-length=0 -MMD -MP -MF"Drivers/STM32F0xx_HAL_Driver/stm32f0xx_hal_tim_ex.d" -MT"Drivers/STM32F0xx_HAL_Driver/stm32f0xx_hal_tim_ex.o" -o "Drivers/STM32F0xx_HAL_Driver/stm32f0xx_hal_tim_ex.o" "C:/Users/Balazs/Documents/STM32/PWRMET_24G/Soft/PWRMETV0.1/Drivers/STM32F0xx_HAL_Driver/Src/stm32f0xx_hal_tim_ex.c"
Finished building: C:/Users/Balazs/Documents/STM32/PWRMET_24G/Soft/PWRMETV0.1/Drivers/STM32F0xx_HAL_Driver/Src/stm32f0xx_hal_tim_ex.c
 
Building file: C:/Users/Balazs/Documents/STM32/PWRMET_24G/Soft/PWRMETV0.1/Drivers/STM32F0xx_HAL_Driver/Src/stm32f0xx_hal_uart.c
Invoking: MCU GCC Compiler
%cd%
arm-none-eabi-gcc -mcpu=cortex-m0 -mthumb -mfloat-abi=soft '-D__weak=__attribute__((weak))' '-D__packed=__attribute__((__packed__))' -DUSE_HAL_DRIVER -DSTM32F030x6 -I"C:/Users/Balazs/Documents/STM32/PWRMET_24G/Soft/PWRMETV0.1/Inc" -I"C:/Users/Balazs/Documents/STM32/PWRMET_24G/Soft/PWRMETV0.1/Drivers/STM32F0xx_HAL_Driver/Inc" -I"C:/Users/Balazs/Documents/STM32/PWRMET_24G/Soft/PWRMETV0.1/Drivers/STM32F0xx_HAL_Driver/Inc/Legacy" -I"C:/Users/Balazs/Documents/STM32/PWRMET_24G/Soft/PWRMETV0.1/Drivers/CMSIS/Device/ST/STM32F0xx/Include" -I"C:/Users/Balazs/Documents/STM32/PWRMET_24G/Soft/PWRMETV0.1/Drivers/CMSIS/Include"  -Og -g3 -Wall -fmessage-length=0 -ffunction-sections -c -fmessage-length=0 -MMD -MP -MF"Drivers/STM32F0xx_HAL_Driver/stm32f0xx_hal_uart.d" -MT"Drivers/STM32F0xx_HAL_Driver/stm32f0xx_hal_uart.o" -o "Drivers/STM32F0xx_HAL_Driver/stm32f0xx_hal_uart.o" "C:/Users/Balazs/Documents/STM32/PWRMET_24G/Soft/PWRMETV0.1/Drivers/STM32F0xx_HAL_Driver/Src/stm32f0xx_hal_uart.c"
Finished building: C:/Users/Balazs/Documents/STM32/PWRMET_24G/Soft/PWRMETV0.1/Drivers/STM32F0xx_HAL_Driver/Src/stm32f0xx_hal_uart.c
 
Building file: C:/Users/Balazs/Documents/STM32/PWRMET_24G/Soft/PWRMETV0.1/Drivers/STM32F0xx_HAL_Driver/Src/stm32f0xx_hal_uart_ex.c
Invoking: MCU GCC Compiler
%cd%
arm-none-eabi-gcc -mcpu=cortex-m0 -mthumb -mfloat-abi=soft '-D__weak=__attribute__((weak))' '-D__packed=__attribute__((__packed__))' -DUSE_HAL_DRIVER -DSTM32F030x6 -I"C:/Users/Balazs/Documents/STM32/PWRMET_24G/Soft/PWRMETV0.1/Inc" -I"C:/Users/Balazs/Documents/STM32/PWRMET_24G/Soft/PWRMETV0.1/Drivers/STM32F0xx_HAL_Driver/Inc" -I"C:/Users/Balazs/Documents/STM32/PWRMET_24G/Soft/PWRMETV0.1/Drivers/STM32F0xx_HAL_Driver/Inc/Legacy" -I"C:/Users/Balazs/Documents/STM32/PWRMET_24G/Soft/PWRMETV0.1/Drivers/CMSIS/Device/ST/STM32F0xx/Include" -I"C:/Users/Balazs/Documents/STM32/PWRMET_24G/Soft/PWRMETV0.1/Drivers/CMSIS/Include"  -Og -g3 -Wall -fmessage-length=0 -ffunction-sections -c -fmessage-length=0 -MMD -MP -MF"Drivers/STM32F0xx_HAL_Driver/stm32f0xx_hal_uart_ex.d" -MT"Drivers/STM32F0xx_HAL_Driver/stm32f0xx_hal_uart_ex.o" -o "Drivers/STM32F0xx_HAL_Driver/stm32f0xx_hal_uart_ex.o" "C:/Users/Balazs/Documents/STM32/PWRMET_24G/Soft/PWRMETV0.1/Drivers/STM32F0xx_HAL_Driver/Src/stm32f0xx_hal_uart_ex.c"
Finished building: C:/Users/Balazs/Documents/STM32/PWRMET_24G/Soft/PWRMETV0.1/Drivers/STM32F0xx_HAL_Driver/Src/stm32f0xx_hal_uart_ex.c
 
Building file: C:/Users/Balazs/Documents/STM32/PWRMET_24G/Soft/PWRMETV0.1/Src/system_stm32f0xx.c
Invoking: MCU GCC Compiler
%cd%
arm-none-eabi-gcc -mcpu=cortex-m0 -mthumb -mfloat-abi=soft '-D__weak=__attribute__((weak))' '-D__packed=__attribute__((__packed__))' -DUSE_HAL_DRIVER -DSTM32F030x6 -I"C:/Users/Balazs/Documents/STM32/PWRMET_24G/Soft/PWRMETV0.1/Inc" -I"C:/Users/Balazs/Documents/STM32/PWRMET_24G/Soft/PWRMETV0.1/Drivers/STM32F0xx_HAL_Driver/Inc" -I"C:/Users/Balazs/Documents/STM32/PWRMET_24G/Soft/PWRMETV0.1/Drivers/STM32F0xx_HAL_Driver/Inc/Legacy" -I"C:/Users/Balazs/Documents/STM32/PWRMET_24G/Soft/PWRMETV0.1/Drivers/CMSIS/Device/ST/STM32F0xx/Include" -I"C:/Users/Balazs/Documents/STM32/PWRMET_24G/Soft/PWRMETV0.1/Drivers/CMSIS/Include"  -Og -g3 -Wall -fmessage-length=0 -ffunction-sections -c -fmessage-length=0 -MMD -MP -MF"Drivers/CMSIS/system_stm32f0xx.d" -MT"Drivers/CMSIS/system_stm32f0xx.o" -o "Drivers/CMSIS/system_stm32f0xx.o" "C:/Users/Balazs/Documents/STM32/PWRMET_24G/Soft/PWRMETV0.1/Src/system_stm32f0xx.c"
Finished building: C:/Users/Balazs/Documents/STM32/PWRMET_24G/Soft/PWRMETV0.1/Src/system_stm32f0xx.c
 
Building file: C:/Users/Balazs/Documents/STM32/PWRMET_24G/Soft/PWRMETV0.1/Src/gpio.c
Invoking: MCU GCC Compiler
%cd%
arm-none-eabi-gcc -mcpu=cortex-m0 -mthumb -mfloat-abi=soft '-D__weak=__attribute__((weak))' '-D__packed=__attribute__((__packed__))' -DUSE_HAL_DRIVER -DSTM32F030x6 -I"C:/Users/Balazs/Documents/STM32/PWRMET_24G/Soft/PWRMETV0.1/Inc" -I"C:/Users/Balazs/Documents/STM32/PWRMET_24G/Soft/PWRMETV0.1/Drivers/STM32F0xx_HAL_Driver/Inc" -I"C:/Users/Balazs/Documents/STM32/PWRMET_24G/Soft/PWRMETV0.1/Drivers/STM32F0xx_HAL_Driver/Inc/Legacy" -I"C:/Users/Balazs/Documents/STM32/PWRMET_24G/Soft/PWRMETV0.1/Drivers/CMSIS/Device/ST/STM32F0xx/Include" -I"C:/Users/Balazs/Documents/STM32/PWRMET_24G/Soft/PWRMETV0.1/Drivers/CMSIS/Include"  -Og -g3 -Wall -fmessage-length=0 -ffunction-sections -c -fmessage-length=0 -MMD -MP -MF"Application/User/gpio.d" -MT"Application/User/gpio.o" -o "Application/User/gpio.o" "C:/Users/Balazs/Documents/STM32/PWRMET_24G/Soft/PWRMETV0.1/Src/gpio.c"
Finished building: C:/Users/Balazs/Documents/STM32/PWRMET_24G/Soft/PWRMETV0.1/Src/gpio.c
 
Building file: C:/Users/Balazs/Documents/STM32/PWRMET_24G/Soft/PWRMETV0.1/Src/main.c
Invoking: MCU GCC Compiler
%cd%
arm-none-eabi-gcc -mcpu=cortex-m0 -mthumb -mfloat-abi=soft '-D__weak=__attribute__((weak))' '-D__packed=__attribute__((__packed__))' -DUSE_HAL_DRIVER -DSTM32F030x6 -I"C:/Users/Balazs/Documents/STM32/PWRMET_24G/Soft/PWRMETV0.1/Inc" -I"C:/Users/Balazs/Documents/STM32/PWRMET_24G/Soft/PWRMETV0.1/Drivers/STM32F0xx_HAL_Driver/Inc" -I"C:/Users/Balazs/Documents/STM32/PWRMET_24G/Soft/PWRMETV0.1/Drivers/STM32F0xx_HAL_Driver/Inc/Legacy" -I"C:/Users/Balazs/Documents/STM32/PWRMET_24G/Soft/PWRMETV0.1/Drivers/CMSIS/Device/ST/STM32F0xx/Include" -I"C:/Users/Balazs/Documents/STM32/PWRMET_24G/Soft/PWRMETV0.1/Drivers/CMSIS/Include"  -Og -g3 -Wall -fmessage-length=0 -ffunction-sections -c -fmessage-length=0 -MMD -MP -MF"Application/User/main.d" -MT"Application/User/main.o" -o "Application/User/main.o" "C:/Users/Balazs/Documents/STM32/PWRMET_24G/Soft/PWRMETV0.1/Src/main.c"
Finished building: C:/Users/Balazs/Documents/STM32/PWRMET_24G/Soft/PWRMETV0.1/Src/main.c
 
Building file: C:/Users/Balazs/Documents/STM32/PWRMET_24G/Soft/PWRMETV0.1/Src/spi.c
Invoking: MCU GCC Compiler
%cd%
arm-none-eabi-gcc -mcpu=cortex-m0 -mthumb -mfloat-abi=soft '-D__weak=__attribute__((weak))' '-D__packed=__attribute__((__packed__))' -DUSE_HAL_DRIVER -DSTM32F030x6 -I"C:/Users/Balazs/Documents/STM32/PWRMET_24G/Soft/PWRMETV0.1/Inc" -I"C:/Users/Balazs/Documents/STM32/PWRMET_24G/Soft/PWRMETV0.1/Drivers/STM32F0xx_HAL_Driver/Inc" -I"C:/Users/Balazs/Documents/STM32/PWRMET_24G/Soft/PWRMETV0.1/Drivers/STM32F0xx_HAL_Driver/Inc/Legacy" -I"C:/Users/Balazs/Documents/STM32/PWRMET_24G/Soft/PWRMETV0.1/Drivers/CMSIS/Device/ST/STM32F0xx/Include" -I"C:/Users/Balazs/Documents/STM32/PWRMET_24G/Soft/PWRMETV0.1/Drivers/CMSIS/Include"  -Og -g3 -Wall -fmessage-length=0 -ffunction-sections -c -fmessage-length=0 -MMD -MP -MF"Application/User/spi.d" -MT"Application/User/spi.o" -o "Application/User/spi.o" "C:/Users/Balazs/Documents/STM32/PWRMET_24G/Soft/PWRMETV0.1/Src/spi.c"
Finished building: C:/Users/Balazs/Documents/STM32/PWRMET_24G/Soft/PWRMETV0.1/Src/spi.c
 
Building file: C:/Users/Balazs/Documents/STM32/PWRMET_24G/Soft/PWRMETV0.1/Src/stm32f0xx_hal_msp.c
Invoking: MCU GCC Compiler
%cd%
arm-none-eabi-gcc -mcpu=cortex-m0 -mthumb -mfloat-abi=soft '-D__weak=__attribute__((weak))' '-D__packed=__attribute__((__packed__))' -DUSE_HAL_DRIVER -DSTM32F030x6 -I"C:/Users/Balazs/Documents/STM32/PWRMET_24G/Soft/PWRMETV0.1/Inc" -I"C:/Users/Balazs/Documents/STM32/PWRMET_24G/Soft/PWRMETV0.1/Drivers/STM32F0xx_HAL_Driver/Inc" -I"C:/Users/Balazs/Documents/STM32/PWRMET_24G/Soft/PWRMETV0.1/Drivers/STM32F0xx_HAL_Driver/Inc/Legacy" -I"C:/Users/Balazs/Documents/STM32/PWRMET_24G/Soft/PWRMETV0.1/Drivers/CMSIS/Device/ST/STM32F0xx/Include" -I"C:/Users/Balazs/Documents/STM32/PWRMET_24G/Soft/PWRMETV0.1/Drivers/CMSIS/Include"  -Og -g3 -Wall -fmessage-length=0 -ffunction-sections -c -fmessage-length=0 -MMD -MP -MF"Application/User/stm32f0xx_hal_msp.d" -MT"Application/User/stm32f0xx_hal_msp.o" -o "Application/User/stm32f0xx_hal_msp.o" "C:/Users/Balazs/Documents/STM32/PWRMET_24G/Soft/PWRMETV0.1/Src/stm32f0xx_hal_msp.c"
Finished building: C:/Users/Balazs/Documents/STM32/PWRMET_24G/Soft/PWRMETV0.1/Src/stm32f0xx_hal_msp.c
 
Building file: C:/Users/Balazs/Documents/STM32/PWRMET_24G/Soft/PWRMETV0.1/Src/stm32f0xx_it.c
Invoking: MCU GCC Compiler
%cd%
arm-none-eabi-gcc -mcpu=cortex-m0 -mthumb -mfloat-abi=soft '-D__weak=__attribute__((weak))' '-D__packed=__attribute__((__packed__))' -DUSE_HAL_DRIVER -DSTM32F030x6 -I"C:/Users/Balazs/Documents/STM32/PWRMET_24G/Soft/PWRMETV0.1/Inc" -I"C:/Users/Balazs/Documents/STM32/PWRMET_24G/Soft/PWRMETV0.1/Drivers/STM32F0xx_HAL_Driver/Inc" -I"C:/Users/Balazs/Documents/STM32/PWRMET_24G/Soft/PWRMETV0.1/Drivers/STM32F0xx_HAL_Driver/Inc/Legacy" -I"C:/Users/Balazs/Documents/STM32/PWRMET_24G/Soft/PWRMETV0.1/Drivers/CMSIS/Device/ST/STM32F0xx/Include" -I"C:/Users/Balazs/Documents/STM32/PWRMET_24G/Soft/PWRMETV0.1/Drivers/CMSIS/Include"  -Og -g3 -Wall -fmessage-length=0 -ffunction-sections -c -fmessage-length=0 -MMD -MP -MF"Application/User/stm32f0xx_it.d" -MT"Application/User/stm32f0xx_it.o" -o "Application/User/stm32f0xx_it.o" "C:/Users/Balazs/Documents/STM32/PWRMET_24G/Soft/PWRMETV0.1/Src/stm32f0xx_it.c"
Finished building: C:/Users/Balazs/Documents/STM32/PWRMET_24G/Soft/PWRMETV0.1/Src/stm32f0xx_it.c
 
Building file: C:/Users/Balazs/Documents/STM32/PWRMET_24G/Soft/PWRMETV0.1/Src/tim.c
Invoking: MCU GCC Compiler
%cd%
arm-none-eabi-gcc -mcpu=cortex-m0 -mthumb -mfloat-abi=soft '-D__weak=__attribute__((weak))' '-D__packed=__attribute__((__packed__))' -DUSE_HAL_DRIVER -DSTM32F030x6 -I"C:/Users/Balazs/Documents/STM32/PWRMET_24G/Soft/PWRMETV0.1/Inc" -I"C:/Users/Balazs/Documents/STM32/PWRMET_24G/Soft/PWRMETV0.1/Drivers/STM32F0xx_HAL_Driver/Inc" -I"C:/Users/Balazs/Documents/STM32/PWRMET_24G/Soft/PWRMETV0.1/Drivers/STM32F0xx_HAL_Driver/Inc/Legacy" -I"C:/Users/Balazs/Documents/STM32/PWRMET_24G/Soft/PWRMETV0.1/Drivers/CMSIS/Device/ST/STM32F0xx/Include" -I"C:/Users/Balazs/Documents/STM32/PWRMET_24G/Soft/PWRMETV0.1/Drivers/CMSIS/Include"  -Og -g3 -Wall -fmessage-length=0 -ffunction-sections -c -fmessage-length=0 -MMD -MP -MF"Application/User/tim.d" -MT"Application/User/tim.o" -o "Application/User/tim.o" "C:/Users/Balazs/Documents/STM32/PWRMET_24G/Soft/PWRMETV0.1/Src/tim.c"
Finished building: C:/Users/Balazs/Documents/STM32/PWRMET_24G/Soft/PWRMETV0.1/Src/tim.c
 
Building file: C:/Users/Balazs/Documents/STM32/PWRMET_24G/Soft/PWRMETV0.1/Src/usart.c
Invoking: MCU GCC Compiler
%cd%
arm-none-eabi-gcc -mcpu=cortex-m0 -mthumb -mfloat-abi=soft '-D__weak=__attribute__((weak))' '-D__packed=__attribute__((__packed__))' -DUSE_HAL_DRIVER -DSTM32F030x6 -I"C:/Users/Balazs/Documents/STM32/PWRMET_24G/Soft/PWRMETV0.1/Inc" -I"C:/Users/Balazs/Documents/STM32/PWRMET_24G/Soft/PWRMETV0.1/Drivers/STM32F0xx_HAL_Driver/Inc" -I"C:/Users/Balazs/Documents/STM32/PWRMET_24G/Soft/PWRMETV0.1/Drivers/STM32F0xx_HAL_Driver/Inc/Legacy" -I"C:/Users/Balazs/Documents/STM32/PWRMET_24G/Soft/PWRMETV0.1/Drivers/CMSIS/Device/ST/STM32F0xx/Include" -I"C:/Users/Balazs/Documents/STM32/PWRMET_24G/Soft/PWRMETV0.1/Drivers/CMSIS/Include"  -Og -g3 -Wall -fmessage-length=0 -ffunction-sections -c -fmessage-length=0 -MMD -MP -MF"Application/User/usart.d" -MT"Application/User/usart.o" -o "Application/User/usart.o" "C:/Users/Balazs/Documents/STM32/PWRMET_24G/Soft/PWRMETV0.1/Src/usart.c"
Finished building: C:/Users/Balazs/Documents/STM32/PWRMET_24G/Soft/PWRMETV0.1/Src/usart.c
 
Building file: C:/Users/Balazs/Documents/STM32/PWRMET_24G/Soft/PWRMETV0.1/SW4STM32/startup_stm32f030x6.s
Invoking: MCU GCC Assembler
%cd%
arm-none-eabi-as -mcpu=cortex-m0 -mthumb -mfloat-abi=soft -g -o "Application/SW4STM32/startup_stm32f030x6.o" "C:/Users/Balazs/Documents/STM32/PWRMET_24G/Soft/PWRMETV0.1/SW4STM32/startup_stm32f030x6.s"
Finished building: C:/Users/Balazs/Documents/STM32/PWRMET_24G/Soft/PWRMETV0.1/SW4STM32/startup_stm32f030x6.s
 
Building target: PWRMETV0.1.elf
Invoking: MCU GCC Linker
arm-none-eabi-gcc -mcpu=cortex-m0 -mthumb -mfloat-abi=soft -specs=nosys.specs -specs=nano.specs -T"../STM32F030F4Px_FLASH.ld" -Wl,-Map=output.map -Wl,--gc-sections -lm -o "PWRMETV0.1.elf" @"objects.list"  
Finished building target: PWRMETV0.1.elf
 
make --no-print-directory post-build
Generating binary and Printing size information:
arm-none-eabi-objcopy -O binary "PWRMETV0.1.elf" "PWRMETV0.1.bin"
arm-none-eabi-size "PWRMETV0.1.elf"
   text	   data	    bss	    dec	    hex	filename
   6628	     12	   1844	   8484	   2124	PWRMETV0.1.elf
 
10:29:24 **** Incremental Build of configuration Debug for project PWRMETV0.1 ****
make all 
make: Nothing to be done for `all'.
10:31:29 **** Incremental Build of configuration Debug for project PWRMETV0.1 ****
make all 
make: Nothing to be done for `all'.
10:32:38 **** Incremental Build of configuration Debug for project PWRMETV0.1 ****
make all 
Building file: C:/Users/Balazs/Documents/STM32/PWRMET_24G/Soft/PWRMETV0.1/Src/main.c
Invoking: MCU GCC Compiler
%cd%
arm-none-eabi-gcc -mcpu=cortex-m0 -mthumb -mfloat-abi=soft '-D__weak=__attribute__((weak))' '-D__packed=__attribute__((__packed__))' -DUSE_HAL_DRIVER -DSTM32F030x6 -I"C:/Users/Balazs/Documents/STM32/PWRMET_24G/Soft/PWRMETV0.1/Inc" -I"C:/Users/Balazs/Documents/STM32/PWRMET_24G/Soft/PWRMETV0.1/Drivers/STM32F0xx_HAL_Driver/Inc" -I"C:/Users/Balazs/Documents/STM32/PWRMET_24G/Soft/PWRMETV0.1/Drivers/STM32F0xx_HAL_Driver/Inc/Legacy" -I"C:/Users/Balazs/Documents/STM32/PWRMET_24G/Soft/PWRMETV0.1/Drivers/CMSIS/Device/ST/STM32F0xx/Include" -I"C:/Users/Balazs/Documents/STM32/PWRMET_24G/Soft/PWRMETV0.1/Drivers/CMSIS/Include"  -Og -g3 -Wall -fmessage-length=0 -ffunction-sections -c -fmessage-length=0 -MMD -MP -MF"Application/User/main.d" -MT"Application/User/main.o" -o "Application/User/main.o" "C:/Users/Balazs/Documents/STM32/PWRMET_24G/Soft/PWRMETV0.1/Src/main.c"
C:/Users/Balazs/Documents/STM32/PWRMET_24G/Soft/PWRMETV0.1/Src/main.c:40:29: fatal error: tm_stm32_nrf24l01: No such file or directory
compilation terminated.
make: *** [Application/User/main.o] Error 1
10:33:43 **** Incremental Build of configuration Debug for project PWRMETV0.1 ****
make all 
Building file: C:/Users/Balazs/Documents/STM32/PWRMET_24G/Soft/PWRMETV0.1/Src/main.c
Invoking: MCU GCC Compiler
%cd%
arm-none-eabi-gcc -mcpu=cortex-m0 -mthumb -mfloat-abi=soft '-D__weak=__attribute__((weak))' '-D__packed=__attribute__((__packed__))' -DUSE_HAL_DRIVER -DSTM32F030x6 -I"C:/Users/Balazs/Documents/STM32/PWRMET_24G/Soft/PWRMETV0.1/Inc" -I"C:/Users/Balazs/Documents/STM32/PWRMET_24G/Soft/PWRMETV0.1/Drivers/STM32F0xx_HAL_Driver/Inc" -I"C:/Users/Balazs/Documents/STM32/PWRMET_24G/Soft/PWRMETV0.1/Drivers/STM32F0xx_HAL_Driver/Inc/Legacy" -I"C:/Users/Balazs/Documents/STM32/PWRMET_24G/Soft/PWRMETV0.1/Drivers/CMSIS/Device/ST/STM32F0xx/Include" -I"C:/Users/Balazs/Documents/STM32/PWRMET_24G/Soft/PWRMETV0.1/Drivers/CMSIS/Include"  -Og -g3 -Wall -fmessage-length=0 -ffunction-sections -c -fmessage-length=0 -MMD -MP -MF"Application/User/main.d" -MT"Application/User/main.o" -o "Application/User/main.o" "C:/Users/Balazs/Documents/STM32/PWRMET_24G/Soft/PWRMETV0.1/Src/main.c"
In file included from C:/Users/Balazs/Documents/STM32/PWRMET_24G/Soft/PWRMETV0.1/Src/main.c:40:0:
C:/Users/Balazs/Documents/STM32/PWRMET_24G/Soft/PWRMETV0.1/Inc/tm_stm32_nrf24l01.h:114:27: fatal error: stm32fxxx_hal.h: No such file or directory
compilation terminated.
make: *** [Application/User/main.o] Error 1
11:59:35 **** Incremental Build of configuration Debug for project PWRMETV0.1 ****
make all 
Building file: C:/Users/Balazs/Documents/STM32/PWRMET_24G/Soft/PWRMETV0.1/Src/main.c
Invoking: MCU GCC Compiler
%cd%
arm-none-eabi-gcc -mcpu=cortex-m0 -mthumb -mfloat-abi=soft '-D__weak=__attribute__((weak))' '-D__packed=__attribute__((__packed__))' -DUSE_HAL_DRIVER -DSTM32F030x6 -I"C:/Users/Balazs/Documents/STM32/PWRMET_24G/Soft/PWRMETV0.1/Inc" -I"C:/Users/Balazs/Documents/STM32/PWRMET_24G/Soft/PWRMETV0.1/Drivers/STM32F0xx_HAL_Driver/Inc" -I"C:/Users/Balazs/Documents/STM32/PWRMET_24G/Soft/PWRMETV0.1/Drivers/STM32F0xx_HAL_Driver/Inc/Legacy" -I"C:/Users/Balazs/Documents/STM32/PWRMET_24G/Soft/PWRMETV0.1/Drivers/CMSIS/Device/ST/STM32F0xx/Include" -I"C:/Users/Balazs/Documents/STM32/PWRMET_24G/Soft/PWRMETV0.1/Drivers/CMSIS/Include"  -Og -g3 -Wall -fmessage-length=0 -ffunction-sections -c -fmessage-length=0 -MMD -MP -MF"Application/User/main.d" -MT"Application/User/main.o" -o "Application/User/main.o" "C:/Users/Balazs/Documents/STM32/PWRMET_24G/Soft/PWRMETV0.1/Src/main.c"
Finished building: C:/Users/Balazs/Documents/STM32/PWRMET_24G/Soft/PWRMETV0.1/Src/main.c
 
Building file: ../Application/User/nrf24l01.c
Invoking: MCU GCC Compiler
%cd%
arm-none-eabi-gcc -mcpu=cortex-m0 -mthumb -mfloat-abi=soft '-D__weak=__attribute__((weak))' '-D__packed=__attribute__((__packed__))' -DUSE_HAL_DRIVER -DSTM32F030x6 -I"C:/Users/Balazs/Documents/STM32/PWRMET_24G/Soft/PWRMETV0.1/Inc" -I"C:/Users/Balazs/Documents/STM32/PWRMET_24G/Soft/PWRMETV0.1/Drivers/STM32F0xx_HAL_Driver/Inc" -I"C:/Users/Balazs/Documents/STM32/PWRMET_24G/Soft/PWRMETV0.1/Drivers/STM32F0xx_HAL_Driver/Inc/Legacy" -I"C:/Users/Balazs/Documents/STM32/PWRMET_24G/Soft/PWRMETV0.1/Drivers/CMSIS/Device/ST/STM32F0xx/Include" -I"C:/Users/Balazs/Documents/STM32/PWRMET_24G/Soft/PWRMETV0.1/Drivers/CMSIS/Include"  -Og -g3 -Wall -fmessage-length=0 -ffunction-sections -c -fmessage-length=0 -MMD -MP -MF"Application/User/nrf24l01.d" -MT"Application/User/nrf24l01.o" -o "Application/User/nrf24l01.o" "../Application/User/nrf24l01.c"
../Application/User/nrf24l01.c: In function 'NRF24L01_SpiInit':
../Application/User/nrf24l01.c:367:19: warning: unused variable 'GPIO_InitStruct' [-Wunused-variable]
  GPIO_InitTypeDef GPIO_InitStruct;
                   ^
../Application/User/nrf24l01.c: In function 'NRF24L01_Read':
../Application/User/nrf24l01.c:1003:2: warning: implicit declaration of function 'memcpy' [-Wimplicit-function-declaration]
  memcpy( data, &rxBuffer[1], NRF24L01_Struct.PayloadSize );
  ^
../Application/User/nrf24l01.c:1003:2: warning: incompatible implicit declaration of built-in function 'memcpy'
../Application/User/nrf24l01.c:1003:2: note: include '<string.h>' or provide a declaration of 'memcpy'
../Application/User/nrf24l01.c:995:2: warning: 'rxBuffer' is used uninitialized in this function [-Wuninitialized]
  HAL_SPI_TransmitReceive( NRF24L01_Struct.hspi, txBuffer, rxBuffer, (NRF24L01_Struct.PayloadSize+1), NRF24L01_SPI_TIMEOUT );    // (TROCAR) ordem caso de erro
  ^
Finished building: ../Application/User/nrf24l01.c
 
Building target: PWRMETV0.1.elf
Invoking: MCU GCC Linker
arm-none-eabi-gcc -mcpu=cortex-m0 -mthumb -mfloat-abi=soft -specs=nosys.specs -specs=nano.specs -T"../STM32F030F4Px_FLASH.ld" -Wl,-Map=output.map -Wl,--gc-sections -lm -o "PWRMETV0.1.elf" @"objects.list"  
Finished building target: PWRMETV0.1.elf
 
make --no-print-directory post-build
Generating binary and Printing size information:
arm-none-eabi-objcopy -O binary "PWRMETV0.1.elf" "PWRMETV0.1.bin"
arm-none-eabi-size "PWRMETV0.1.elf"
   text	   data	    bss	    dec	    hex	filename
   9588	     20	   1908	  11516	   2cfc	PWRMETV0.1.elf
 
13:01:02 **** Incremental Build of configuration Debug for project PWRMETV0.1 ****
make all 
Building file: C:/Users/Balazs/Documents/STM32/PWRMET_24G/Soft/PWRMETV0.1/Src/main.c
Invoking: MCU GCC Compiler
%cd%
arm-none-eabi-gcc -mcpu=cortex-m0 -mthumb -mfloat-abi=soft '-D__weak=__attribute__((weak))' '-D__packed=__attribute__((__packed__))' -DUSE_HAL_DRIVER -DSTM32F030x6 -I"C:/Users/Balazs/Documents/STM32/PWRMET_24G/Soft/PWRMETV0.1/Inc" -I"C:/Users/Balazs/Documents/STM32/PWRMET_24G/Soft/PWRMETV0.1/Drivers/STM32F0xx_HAL_Driver/Inc" -I"C:/Users/Balazs/Documents/STM32/PWRMET_24G/Soft/PWRMETV0.1/Drivers/STM32F0xx_HAL_Driver/Inc/Legacy" -I"C:/Users/Balazs/Documents/STM32/PWRMET_24G/Soft/PWRMETV0.1/Drivers/CMSIS/Device/ST/STM32F0xx/Include" -I"C:/Users/Balazs/Documents/STM32/PWRMET_24G/Soft/PWRMETV0.1/Drivers/CMSIS/Include"  -Og -g3 -Wall -fmessage-length=0 -ffunction-sections -c -fmessage-length=0 -MMD -MP -MF"Application/User/main.d" -MT"Application/User/main.o" -o "Application/User/main.o" "C:/Users/Balazs/Documents/STM32/PWRMET_24G/Soft/PWRMETV0.1/Src/main.c"
C:/Users/Balazs/Documents/STM32/PWRMET_24G/Soft/PWRMETV0.1/Src/main.c:52:26: error: 'txPackage' undeclared here (not in a function)
 uint8_t payload = sizeof(txPackage);
                          ^
make: *** [Application/User/main.o] Error 1
13:01:44 **** Incremental Build of configuration Debug for project PWRMETV0.1 ****
make all 
Building file: C:/Users/Balazs/Documents/STM32/PWRMET_24G/Soft/PWRMETV0.1/Src/main.c
Invoking: MCU GCC Compiler
%cd%
arm-none-eabi-gcc -mcpu=cortex-m0 -mthumb -mfloat-abi=soft '-D__weak=__attribute__((weak))' '-D__packed=__attribute__((__packed__))' -DUSE_HAL_DRIVER -DSTM32F030x6 -I"C:/Users/Balazs/Documents/STM32/PWRMET_24G/Soft/PWRMETV0.1/Inc" -I"C:/Users/Balazs/Documents/STM32/PWRMET_24G/Soft/PWRMETV0.1/Drivers/STM32F0xx_HAL_Driver/Inc" -I"C:/Users/Balazs/Documents/STM32/PWRMET_24G/Soft/PWRMETV0.1/Drivers/STM32F0xx_HAL_Driver/Inc/Legacy" -I"C:/Users/Balazs/Documents/STM32/PWRMET_24G/Soft/PWRMETV0.1/Drivers/CMSIS/Device/ST/STM32F0xx/Include" -I"C:/Users/Balazs/Documents/STM32/PWRMET_24G/Soft/PWRMETV0.1/Drivers/CMSIS/Include"  -Og -g3 -Wall -fmessage-length=0 -ffunction-sections -c -fmessage-length=0 -MMD -MP -MF"Application/User/main.d" -MT"Application/User/main.o" -o "Application/User/main.o" "C:/Users/Balazs/Documents/STM32/PWRMET_24G/Soft/PWRMETV0.1/Src/main.c"
Finished building: C:/Users/Balazs/Documents/STM32/PWRMET_24G/Soft/PWRMETV0.1/Src/main.c
 
Building target: PWRMETV0.1.elf
Invoking: MCU GCC Linker
arm-none-eabi-gcc -mcpu=cortex-m0 -mthumb -mfloat-abi=soft -specs=nosys.specs -specs=nano.specs -T"../STM32F030F4Px_FLASH.ld" -Wl,-Map=output.map -Wl,--gc-sections -lm -o "PWRMETV0.1.elf" @"objects.list"  
Finished building target: PWRMETV0.1.elf
 
make --no-print-directory post-build
Generating binary and Printing size information:
arm-none-eabi-objcopy -O binary "PWRMETV0.1.elf" "PWRMETV0.1.bin"
arm-none-eabi-size "PWRMETV0.1.elf"
   text	   data	    bss	    dec	    hex	filename
   9608	     24	   1992	  11624	   2d68	PWRMETV0.1.elf
 
13:22:33 **** Incremental Build of configuration Debug for project PWRMETV0.1 ****
make all 
Building file: C:/Users/Balazs/Documents/STM32/PWRMET_24G/Soft/PWRMETV0.1/Src/main.c
Invoking: MCU GCC Compiler
%cd%
arm-none-eabi-gcc -mcpu=cortex-m0 -mthumb -mfloat-abi=soft '-D__weak=__attribute__((weak))' '-D__packed=__attribute__((__packed__))' -DUSE_HAL_DRIVER -DSTM32F030x6 -I"C:/Users/Balazs/Documents/STM32/PWRMET_24G/Soft/PWRMETV0.1/Inc" -I"C:/Users/Balazs/Documents/STM32/PWRMET_24G/Soft/PWRMETV0.1/Drivers/STM32F0xx_HAL_Driver/Inc" -I"C:/Users/Balazs/Documents/STM32/PWRMET_24G/Soft/PWRMETV0.1/Drivers/STM32F0xx_HAL_Driver/Inc/Legacy" -I"C:/Users/Balazs/Documents/STM32/PWRMET_24G/Soft/PWRMETV0.1/Drivers/CMSIS/Device/ST/STM32F0xx/Include" -I"C:/Users/Balazs/Documents/STM32/PWRMET_24G/Soft/PWRMETV0.1/Drivers/CMSIS/Include"  -Og -g3 -Wall -fmessage-length=0 -ffunction-sections -c -fmessage-length=0 -MMD -MP -MF"Application/User/main.d" -MT"Application/User/main.o" -o "Application/User/main.o" "C:/Users/Balazs/Documents/STM32/PWRMET_24G/Soft/PWRMETV0.1/Src/main.c"
Finished building: C:/Users/Balazs/Documents/STM32/PWRMET_24G/Soft/PWRMETV0.1/Src/main.c
 
Building target: PWRMETV0.1.elf
Invoking: MCU GCC Linker
arm-none-eabi-gcc -mcpu=cortex-m0 -mthumb -mfloat-abi=soft -specs=nosys.specs -specs=nano.specs -T"../STM32F030F4Px_FLASH.ld" -Wl,-Map=output.map -Wl,--gc-sections -lm -o "PWRMETV0.1.elf" @"objects.list"  
Finished building target: PWRMETV0.1.elf
 
make --no-print-directory post-build
Generating binary and Printing size information:
arm-none-eabi-objcopy -O binary "PWRMETV0.1.elf" "PWRMETV0.1.bin"
arm-none-eabi-size "PWRMETV0.1.elf"
   text	   data	    bss	    dec	    hex	filename
   9680	     24	   2000	  11704	   2db8	PWRMETV0.1.elf
 
