13:22:33 **** Incremental Build of configuration Debug for project PWRMETV0.1 ****
make all 
Building file: C:/Users/Balazs/Documents/STM32/PWRMET_24G/Soft/PWRMETV0.1/Src/main.c
Invoking: MCU GCC Compiler
%cd%
arm-none-eabi-gcc -mcpu=cortex-m0 -mthumb -mfloat-abi=soft '-D__weak=__attribute__((weak))' '-D__packed=__attribute__((__packed__))' -DUSE_HAL_DRIVER -DSTM32F030x6 -I"C:/Users/Balazs/Documents/STM32/PWRMET_24G/Soft/PWRMETV0.1/Inc" -I"C:/Users/Balazs/Documents/STM32/PWRMET_24G/Soft/PWRMETV0.1/Drivers/STM32F0xx_HAL_Driver/Inc" -I"C:/Users/Balazs/Documents/STM32/PWRMET_24G/Soft/PWRMETV0.1/Drivers/STM32F0xx_HAL_Driver/Inc/Legacy" -I"C:/Users/Balazs/Documents/STM32/PWRMET_24G/Soft/PWRMETV0.1/Drivers/CMSIS/Device/ST/STM32F0xx/Include" -I"C:/Users/Balazs/Documents/STM32/PWRMET_24G/Soft/PWRMETV0.1/Drivers/CMSIS/Include"  -Og -g3 -Wall -fmessage-length=0 -ffunction-sections -c -fmessage-length=0 -MMD -MP -MF"Application/User/main.d" -MT"Application/User/main.o" -o "Application/User/main.o" "C:/Users/Balazs/Documents/STM32/PWRMET_24G/Soft/PWRMETV0.1/Src/main.c"
Finished building: C:/Users/Balazs/Documents/STM32/PWRMET_24G/Soft/PWRMETV0.1/Src/main.c
 
Building target: PWRMETV0.1.elf
Invoking: MCU GCC Linker
arm-none-eabi-gcc -mcpu=cortex-m0 -mthumb -mfloat-abi=soft -specs=nosys.specs -specs=nano.specs -T"../STM32F030F4Px_FLASH.ld" -Wl,-Map=output.map -Wl,--gc-sections -lm -o "PWRMETV0.1.elf" @"objects.list"  
Finished building target: PWRMETV0.1.elf
 
make --no-print-directory post-build
Generating binary and Printing size information:
arm-none-eabi-objcopy -O binary "PWRMETV0.1.elf" "PWRMETV0.1.bin"
arm-none-eabi-size "PWRMETV0.1.elf"
   text	   data	    bss	    dec	    hex	filename
   9680	     24	   2000	  11704	   2db8	PWRMETV0.1.elf
 

13:22:34 Build Finished (took 1s.431ms)

